/home/sabrina/Documents/experiments/RL_for_pRNN/.venv/lib/python3.10/site-packages/gymnasium/envs/registration.py:694: UserWarning: [33mWARN: Overriding environment MiniGrid-BlockedUnlockPickup-v0 already in registry.[0m
  logger.warn(f"Overriding environment {new_spec.id} already in registry.")
/home/sabrina/Documents/experiments/RL_for_pRNN/.venv/lib/python3.10/site-packages/gymnasium/envs/registration.py:694: UserWarning: [33mWARN: Overriding environment MiniGrid-LavaCrossingS9N1-v0 already in registry.[0m
  logger.warn(f"Overriding environment {new_spec.id} already in registry.")
/home/sabrina/Documents/experiments/RL_for_pRNN/.venv/lib/python3.10/site-packages/gymnasium/envs/registration.py:694: UserWarning: [33mWARN: Overriding environment MiniGrid-LavaCrossingS9N2-v0 already in registry.[0m
  logger.warn(f"Overriding environment {new_spec.id} already in registry.")
/home/sabrina/Documents/experiments/RL_for_pRNN/.venv/lib/python3.10/site-packages/gymnasium/envs/registration.py:694: UserWarning: [33mWARN: Overriding environment MiniGrid-LavaCrossingS9N3-v0 already in registry.[0m
  logger.warn(f"Overriding environment {new_spec.id} already in registry.")
/home/sabrina/Documents/experiments/RL_for_pRNN/.venv/lib/python3.10/site-packages/gymnasium/envs/registration.py:694: UserWarning: [33mWARN: Overriding environment MiniGrid-LavaCrossingS11N5-v0 already in registry.[0m
  logger.warn(f"Overriding environment {new_spec.id} already in registry.")
/home/sabrina/Documents/experiments/RL_for_pRNN/.venv/lib/python3.10/site-packages/gymnasium/envs/registration.py:694: UserWarning: [33mWARN: Overriding environment MiniGrid-SimpleCrossingS9N1-v0 already in registry.[0m
  logger.warn(f"Overriding environment {new_spec.id} already in registry.")
/home/sabrina/Documents/experiments/RL_for_pRNN/.venv/lib/python3.10/site-packages/gymnasium/envs/registration.py:694: UserWarning: [33mWARN: Overriding environment MiniGrid-SimpleCrossingS9N2-v0 already in registry.[0m
  logger.warn(f"Overriding environment {new_spec.id} already in registry.")
/home/sabrina/Documents/experiments/RL_for_pRNN/.venv/lib/python3.10/site-packages/gymnasium/envs/registration.py:694: UserWarning: [33mWARN: Overriding environment MiniGrid-SimpleCrossingS9N3-v0 already in registry.[0m
  logger.warn(f"Overriding environment {new_spec.id} already in registry.")
/home/sabrina/Documents/experiments/RL_for_pRNN/.venv/lib/python3.10/site-packages/gymnasium/envs/registration.py:694: UserWarning: [33mWARN: Overriding environment MiniGrid-SimpleCrossingS11N5-v0 already in registry.[0m
  logger.warn(f"Overriding environment {new_spec.id} already in registry.")
/home/sabrina/Documents/experiments/RL_for_pRNN/.venv/lib/python3.10/site-packages/gymnasium/envs/registration.py:694: UserWarning: [33mWARN: Overriding environment MiniGrid-DistShift1-v0 already in registry.[0m
  logger.warn(f"Overriding environment {new_spec.id} already in registry.")
/home/sabrina/Documents/experiments/RL_for_pRNN/.venv/lib/python3.10/site-packages/gymnasium/envs/registration.py:694: UserWarning: [33mWARN: Overriding environment MiniGrid-DistShift2-v0 already in registry.[0m
  logger.warn(f"Overriding environment {new_spec.id} already in registry.")
/home/sabrina/Documents/experiments/RL_for_pRNN/.venv/lib/python3.10/site-packages/gymnasium/envs/registration.py:694: UserWarning: [33mWARN: Overriding environment MiniGrid-DonutRoom-16x16-v0 already in registry.[0m
  logger.warn(f"Overriding environment {new_spec.id} already in registry.")
/home/sabrina/Documents/experiments/RL_for_pRNN/.venv/lib/python3.10/site-packages/gymnasium/envs/registration.py:694: UserWarning: [33mWARN: Overriding environment MiniGrid-DonutRoom-17x17-v0 already in registry.[0m
  logger.warn(f"Overriding environment {new_spec.id} already in registry.")
/home/sabrina/Documents/experiments/RL_for_pRNN/.venv/lib/python3.10/site-packages/gymnasium/envs/registration.py:694: UserWarning: [33mWARN: Overriding environment MiniGrid-DonutRoom-20x20-v0 already in registry.[0m
  logger.warn(f"Overriding environment {new_spec.id} already in registry.")
/home/sabrina/Documents/experiments/RL_for_pRNN/.venv/lib/python3.10/site-packages/gymnasium/envs/registration.py:694: UserWarning: [33mWARN: Overriding environment MiniGrid-DonutRoom-18x18-v0 already in registry.[0m
  logger.warn(f"Overriding environment {new_spec.id} already in registry.")
/home/sabrina/Documents/experiments/RL_for_pRNN/.venv/lib/python3.10/site-packages/gymnasium/envs/registration.py:694: UserWarning: [33mWARN: Overriding environment MiniGrid-DonutLava-Long-v0 already in registry.[0m
  logger.warn(f"Overriding environment {new_spec.id} already in registry.")
/home/sabrina/Documents/experiments/RL_for_pRNN/.venv/lib/python3.10/site-packages/gymnasium/envs/registration.py:694: UserWarning: [33mWARN: Overriding environment MiniGrid-DonutLava-Long-neg02-v0 already in registry.[0m
  logger.warn(f"Overriding environment {new_spec.id} already in registry.")
/home/sabrina/Documents/experiments/RL_for_pRNN/.venv/lib/python3.10/site-packages/gymnasium/envs/registration.py:694: UserWarning: [33mWARN: Overriding environment MiniGrid-DonutLava-Long-neg025-v0 already in registry.[0m
  logger.warn(f"Overriding environment {new_spec.id} already in registry.")
/home/sabrina/Documents/experiments/RL_for_pRNN/.venv/lib/python3.10/site-packages/gymnasium/envs/registration.py:694: UserWarning: [33mWARN: Overriding environment MiniGrid-DonutLava-Long-neg03-v0 already in registry.[0m
  logger.warn(f"Overriding environment {new_spec.id} already in registry.")
/home/sabrina/Documents/experiments/RL_for_pRNN/.venv/lib/python3.10/site-packages/gymnasium/envs/registration.py:694: UserWarning: [33mWARN: Overriding environment MiniGrid-DonutLava-Long-neg04-v0 already in registry.[0m
  logger.warn(f"Overriding environment {new_spec.id} already in registry.")
/home/sabrina/Documents/experiments/RL_for_pRNN/.venv/lib/python3.10/site-packages/gymnasium/envs/registration.py:694: UserWarning: [33mWARN: Overriding environment MiniGrid-DonutLava-Long-neg05-v0 already in registry.[0m
  logger.warn(f"Overriding environment {new_spec.id} already in registry.")
/home/sabrina/Documents/experiments/RL_for_pRNN/.venv/lib/python3.10/site-packages/gymnasium/envs/registration.py:694: UserWarning: [33mWARN: Overriding environment MiniGrid-DonutLava-Long-neg10-v0 already in registry.[0m
  logger.warn(f"Overriding environment {new_spec.id} already in registry.")
/home/sabrina/Documents/experiments/RL_for_pRNN/.venv/lib/python3.10/site-packages/gymnasium/envs/registration.py:694: UserWarning: [33mWARN: Overriding environment MiniGrid-DonutLava-Long-v1 already in registry.[0m
  logger.warn(f"Overriding environment {new_spec.id} already in registry.")
/home/sabrina/Documents/experiments/RL_for_pRNN/.venv/lib/python3.10/site-packages/gymnasium/envs/registration.py:694: UserWarning: [33mWARN: Overriding environment MiniGrid-DonutLava-Long-neg05-v1 already in registry.[0m
  logger.warn(f"Overriding environment {new_spec.id} already in registry.")
/home/sabrina/Documents/experiments/RL_for_pRNN/.venv/lib/python3.10/site-packages/gymnasium/envs/registration.py:694: UserWarning: [33mWARN: Overriding environment MiniGrid-DonutLava-Long-v2 already in registry.[0m
  logger.warn(f"Overriding environment {new_spec.id} already in registry.")
/home/sabrina/Documents/experiments/RL_for_pRNN/.venv/lib/python3.10/site-packages/gymnasium/envs/registration.py:694: UserWarning: [33mWARN: Overriding environment MiniGrid-DonutLava-Long-neg05-v2 already in registry.[0m
  logger.warn(f"Overriding environment {new_spec.id} already in registry.")
/home/sabrina/Documents/experiments/RL_for_pRNN/.venv/lib/python3.10/site-packages/gymnasium/envs/registration.py:694: UserWarning: [33mWARN: Overriding environment MiniGrid-DonutLava-16x16-v0 already in registry.[0m
  logger.warn(f"Overriding environment {new_spec.id} already in registry.")
/home/sabrina/Documents/experiments/RL_for_pRNN/.venv/lib/python3.10/site-packages/gymnasium/envs/registration.py:694: UserWarning: [33mWARN: Overriding environment MiniGrid-DonutLava-17x17-v0 already in registry.[0m
  logger.warn(f"Overriding environment {new_spec.id} already in registry.")
/home/sabrina/Documents/experiments/RL_for_pRNN/.venv/lib/python3.10/site-packages/gymnasium/envs/registration.py:694: UserWarning: [33mWARN: Overriding environment MiniGrid-DonutLava-17x17-neg02-v0 already in registry.[0m
  logger.warn(f"Overriding environment {new_spec.id} already in registry.")
/home/sabrina/Documents/experiments/RL_for_pRNN/.venv/lib/python3.10/site-packages/gymnasium/envs/registration.py:694: UserWarning: [33mWARN: Overriding environment MiniGrid-DonutLava-17x17-neg021-v0 already in registry.[0m
  logger.warn(f"Overriding environment {new_spec.id} already in registry.")
/home/sabrina/Documents/experiments/RL_for_pRNN/.venv/lib/python3.10/site-packages/gymnasium/envs/registration.py:694: UserWarning: [33mWARN: Overriding environment MiniGrid-DonutLava-17x17-neg022-v0 already in registry.[0m
  logger.warn(f"Overriding environment {new_spec.id} already in registry.")
/home/sabrina/Documents/experiments/RL_for_pRNN/.venv/lib/python3.10/site-packages/gymnasium/envs/registration.py:694: UserWarning: [33mWARN: Overriding environment MiniGrid-DonutLava-17x17-neg023-v0 already in registry.[0m
  logger.warn(f"Overriding environment {new_spec.id} already in registry.")
/home/sabrina/Documents/experiments/RL_for_pRNN/.venv/lib/python3.10/site-packages/gymnasium/envs/registration.py:694: UserWarning: [33mWARN: Overriding environment MiniGrid-DonutLava-17x17-neg024-v0 already in registry.[0m
  logger.warn(f"Overriding environment {new_spec.id} already in registry.")
/home/sabrina/Documents/experiments/RL_for_pRNN/.venv/lib/python3.10/site-packages/gymnasium/envs/registration.py:694: UserWarning: [33mWARN: Overriding environment MiniGrid-DonutLava-17x17-neg025-v0 already in registry.[0m
  logger.warn(f"Overriding environment {new_spec.id} already in registry.")
/home/sabrina/Documents/experiments/RL_for_pRNN/.venv/lib/python3.10/site-packages/gymnasium/envs/registration.py:694: UserWarning: [33mWARN: Overriding environment MiniGrid-DonutLava-17x17-neg03-v0 already in registry.[0m
  logger.warn(f"Overriding environment {new_spec.id} already in registry.")
/home/sabrina/Documents/experiments/RL_for_pRNN/.venv/lib/python3.10/site-packages/gymnasium/envs/registration.py:694: UserWarning: [33mWARN: Overriding environment MiniGrid-DonutLava-17x17-neg035-v0 already in registry.[0m
  logger.warn(f"Overriding environment {new_spec.id} already in registry.")
/home/sabrina/Documents/experiments/RL_for_pRNN/.venv/lib/python3.10/site-packages/gymnasium/envs/registration.py:694: UserWarning: [33mWARN: Overriding environment MiniGrid-DonutLava-17x17-neg04-v0 already in registry.[0m
  logger.warn(f"Overriding environment {new_spec.id} already in registry.")
/home/sabrina/Documents/experiments/RL_for_pRNN/.venv/lib/python3.10/site-packages/gymnasium/envs/registration.py:694: UserWarning: [33mWARN: Overriding environment MiniGrid-DonutLava-17x17-neg045-v0 already in registry.[0m
  logger.warn(f"Overriding environment {new_spec.id} already in registry.")
/home/sabrina/Documents/experiments/RL_for_pRNN/.venv/lib/python3.10/site-packages/gymnasium/envs/registration.py:694: UserWarning: [33mWARN: Overriding environment MiniGrid-DonutLava-17x17-neg05-v0 already in registry.[0m
  logger.warn(f"Overriding environment {new_spec.id} already in registry.")
/home/sabrina/Documents/experiments/RL_for_pRNN/.venv/lib/python3.10/site-packages/gymnasium/envs/registration.py:694: UserWarning: [33mWARN: Overriding environment MiniGrid-DonutLava-20x20-v0 already in registry.[0m
  logger.warn(f"Overriding environment {new_spec.id} already in registry.")
/home/sabrina/Documents/experiments/RL_for_pRNN/.venv/lib/python3.10/site-packages/gymnasium/envs/registration.py:694: UserWarning: [33mWARN: Overriding environment MiniGrid-DonutLava-18x18-v0 already in registry.[0m
  logger.warn(f"Overriding environment {new_spec.id} already in registry.")
/home/sabrina/Documents/experiments/RL_for_pRNN/.venv/lib/python3.10/site-packages/gymnasium/envs/registration.py:694: UserWarning: [33mWARN: Overriding environment MiniGrid-DoorKey-5x5-v0 already in registry.[0m
  logger.warn(f"Overriding environment {new_spec.id} already in registry.")
/home/sabrina/Documents/experiments/RL_for_pRNN/.venv/lib/python3.10/site-packages/gymnasium/envs/registration.py:694: UserWarning: [33mWARN: Overriding environment MiniGrid-DoorKey-6x6-v0 already in registry.[0m
  logger.warn(f"Overriding environment {new_spec.id} already in registry.")
/home/sabrina/Documents/experiments/RL_for_pRNN/.venv/lib/python3.10/site-packages/gymnasium/envs/registration.py:694: UserWarning: [33mWARN: Overriding environment MiniGrid-DoorKey-8x8-v0 already in registry.[0m
  logger.warn(f"Overriding environment {new_spec.id} already in registry.")
/home/sabrina/Documents/experiments/RL_for_pRNN/.venv/lib/python3.10/site-packages/gymnasium/envs/registration.py:694: UserWarning: [33mWARN: Overriding environment MiniGrid-DoorKey-16x16-v0 already in registry.[0m
  logger.warn(f"Overriding environment {new_spec.id} already in registry.")
/home/sabrina/Documents/experiments/RL_for_pRNN/.venv/lib/python3.10/site-packages/gymnasium/envs/registration.py:694: UserWarning: [33mWARN: Overriding environment MiniGrid-Dynamic-Obstacles-5x5-v0 already in registry.[0m
  logger.warn(f"Overriding environment {new_spec.id} already in registry.")
/home/sabrina/Documents/experiments/RL_for_pRNN/.venv/lib/python3.10/site-packages/gymnasium/envs/registration.py:694: UserWarning: [33mWARN: Overriding environment MiniGrid-Dynamic-Obstacles-Random-5x5-v0 already in registry.[0m
  logger.warn(f"Overriding environment {new_spec.id} already in registry.")
/home/sabrina/Documents/experiments/RL_for_pRNN/.venv/lib/python3.10/site-packages/gymnasium/envs/registration.py:694: UserWarning: [33mWARN: Overriding environment MiniGrid-Dynamic-Obstacles-6x6-v0 already in registry.[0m
  logger.warn(f"Overriding environment {new_spec.id} already in registry.")
/home/sabrina/Documents/experiments/RL_for_pRNN/.venv/lib/python3.10/site-packages/gymnasium/envs/registration.py:694: UserWarning: [33mWARN: Overriding environment MiniGrid-Dynamic-Obstacles-Random-6x6-v0 already in registry.[0m
  logger.warn(f"Overriding environment {new_spec.id} already in registry.")
/home/sabrina/Documents/experiments/RL_for_pRNN/.venv/lib/python3.10/site-packages/gymnasium/envs/registration.py:694: UserWarning: [33mWARN: Overriding environment MiniGrid-Dynamic-Obstacles-8x8-v0 already in registry.[0m
  logger.warn(f"Overriding environment {new_spec.id} already in registry.")
/home/sabrina/Documents/experiments/RL_for_pRNN/.venv/lib/python3.10/site-packages/gymnasium/envs/registration.py:694: UserWarning: [33mWARN: Overriding environment MiniGrid-Dynamic-Obstacles-16x16-v0 already in registry.[0m
  logger.warn(f"Overriding environment {new_spec.id} already in registry.")
/home/sabrina/Documents/experiments/RL_for_pRNN/.venv/lib/python3.10/site-packages/gymnasium/envs/registration.py:694: UserWarning: [33mWARN: Overriding environment MiniGrid-Empty-5x5-v0 already in registry.[0m
  logger.warn(f"Overriding environment {new_spec.id} already in registry.")
/home/sabrina/Documents/experiments/RL_for_pRNN/.venv/lib/python3.10/site-packages/gymnasium/envs/registration.py:694: UserWarning: [33mWARN: Overriding environment MiniGrid-Empty-Random-5x5-v0 already in registry.[0m
  logger.warn(f"Overriding environment {new_spec.id} already in registry.")
/home/sabrina/Documents/experiments/RL_for_pRNN/.venv/lib/python3.10/site-packages/gymnasium/envs/registration.py:694: UserWarning: [33mWARN: Overriding environment MiniGrid-Empty-6x6-v0 already in registry.[0m
  logger.warn(f"Overriding environment {new_spec.id} already in registry.")
/home/sabrina/Documents/experiments/RL_for_pRNN/.venv/lib/python3.10/site-packages/gymnasium/envs/registration.py:694: UserWarning: [33mWARN: Overriding environment MiniGrid-Empty-Random-6x6-v0 already in registry.[0m
  logger.warn(f"Overriding environment {new_spec.id} already in registry.")
/home/sabrina/Documents/experiments/RL_for_pRNN/.venv/lib/python3.10/site-packages/gymnasium/envs/registration.py:694: UserWarning: [33mWARN: Overriding environment MiniGrid-Empty-8x8-v0 already in registry.[0m
  logger.warn(f"Overriding environment {new_spec.id} already in registry.")
/home/sabrina/Documents/experiments/RL_for_pRNN/.venv/lib/python3.10/site-packages/gymnasium/envs/registration.py:694: UserWarning: [33mWARN: Overriding environment MiniGrid-Empty-16x16-v0 already in registry.[0m
  logger.warn(f"Overriding environment {new_spec.id} already in registry.")
/home/sabrina/Documents/experiments/RL_for_pRNN/.venv/lib/python3.10/site-packages/gymnasium/envs/registration.py:694: UserWarning: [33mWARN: Overriding environment MiniGrid-FakeLava-5x5-3x4-v0 already in registry.[0m
  logger.warn(f"Overriding environment {new_spec.id} already in registry.")
/home/sabrina/Documents/experiments/RL_for_pRNN/.venv/lib/python3.10/site-packages/gymnasium/envs/registration.py:694: UserWarning: [33mWARN: Overriding environment MiniGrid-FakeLava-5x5-3x4-v1 already in registry.[0m
  logger.warn(f"Overriding environment {new_spec.id} already in registry.")
/home/sabrina/Documents/experiments/RL_for_pRNN/.venv/lib/python3.10/site-packages/gymnasium/envs/registration.py:694: UserWarning: [33mWARN: Overriding environment MiniGrid-FakeLava-5x5-3x4-neg02-v0 already in registry.[0m
  logger.warn(f"Overriding environment {new_spec.id} already in registry.")
/home/sabrina/Documents/experiments/RL_for_pRNN/.venv/lib/python3.10/site-packages/gymnasium/envs/registration.py:694: UserWarning: [33mWARN: Overriding environment MiniGrid-FakeLava-5x5-3x4-neg021-v0 already in registry.[0m
  logger.warn(f"Overriding environment {new_spec.id} already in registry.")
/home/sabrina/Documents/experiments/RL_for_pRNN/.venv/lib/python3.10/site-packages/gymnasium/envs/registration.py:694: UserWarning: [33mWARN: Overriding environment MiniGrid-FakeLava-5x5-3x4-neg022-v0 already in registry.[0m
  logger.warn(f"Overriding environment {new_spec.id} already in registry.")
/home/sabrina/Documents/experiments/RL_for_pRNN/.venv/lib/python3.10/site-packages/gymnasium/envs/registration.py:694: UserWarning: [33mWARN: Overriding environment MiniGrid-FakeLava-5x5-3x4-neg023-v0 already in registry.[0m
  logger.warn(f"Overriding environment {new_spec.id} already in registry.")
/home/sabrina/Documents/experiments/RL_for_pRNN/.venv/lib/python3.10/site-packages/gymnasium/envs/registration.py:694: UserWarning: [33mWARN: Overriding environment MiniGrid-FakeLava-5x5-3x4-neg024-v0 already in registry.[0m
  logger.warn(f"Overriding environment {new_spec.id} already in registry.")
/home/sabrina/Documents/experiments/RL_for_pRNN/.venv/lib/python3.10/site-packages/gymnasium/envs/registration.py:694: UserWarning: [33mWARN: Overriding environment MiniGrid-FakeLava-5x5-3x4-neg025-v0 already in registry.[0m
  logger.warn(f"Overriding environment {new_spec.id} already in registry.")
/home/sabrina/Documents/experiments/RL_for_pRNN/.venv/lib/python3.10/site-packages/gymnasium/envs/registration.py:694: UserWarning: [33mWARN: Overriding environment MiniGrid-FakeLava-5x5-3x4-neg026-v0 already in registry.[0m
  logger.warn(f"Overriding environment {new_spec.id} already in registry.")
/home/sabrina/Documents/experiments/RL_for_pRNN/.venv/lib/python3.10/site-packages/gymnasium/envs/registration.py:694: UserWarning: [33mWARN: Overriding environment MiniGrid-FakeLava-5x5-3x4-neg027-v0 already in registry.[0m
  logger.warn(f"Overriding environment {new_spec.id} already in registry.")
/home/sabrina/Documents/experiments/RL_for_pRNN/.venv/lib/python3.10/site-packages/gymnasium/envs/registration.py:694: UserWarning: [33mWARN: Overriding environment MiniGrid-FakeLava-5x5-3x4-neg028-v0 already in registry.[0m
  logger.warn(f"Overriding environment {new_spec.id} already in registry.")
/home/sabrina/Documents/experiments/RL_for_pRNN/.venv/lib/python3.10/site-packages/gymnasium/envs/registration.py:694: UserWarning: [33mWARN: Overriding environment MiniGrid-FakeLava-5x5-3x4-neg029-v0 already in registry.[0m
  logger.warn(f"Overriding environment {new_spec.id} already in registry.")
/home/sabrina/Documents/experiments/RL_for_pRNN/.venv/lib/python3.10/site-packages/gymnasium/envs/registration.py:694: UserWarning: [33mWARN: Overriding environment MiniGrid-FakeLava-5x5-3x4-neg03-v0 already in registry.[0m
  logger.warn(f"Overriding environment {new_spec.id} already in registry.")
/home/sabrina/Documents/experiments/RL_for_pRNN/.venv/lib/python3.10/site-packages/gymnasium/envs/registration.py:694: UserWarning: [33mWARN: Overriding environment MiniGrid-FakeLava-5x5-3x4-neg031-v0 already in registry.[0m
  logger.warn(f"Overriding environment {new_spec.id} already in registry.")
/home/sabrina/Documents/experiments/RL_for_pRNN/.venv/lib/python3.10/site-packages/gymnasium/envs/registration.py:694: UserWarning: [33mWARN: Overriding environment MiniGrid-FakeLava-5x5-3x4-neg032-v0 already in registry.[0m
  logger.warn(f"Overriding environment {new_spec.id} already in registry.")
/home/sabrina/Documents/experiments/RL_for_pRNN/.venv/lib/python3.10/site-packages/gymnasium/envs/registration.py:694: UserWarning: [33mWARN: Overriding environment MiniGrid-FakeLava-5x5-3x4-neg033-v0 already in registry.[0m
  logger.warn(f"Overriding environment {new_spec.id} already in registry.")
/home/sabrina/Documents/experiments/RL_for_pRNN/.venv/lib/python3.10/site-packages/gymnasium/envs/registration.py:694: UserWarning: [33mWARN: Overriding environment MiniGrid-FakeLava-5x5-3x4-neg034-v0 already in registry.[0m
  logger.warn(f"Overriding environment {new_spec.id} already in registry.")
/home/sabrina/Documents/experiments/RL_for_pRNN/.venv/lib/python3.10/site-packages/gymnasium/envs/registration.py:694: UserWarning: [33mWARN: Overriding environment MiniGrid-FakeLava-5x5-3x4-neg035-v0 already in registry.[0m
  logger.warn(f"Overriding environment {new_spec.id} already in registry.")
/home/sabrina/Documents/experiments/RL_for_pRNN/.venv/lib/python3.10/site-packages/gymnasium/envs/registration.py:694: UserWarning: [33mWARN: Overriding environment MiniGrid-FakeLava-5x5-3x4-neg04-v0 already in registry.[0m
  logger.warn(f"Overriding environment {new_spec.id} already in registry.")
/home/sabrina/Documents/experiments/RL_for_pRNN/.venv/lib/python3.10/site-packages/gymnasium/envs/registration.py:694: UserWarning: [33mWARN: Overriding environment MiniGrid-FakeLava-Target-5x5-3x4-v0 already in registry.[0m
  logger.warn(f"Overriding environment {new_spec.id} already in registry.")
/home/sabrina/Documents/experiments/RL_for_pRNN/.venv/lib/python3.10/site-packages/gymnasium/envs/registration.py:694: UserWarning: [33mWARN: Overriding environment MiniGrid-FakeLava-Target-5x5-3x4-neg02-v0 already in registry.[0m
  logger.warn(f"Overriding environment {new_spec.id} already in registry.")
/home/sabrina/Documents/experiments/RL_for_pRNN/.venv/lib/python3.10/site-packages/gymnasium/envs/registration.py:694: UserWarning: [33mWARN: Overriding environment MiniGrid-FakeLava-Target-5x5-3x4-neg04-v0 already in registry.[0m
  logger.warn(f"Overriding environment {new_spec.id} already in registry.")
/home/sabrina/Documents/experiments/RL_for_pRNN/.venv/lib/python3.10/site-packages/gymnasium/envs/registration.py:694: UserWarning: [33mWARN: Overriding environment MiniGrid-FakeLava-Target-5x5-3x4-neg03-v0 already in registry.[0m
  logger.warn(f"Overriding environment {new_spec.id} already in registry.")
/home/sabrina/Documents/experiments/RL_for_pRNN/.venv/lib/python3.10/site-packages/gymnasium/envs/registration.py:694: UserWarning: [33mWARN: Overriding environment MiniGrid-FakeLava-Target-5x5-3x4-neg035-v0 already in registry.[0m
  logger.warn(f"Overriding environment {new_spec.id} already in registry.")
/home/sabrina/Documents/experiments/RL_for_pRNN/.venv/lib/python3.10/site-packages/gymnasium/envs/registration.py:694: UserWarning: [33mWARN: Overriding environment MiniGrid-FakeLava-Target-5x5-3x4-neg025-v0 already in registry.[0m
  logger.warn(f"Overriding environment {new_spec.id} already in registry.")
/home/sabrina/Documents/experiments/RL_for_pRNN/.venv/lib/python3.10/site-packages/gymnasium/envs/registration.py:694: UserWarning: [33mWARN: Overriding environment MiniGrid-FakeLava-7x7-3x4-v0 already in registry.[0m
  logger.warn(f"Overriding environment {new_spec.id} already in registry.")
/home/sabrina/Documents/experiments/RL_for_pRNN/.venv/lib/python3.10/site-packages/gymnasium/envs/registration.py:694: UserWarning: [33mWARN: Overriding environment MiniGrid-FakeLava-Target-7x7-3x4-v0 already in registry.[0m
  logger.warn(f"Overriding environment {new_spec.id} already in registry.")
/home/sabrina/Documents/experiments/RL_for_pRNN/.venv/lib/python3.10/site-packages/gymnasium/envs/registration.py:694: UserWarning: [33mWARN: Overriding environment MiniGrid-FakeLava-9x9-3x4-v0 already in registry.[0m
  logger.warn(f"Overriding environment {new_spec.id} already in registry.")
/home/sabrina/Documents/experiments/RL_for_pRNN/.venv/lib/python3.10/site-packages/gymnasium/envs/registration.py:694: UserWarning: [33mWARN: Overriding environment MiniGrid-FakeLava-Target-9x9-3x4-v0 already in registry.[0m
  logger.warn(f"Overriding environment {new_spec.id} already in registry.")
/home/sabrina/Documents/experiments/RL_for_pRNN/.venv/lib/python3.10/site-packages/gymnasium/envs/registration.py:694: UserWarning: [33mWARN: Overriding environment MiniGrid-FakeLava-5x5-4x4-v0 already in registry.[0m
  logger.warn(f"Overriding environment {new_spec.id} already in registry.")
/home/sabrina/Documents/experiments/RL_for_pRNN/.venv/lib/python3.10/site-packages/gymnasium/envs/registration.py:694: UserWarning: [33mWARN: Overriding environment MiniGrid-FakeLava-Target-5x5-4x4-v0 already in registry.[0m
  logger.warn(f"Overriding environment {new_spec.id} already in registry.")
/home/sabrina/Documents/experiments/RL_for_pRNN/.venv/lib/python3.10/site-packages/gymnasium/envs/registration.py:694: UserWarning: [33mWARN: Overriding environment MiniGrid-FakeLava-7x7-4x4-v0 already in registry.[0m
  logger.warn(f"Overriding environment {new_spec.id} already in registry.")
/home/sabrina/Documents/experiments/RL_for_pRNN/.venv/lib/python3.10/site-packages/gymnasium/envs/registration.py:694: UserWarning: [33mWARN: Overriding environment MiniGrid-FakeLava-Target-7x7-4x4-v0 already in registry.[0m
  logger.warn(f"Overriding environment {new_spec.id} already in registry.")
/home/sabrina/Documents/experiments/RL_for_pRNN/.venv/lib/python3.10/site-packages/gymnasium/envs/registration.py:694: UserWarning: [33mWARN: Overriding environment MiniGrid-FakeLava-9x9-4x4-v0 already in registry.[0m
  logger.warn(f"Overriding environment {new_spec.id} already in registry.")
/home/sabrina/Documents/experiments/RL_for_pRNN/.venv/lib/python3.10/site-packages/gymnasium/envs/registration.py:694: UserWarning: [33mWARN: Overriding environment MiniGrid-FakeLava-Target-9x9-4x4-v0 already in registry.[0m
  logger.warn(f"Overriding environment {new_spec.id} already in registry.")
/home/sabrina/Documents/experiments/RL_for_pRNN/.venv/lib/python3.10/site-packages/gymnasium/envs/registration.py:694: UserWarning: [33mWARN: Overriding environment MiniGrid-Fetch-5x5-N2-v0 already in registry.[0m
  logger.warn(f"Overriding environment {new_spec.id} already in registry.")
/home/sabrina/Documents/experiments/RL_for_pRNN/.venv/lib/python3.10/site-packages/gymnasium/envs/registration.py:694: UserWarning: [33mWARN: Overriding environment MiniGrid-Fetch-6x6-N2-v0 already in registry.[0m
  logger.warn(f"Overriding environment {new_spec.id} already in registry.")
/home/sabrina/Documents/experiments/RL_for_pRNN/.venv/lib/python3.10/site-packages/gymnasium/envs/registration.py:694: UserWarning: [33mWARN: Overriding environment MiniGrid-Fetch-8x8-N3-v0 already in registry.[0m
  logger.warn(f"Overriding environment {new_spec.id} already in registry.")
/home/sabrina/Documents/experiments/RL_for_pRNN/.venv/lib/python3.10/site-packages/gymnasium/envs/registration.py:694: UserWarning: [33mWARN: Overriding environment MiniGrid-FourRooms-v0 already in registry.[0m
  logger.warn(f"Overriding environment {new_spec.id} already in registry.")
/home/sabrina/Documents/experiments/RL_for_pRNN/.venv/lib/python3.10/site-packages/gymnasium/envs/registration.py:694: UserWarning: [33mWARN: Overriding environment MiniGrid-FourRooms-Fixed-v0 already in registry.[0m
  logger.warn(f"Overriding environment {new_spec.id} already in registry.")
/home/sabrina/Documents/experiments/RL_for_pRNN/.venv/lib/python3.10/site-packages/gymnasium/envs/registration.py:694: UserWarning: [33mWARN: Overriding environment MiniGrid-FourRooms-Invisible-v0 already in registry.[0m
  logger.warn(f"Overriding environment {new_spec.id} already in registry.")
/home/sabrina/Documents/experiments/RL_for_pRNN/.venv/lib/python3.10/site-packages/gymnasium/envs/registration.py:694: UserWarning: [33mWARN: Overriding environment MiniGrid-FourRooms-Objects-v0 already in registry.[0m
  logger.warn(f"Overriding environment {new_spec.id} already in registry.")
/home/sabrina/Documents/experiments/RL_for_pRNN/.venv/lib/python3.10/site-packages/gymnasium/envs/registration.py:694: UserWarning: [33mWARN: Overriding environment MiniGrid-GoToDoor-5x5-v0 already in registry.[0m
  logger.warn(f"Overriding environment {new_spec.id} already in registry.")
/home/sabrina/Documents/experiments/RL_for_pRNN/.venv/lib/python3.10/site-packages/gymnasium/envs/registration.py:694: UserWarning: [33mWARN: Overriding environment MiniGrid-GoToDoor-6x6-v0 already in registry.[0m
  logger.warn(f"Overriding environment {new_spec.id} already in registry.")
/home/sabrina/Documents/experiments/RL_for_pRNN/.venv/lib/python3.10/site-packages/gymnasium/envs/registration.py:694: UserWarning: [33mWARN: Overriding environment MiniGrid-GoToDoor-8x8-v0 already in registry.[0m
  logger.warn(f"Overriding environment {new_spec.id} already in registry.")
/home/sabrina/Documents/experiments/RL_for_pRNN/.venv/lib/python3.10/site-packages/gymnasium/envs/registration.py:694: UserWarning: [33mWARN: Overriding environment MiniGrid-GoToObject-6x6-N2-v0 already in registry.[0m
  logger.warn(f"Overriding environment {new_spec.id} already in registry.")
/home/sabrina/Documents/experiments/RL_for_pRNN/.venv/lib/python3.10/site-packages/gymnasium/envs/registration.py:694: UserWarning: [33mWARN: Overriding environment MiniGrid-GoToObject-8x8-N2-v0 already in registry.[0m
  logger.warn(f"Overriding environment {new_spec.id} already in registry.")
/home/sabrina/Documents/experiments/RL_for_pRNN/.venv/lib/python3.10/site-packages/gymnasium/envs/registration.py:694: UserWarning: [33mWARN: Overriding environment MiniGrid-KeyCorridorS3R1-v0 already in registry.[0m
  logger.warn(f"Overriding environment {new_spec.id} already in registry.")
/home/sabrina/Documents/experiments/RL_for_pRNN/.venv/lib/python3.10/site-packages/gymnasium/envs/registration.py:694: UserWarning: [33mWARN: Overriding environment MiniGrid-KeyCorridorS3R2-v0 already in registry.[0m
  logger.warn(f"Overriding environment {new_spec.id} already in registry.")
/home/sabrina/Documents/experiments/RL_for_pRNN/.venv/lib/python3.10/site-packages/gymnasium/envs/registration.py:694: UserWarning: [33mWARN: Overriding environment MiniGrid-KeyCorridorS3R3-v0 already in registry.[0m
  logger.warn(f"Overriding environment {new_spec.id} already in registry.")
/home/sabrina/Documents/experiments/RL_for_pRNN/.venv/lib/python3.10/site-packages/gymnasium/envs/registration.py:694: UserWarning: [33mWARN: Overriding environment MiniGrid-KeyCorridorS4R3-v0 already in registry.[0m
  logger.warn(f"Overriding environment {new_spec.id} already in registry.")
/home/sabrina/Documents/experiments/RL_for_pRNN/.venv/lib/python3.10/site-packages/gymnasium/envs/registration.py:694: UserWarning: [33mWARN: Overriding environment MiniGrid-KeyCorridorS5R3-v0 already in registry.[0m
  logger.warn(f"Overriding environment {new_spec.id} already in registry.")
/home/sabrina/Documents/experiments/RL_for_pRNN/.venv/lib/python3.10/site-packages/gymnasium/envs/registration.py:694: UserWarning: [33mWARN: Overriding environment MiniGrid-KeyCorridorS6R3-v0 already in registry.[0m
  logger.warn(f"Overriding environment {new_spec.id} already in registry.")
/home/sabrina/Documents/experiments/RL_for_pRNN/.venv/lib/python3.10/site-packages/gymnasium/envs/registration.py:694: UserWarning: [33mWARN: Overriding environment MiniGrid-LavaGapS5-v0 already in registry.[0m
  logger.warn(f"Overriding environment {new_spec.id} already in registry.")
/home/sabrina/Documents/experiments/RL_for_pRNN/.venv/lib/python3.10/site-packages/gymnasium/envs/registration.py:694: UserWarning: [33mWARN: Overriding environment MiniGrid-LavaGapS6-v0 already in registry.[0m
  logger.warn(f"Overriding environment {new_spec.id} already in registry.")
/home/sabrina/Documents/experiments/RL_for_pRNN/.venv/lib/python3.10/site-packages/gymnasium/envs/registration.py:694: UserWarning: [33mWARN: Overriding environment MiniGrid-LavaGapS7-v0 already in registry.[0m
  logger.warn(f"Overriding environment {new_spec.id} already in registry.")
/home/sabrina/Documents/experiments/RL_for_pRNN/.venv/lib/python3.10/site-packages/gymnasium/envs/registration.py:694: UserWarning: [33mWARN: Overriding environment MiniGrid-LockedRoom-v0 already in registry.[0m
  logger.warn(f"Overriding environment {new_spec.id} already in registry.")
/home/sabrina/Documents/experiments/RL_for_pRNN/.venv/lib/python3.10/site-packages/gymnasium/envs/registration.py:694: UserWarning: [33mWARN: Overriding environment MiniGrid-MemoryS17Random-v0 already in registry.[0m
  logger.warn(f"Overriding environment {new_spec.id} already in registry.")
/home/sabrina/Documents/experiments/RL_for_pRNN/.venv/lib/python3.10/site-packages/gymnasium/envs/registration.py:694: UserWarning: [33mWARN: Overriding environment MiniGrid-MemoryS13Random-v0 already in registry.[0m
  logger.warn(f"Overriding environment {new_spec.id} already in registry.")
/home/sabrina/Documents/experiments/RL_for_pRNN/.venv/lib/python3.10/site-packages/gymnasium/envs/registration.py:694: UserWarning: [33mWARN: Overriding environment MiniGrid-MemoryS13-v0 already in registry.[0m
  logger.warn(f"Overriding environment {new_spec.id} already in registry.")
/home/sabrina/Documents/experiments/RL_for_pRNN/.venv/lib/python3.10/site-packages/gymnasium/envs/registration.py:694: UserWarning: [33mWARN: Overriding environment MiniGrid-MemoryS11-v0 already in registry.[0m
  logger.warn(f"Overriding environment {new_spec.id} already in registry.")
/home/sabrina/Documents/experiments/RL_for_pRNN/.venv/lib/python3.10/site-packages/gymnasium/envs/registration.py:694: UserWarning: [33mWARN: Overriding environment MiniGrid-MemoryS9-v0 already in registry.[0m
  logger.warn(f"Overriding environment {new_spec.id} already in registry.")
/home/sabrina/Documents/experiments/RL_for_pRNN/.venv/lib/python3.10/site-packages/gymnasium/envs/registration.py:694: UserWarning: [33mWARN: Overriding environment MiniGrid-MemoryS7-v0 already in registry.[0m
  logger.warn(f"Overriding environment {new_spec.id} already in registry.")
/home/sabrina/Documents/experiments/RL_for_pRNN/.venv/lib/python3.10/site-packages/gymnasium/envs/registration.py:694: UserWarning: [33mWARN: Overriding environment MiniGrid-MultiRoom-N2-S4-v0 already in registry.[0m
  logger.warn(f"Overriding environment {new_spec.id} already in registry.")
/home/sabrina/Documents/experiments/RL_for_pRNN/.venv/lib/python3.10/site-packages/gymnasium/envs/registration.py:694: UserWarning: [33mWARN: Overriding environment MiniGrid-MultiRoom-N4-S5-v0 already in registry.[0m
  logger.warn(f"Overriding environment {new_spec.id} already in registry.")
/home/sabrina/Documents/experiments/RL_for_pRNN/.venv/lib/python3.10/site-packages/gymnasium/envs/registration.py:694: UserWarning: [33mWARN: Overriding environment MiniGrid-MultiRoom-N6-v0 already in registry.[0m
  logger.warn(f"Overriding environment {new_spec.id} already in registry.")
/home/sabrina/Documents/experiments/RL_for_pRNN/.venv/lib/python3.10/site-packages/gymnasium/envs/registration.py:694: UserWarning: [33mWARN: Overriding environment MiniGrid-ObstructedMaze-1Dl-v0 already in registry.[0m
  logger.warn(f"Overriding environment {new_spec.id} already in registry.")
/home/sabrina/Documents/experiments/RL_for_pRNN/.venv/lib/python3.10/site-packages/gymnasium/envs/registration.py:694: UserWarning: [33mWARN: Overriding environment MiniGrid-ObstructedMaze-1Dlh-v0 already in registry.[0m
  logger.warn(f"Overriding environment {new_spec.id} already in registry.")
/home/sabrina/Documents/experiments/RL_for_pRNN/.venv/lib/python3.10/site-packages/gymnasium/envs/registration.py:694: UserWarning: [33mWARN: Overriding environment MiniGrid-ObstructedMaze-1Dlhb-v0 already in registry.[0m
  logger.warn(f"Overriding environment {new_spec.id} already in registry.")
/home/sabrina/Documents/experiments/RL_for_pRNN/.venv/lib/python3.10/site-packages/gymnasium/envs/registration.py:694: UserWarning: [33mWARN: Overriding environment MiniGrid-ObstructedMaze-2Dl-v0 already in registry.[0m
  logger.warn(f"Overriding environment {new_spec.id} already in registry.")
/home/sabrina/Documents/experiments/RL_for_pRNN/.venv/lib/python3.10/site-packages/gymnasium/envs/registration.py:694: UserWarning: [33mWARN: Overriding environment MiniGrid-ObstructedMaze-2Dlh-v0 already in registry.[0m
  logger.warn(f"Overriding environment {new_spec.id} already in registry.")
/home/sabrina/Documents/experiments/RL_for_pRNN/.venv/lib/python3.10/site-packages/gymnasium/envs/registration.py:694: UserWarning: [33mWARN: Overriding environment MiniGrid-ObstructedMaze-2Dlhb-v0 already in registry.[0m
  logger.warn(f"Overriding environment {new_spec.id} already in registry.")
/home/sabrina/Documents/experiments/RL_for_pRNN/.venv/lib/python3.10/site-packages/gymnasium/envs/registration.py:694: UserWarning: [33mWARN: Overriding environment MiniGrid-ObstructedMaze-1Q-v0 already in registry.[0m
  logger.warn(f"Overriding environment {new_spec.id} already in registry.")
/home/sabrina/Documents/experiments/RL_for_pRNN/.venv/lib/python3.10/site-packages/gymnasium/envs/registration.py:694: UserWarning: [33mWARN: Overriding environment MiniGrid-ObstructedMaze-2Q-v0 already in registry.[0m
  logger.warn(f"Overriding environment {new_spec.id} already in registry.")
/home/sabrina/Documents/experiments/RL_for_pRNN/.venv/lib/python3.10/site-packages/gymnasium/envs/registration.py:694: UserWarning: [33mWARN: Overriding environment MiniGrid-ObstructedMaze-Full-v0 already in registry.[0m
  logger.warn(f"Overriding environment {new_spec.id} already in registry.")
/home/sabrina/Documents/experiments/RL_for_pRNN/.venv/lib/python3.10/site-packages/gymnasium/envs/registration.py:694: UserWarning: [33mWARN: Overriding environment MiniGrid-Playground-v0 already in registry.[0m
  logger.warn(f"Overriding environment {new_spec.id} already in registry.")
/home/sabrina/Documents/experiments/RL_for_pRNN/.venv/lib/python3.10/site-packages/gymnasium/envs/registration.py:694: UserWarning: [33mWARN: Overriding environment MiniGrid-PutNear-6x6-N2-v0 already in registry.[0m
  logger.warn(f"Overriding environment {new_spec.id} already in registry.")
/home/sabrina/Documents/experiments/RL_for_pRNN/.venv/lib/python3.10/site-packages/gymnasium/envs/registration.py:694: UserWarning: [33mWARN: Overriding environment MiniGrid-PutNear-8x8-N3-v0 already in registry.[0m
  logger.warn(f"Overriding environment {new_spec.id} already in registry.")
/home/sabrina/Documents/experiments/RL_for_pRNN/.venv/lib/python3.10/site-packages/gymnasium/envs/registration.py:694: UserWarning: [33mWARN: Overriding environment MiniGrid-RedBlueDoors-6x6-v0 already in registry.[0m
  logger.warn(f"Overriding environment {new_spec.id} already in registry.")
/home/sabrina/Documents/experiments/RL_for_pRNN/.venv/lib/python3.10/site-packages/gymnasium/envs/registration.py:694: UserWarning: [33mWARN: Overriding environment MiniGrid-RedBlueDoors-8x8-v0 already in registry.[0m
  logger.warn(f"Overriding environment {new_spec.id} already in registry.")
/home/sabrina/Documents/experiments/RL_for_pRNN/.venv/lib/python3.10/site-packages/gymnasium/envs/registration.py:694: UserWarning: [33mWARN: Overriding environment MiniGrid-Unlock-v0 already in registry.[0m
  logger.warn(f"Overriding environment {new_spec.id} already in registry.")
/home/sabrina/Documents/experiments/RL_for_pRNN/.venv/lib/python3.10/site-packages/gymnasium/envs/registration.py:694: UserWarning: [33mWARN: Overriding environment MiniGrid-UnlockPickup-v0 already in registry.[0m
  logger.warn(f"Overriding environment {new_spec.id} already in registry.")
/home/sabrina/Documents/experiments/RL_for_pRNN/.venv/lib/python3.10/site-packages/gymnasium/envs/registration.py:694: UserWarning: [33mWARN: Overriding environment BabyAI-GoToRedBallGrey-v0 already in registry.[0m
  logger.warn(f"Overriding environment {new_spec.id} already in registry.")
/home/sabrina/Documents/experiments/RL_for_pRNN/.venv/lib/python3.10/site-packages/gymnasium/envs/registration.py:694: UserWarning: [33mWARN: Overriding environment BabyAI-GoToRedBall-v0 already in registry.[0m
  logger.warn(f"Overriding environment {new_spec.id} already in registry.")
/home/sabrina/Documents/experiments/RL_for_pRNN/.venv/lib/python3.10/site-packages/gymnasium/envs/registration.py:694: UserWarning: [33mWARN: Overriding environment BabyAI-GoToRedBallNoDists-v0 already in registry.[0m
  logger.warn(f"Overriding environment {new_spec.id} already in registry.")
/home/sabrina/Documents/experiments/RL_for_pRNN/.venv/lib/python3.10/site-packages/gymnasium/envs/registration.py:694: UserWarning: [33mWARN: Overriding environment BabyAI-GoToObj-v0 already in registry.[0m
  logger.warn(f"Overriding environment {new_spec.id} already in registry.")
/home/sabrina/Documents/experiments/RL_for_pRNN/.venv/lib/python3.10/site-packages/gymnasium/envs/registration.py:694: UserWarning: [33mWARN: Overriding environment BabyAI-GoToObjS4-v0 already in registry.[0m
  logger.warn(f"Overriding environment {new_spec.id} already in registry.")
/home/sabrina/Documents/experiments/RL_for_pRNN/.venv/lib/python3.10/site-packages/gymnasium/envs/registration.py:694: UserWarning: [33mWARN: Overriding environment BabyAI-GoToObjS6-v0 already in registry.[0m
  logger.warn(f"Overriding environment {new_spec.id} already in registry.")
/home/sabrina/Documents/experiments/RL_for_pRNN/.venv/lib/python3.10/site-packages/gymnasium/envs/registration.py:694: UserWarning: [33mWARN: Overriding environment BabyAI-GoToLocal-v0 already in registry.[0m
  logger.warn(f"Overriding environment {new_spec.id} already in registry.")
/home/sabrina/Documents/experiments/RL_for_pRNN/.venv/lib/python3.10/site-packages/gymnasium/envs/registration.py:694: UserWarning: [33mWARN: Overriding environment BabyAI-GoToLocalS5N2-v0 already in registry.[0m
  logger.warn(f"Overriding environment {new_spec.id} already in registry.")
/home/sabrina/Documents/experiments/RL_for_pRNN/.venv/lib/python3.10/site-packages/gymnasium/envs/registration.py:694: UserWarning: [33mWARN: Overriding environment BabyAI-GoToLocalS6N2-v0 already in registry.[0m
  logger.warn(f"Overriding environment {new_spec.id} already in registry.")
/home/sabrina/Documents/experiments/RL_for_pRNN/.venv/lib/python3.10/site-packages/gymnasium/envs/registration.py:694: UserWarning: [33mWARN: Overriding environment BabyAI-GoToLocalS6N3-v0 already in registry.[0m
  logger.warn(f"Overriding environment {new_spec.id} already in registry.")
/home/sabrina/Documents/experiments/RL_for_pRNN/.venv/lib/python3.10/site-packages/gymnasium/envs/registration.py:694: UserWarning: [33mWARN: Overriding environment BabyAI-GoToLocalS6N4-v0 already in registry.[0m
  logger.warn(f"Overriding environment {new_spec.id} already in registry.")
/home/sabrina/Documents/experiments/RL_for_pRNN/.venv/lib/python3.10/site-packages/gymnasium/envs/registration.py:694: UserWarning: [33mWARN: Overriding environment BabyAI-GoToLocalS7N4-v0 already in registry.[0m
  logger.warn(f"Overriding environment {new_spec.id} already in registry.")
/home/sabrina/Documents/experiments/RL_for_pRNN/.venv/lib/python3.10/site-packages/gymnasium/envs/registration.py:694: UserWarning: [33mWARN: Overriding environment BabyAI-GoToLocalS7N5-v0 already in registry.[0m
  logger.warn(f"Overriding environment {new_spec.id} already in registry.")
/home/sabrina/Documents/experiments/RL_for_pRNN/.venv/lib/python3.10/site-packages/gymnasium/envs/registration.py:694: UserWarning: [33mWARN: Overriding environment BabyAI-GoToLocalS8N2-v0 already in registry.[0m
  logger.warn(f"Overriding environment {new_spec.id} already in registry.")
/home/sabrina/Documents/experiments/RL_for_pRNN/.venv/lib/python3.10/site-packages/gymnasium/envs/registration.py:694: UserWarning: [33mWARN: Overriding environment BabyAI-GoToLocalS8N3-v0 already in registry.[0m
  logger.warn(f"Overriding environment {new_spec.id} already in registry.")
/home/sabrina/Documents/experiments/RL_for_pRNN/.venv/lib/python3.10/site-packages/gymnasium/envs/registration.py:694: UserWarning: [33mWARN: Overriding environment BabyAI-GoToLocalS8N4-v0 already in registry.[0m
  logger.warn(f"Overriding environment {new_spec.id} already in registry.")
/home/sabrina/Documents/experiments/RL_for_pRNN/.venv/lib/python3.10/site-packages/gymnasium/envs/registration.py:694: UserWarning: [33mWARN: Overriding environment BabyAI-GoToLocalS8N5-v0 already in registry.[0m
  logger.warn(f"Overriding environment {new_spec.id} already in registry.")
/home/sabrina/Documents/experiments/RL_for_pRNN/.venv/lib/python3.10/site-packages/gymnasium/envs/registration.py:694: UserWarning: [33mWARN: Overriding environment BabyAI-GoToLocalS8N6-v0 already in registry.[0m
  logger.warn(f"Overriding environment {new_spec.id} already in registry.")
/home/sabrina/Documents/experiments/RL_for_pRNN/.venv/lib/python3.10/site-packages/gymnasium/envs/registration.py:694: UserWarning: [33mWARN: Overriding environment BabyAI-GoToLocalS8N7-v0 already in registry.[0m
  logger.warn(f"Overriding environment {new_spec.id} already in registry.")
/home/sabrina/Documents/experiments/RL_for_pRNN/.venv/lib/python3.10/site-packages/gymnasium/envs/registration.py:694: UserWarning: [33mWARN: Overriding environment BabyAI-GoTo-v0 already in registry.[0m
  logger.warn(f"Overriding environment {new_spec.id} already in registry.")
/home/sabrina/Documents/experiments/RL_for_pRNN/.venv/lib/python3.10/site-packages/gymnasium/envs/registration.py:694: UserWarning: [33mWARN: Overriding environment BabyAI-GoToOpen-v0 already in registry.[0m
  logger.warn(f"Overriding environment {new_spec.id} already in registry.")
/home/sabrina/Documents/experiments/RL_for_pRNN/.venv/lib/python3.10/site-packages/gymnasium/envs/registration.py:694: UserWarning: [33mWARN: Overriding environment BabyAI-GoToObjMaze-v0 already in registry.[0m
  logger.warn(f"Overriding environment {new_spec.id} already in registry.")
/home/sabrina/Documents/experiments/RL_for_pRNN/.venv/lib/python3.10/site-packages/gymnasium/envs/registration.py:694: UserWarning: [33mWARN: Overriding environment BabyAI-GoToObjMazeOpen-v0 already in registry.[0m
  logger.warn(f"Overriding environment {new_spec.id} already in registry.")
/home/sabrina/Documents/experiments/RL_for_pRNN/.venv/lib/python3.10/site-packages/gymnasium/envs/registration.py:694: UserWarning: [33mWARN: Overriding environment BabyAI-GoToObjMazeS4R2-v0 already in registry.[0m
  logger.warn(f"Overriding environment {new_spec.id} already in registry.")
/home/sabrina/Documents/experiments/RL_for_pRNN/.venv/lib/python3.10/site-packages/gymnasium/envs/registration.py:694: UserWarning: [33mWARN: Overriding environment BabyAI-GoToObjMazeS4-v0 already in registry.[0m
  logger.warn(f"Overriding environment {new_spec.id} already in registry.")
/home/sabrina/Documents/experiments/RL_for_pRNN/.venv/lib/python3.10/site-packages/gymnasium/envs/registration.py:694: UserWarning: [33mWARN: Overriding environment BabyAI-GoToObjMazeS5-v0 already in registry.[0m
  logger.warn(f"Overriding environment {new_spec.id} already in registry.")
/home/sabrina/Documents/experiments/RL_for_pRNN/.venv/lib/python3.10/site-packages/gymnasium/envs/registration.py:694: UserWarning: [33mWARN: Overriding environment BabyAI-GoToObjMazeS6-v0 already in registry.[0m
  logger.warn(f"Overriding environment {new_spec.id} already in registry.")
/home/sabrina/Documents/experiments/RL_for_pRNN/.venv/lib/python3.10/site-packages/gymnasium/envs/registration.py:694: UserWarning: [33mWARN: Overriding environment BabyAI-GoToObjMazeS7-v0 already in registry.[0m
  logger.warn(f"Overriding environment {new_spec.id} already in registry.")
/home/sabrina/Documents/experiments/RL_for_pRNN/.venv/lib/python3.10/site-packages/gymnasium/envs/registration.py:694: UserWarning: [33mWARN: Overriding environment BabyAI-GoToImpUnlock-v0 already in registry.[0m
  logger.warn(f"Overriding environment {new_spec.id} already in registry.")
/home/sabrina/Documents/experiments/RL_for_pRNN/.venv/lib/python3.10/site-packages/gymnasium/envs/registration.py:694: UserWarning: [33mWARN: Overriding environment BabyAI-GoToSeq-v0 already in registry.[0m
  logger.warn(f"Overriding environment {new_spec.id} already in registry.")
/home/sabrina/Documents/experiments/RL_for_pRNN/.venv/lib/python3.10/site-packages/gymnasium/envs/registration.py:694: UserWarning: [33mWARN: Overriding environment BabyAI-GoToSeqS5R2-v0 already in registry.[0m
  logger.warn(f"Overriding environment {new_spec.id} already in registry.")
/home/sabrina/Documents/experiments/RL_for_pRNN/.venv/lib/python3.10/site-packages/gymnasium/envs/registration.py:694: UserWarning: [33mWARN: Overriding environment BabyAI-GoToRedBlueBall-v0 already in registry.[0m
  logger.warn(f"Overriding environment {new_spec.id} already in registry.")
/home/sabrina/Documents/experiments/RL_for_pRNN/.venv/lib/python3.10/site-packages/gymnasium/envs/registration.py:694: UserWarning: [33mWARN: Overriding environment BabyAI-GoToDoor-v0 already in registry.[0m
  logger.warn(f"Overriding environment {new_spec.id} already in registry.")
/home/sabrina/Documents/experiments/RL_for_pRNN/.venv/lib/python3.10/site-packages/gymnasium/envs/registration.py:694: UserWarning: [33mWARN: Overriding environment BabyAI-GoToObjDoor-v0 already in registry.[0m
  logger.warn(f"Overriding environment {new_spec.id} already in registry.")
/home/sabrina/Documents/experiments/RL_for_pRNN/.venv/lib/python3.10/site-packages/gymnasium/envs/registration.py:694: UserWarning: [33mWARN: Overriding environment BabyAI-Open-v0 already in registry.[0m
  logger.warn(f"Overriding environment {new_spec.id} already in registry.")
/home/sabrina/Documents/experiments/RL_for_pRNN/.venv/lib/python3.10/site-packages/gymnasium/envs/registration.py:694: UserWarning: [33mWARN: Overriding environment BabyAI-OpenRedDoor-v0 already in registry.[0m
  logger.warn(f"Overriding environment {new_spec.id} already in registry.")
/home/sabrina/Documents/experiments/RL_for_pRNN/.venv/lib/python3.10/site-packages/gymnasium/envs/registration.py:694: UserWarning: [33mWARN: Overriding environment BabyAI-OpenDoor-v0 already in registry.[0m
  logger.warn(f"Overriding environment {new_spec.id} already in registry.")
/home/sabrina/Documents/experiments/RL_for_pRNN/.venv/lib/python3.10/site-packages/gymnasium/envs/registration.py:694: UserWarning: [33mWARN: Overriding environment BabyAI-OpenDoorDebug-v0 already in registry.[0m
  logger.warn(f"Overriding environment {new_spec.id} already in registry.")
/home/sabrina/Documents/experiments/RL_for_pRNN/.venv/lib/python3.10/site-packages/gymnasium/envs/registration.py:694: UserWarning: [33mWARN: Overriding environment BabyAI-OpenDoorColor-v0 already in registry.[0m
  logger.warn(f"Overriding environment {new_spec.id} already in registry.")
/home/sabrina/Documents/experiments/RL_for_pRNN/.venv/lib/python3.10/site-packages/gymnasium/envs/registration.py:694: UserWarning: [33mWARN: Overriding environment BabyAI-OpenDoorLoc-v0 already in registry.[0m
  logger.warn(f"Overriding environment {new_spec.id} already in registry.")
/home/sabrina/Documents/experiments/RL_for_pRNN/.venv/lib/python3.10/site-packages/gymnasium/envs/registration.py:694: UserWarning: [33mWARN: Overriding environment BabyAI-OpenTwoDoors-v0 already in registry.[0m
  logger.warn(f"Overriding environment {new_spec.id} already in registry.")
/home/sabrina/Documents/experiments/RL_for_pRNN/.venv/lib/python3.10/site-packages/gymnasium/envs/registration.py:694: UserWarning: [33mWARN: Overriding environment BabyAI-OpenRedBlueDoors-v0 already in registry.[0m
  logger.warn(f"Overriding environment {new_spec.id} already in registry.")
/home/sabrina/Documents/experiments/RL_for_pRNN/.venv/lib/python3.10/site-packages/gymnasium/envs/registration.py:694: UserWarning: [33mWARN: Overriding environment BabyAI-OpenRedBlueDoorsDebug-v0 already in registry.[0m
  logger.warn(f"Overriding environment {new_spec.id} already in registry.")
/home/sabrina/Documents/experiments/RL_for_pRNN/.venv/lib/python3.10/site-packages/gymnasium/envs/registration.py:694: UserWarning: [33mWARN: Overriding environment BabyAI-OpenDoorsOrderN2-v0 already in registry.[0m
  logger.warn(f"Overriding environment {new_spec.id} already in registry.")
/home/sabrina/Documents/experiments/RL_for_pRNN/.venv/lib/python3.10/site-packages/gymnasium/envs/registration.py:694: UserWarning: [33mWARN: Overriding environment BabyAI-OpenDoorsOrderN4-v0 already in registry.[0m
  logger.warn(f"Overriding environment {new_spec.id} already in registry.")
/home/sabrina/Documents/experiments/RL_for_pRNN/.venv/lib/python3.10/site-packages/gymnasium/envs/registration.py:694: UserWarning: [33mWARN: Overriding environment BabyAI-OpenDoorsOrderN2Debug-v0 already in registry.[0m
  logger.warn(f"Overriding environment {new_spec.id} already in registry.")
/home/sabrina/Documents/experiments/RL_for_pRNN/.venv/lib/python3.10/site-packages/gymnasium/envs/registration.py:694: UserWarning: [33mWARN: Overriding environment BabyAI-OpenDoorsOrderN4Debug-v0 already in registry.[0m
  logger.warn(f"Overriding environment {new_spec.id} already in registry.")
/home/sabrina/Documents/experiments/RL_for_pRNN/.venv/lib/python3.10/site-packages/gymnasium/envs/registration.py:694: UserWarning: [33mWARN: Overriding environment BabyAI-Pickup-v0 already in registry.[0m
  logger.warn(f"Overriding environment {new_spec.id} already in registry.")
/home/sabrina/Documents/experiments/RL_for_pRNN/.venv/lib/python3.10/site-packages/gymnasium/envs/registration.py:694: UserWarning: [33mWARN: Overriding environment BabyAI-UnblockPickup-v0 already in registry.[0m
  logger.warn(f"Overriding environment {new_spec.id} already in registry.")
/home/sabrina/Documents/experiments/RL_for_pRNN/.venv/lib/python3.10/site-packages/gymnasium/envs/registration.py:694: UserWarning: [33mWARN: Overriding environment BabyAI-PickupLoc-v0 already in registry.[0m
  logger.warn(f"Overriding environment {new_spec.id} already in registry.")
/home/sabrina/Documents/experiments/RL_for_pRNN/.venv/lib/python3.10/site-packages/gymnasium/envs/registration.py:694: UserWarning: [33mWARN: Overriding environment BabyAI-PickupDist-v0 already in registry.[0m
  logger.warn(f"Overriding environment {new_spec.id} already in registry.")
/home/sabrina/Documents/experiments/RL_for_pRNN/.venv/lib/python3.10/site-packages/gymnasium/envs/registration.py:694: UserWarning: [33mWARN: Overriding environment BabyAI-PickupDistDebug-v0 already in registry.[0m
  logger.warn(f"Overriding environment {new_spec.id} already in registry.")
/home/sabrina/Documents/experiments/RL_for_pRNN/.venv/lib/python3.10/site-packages/gymnasium/envs/registration.py:694: UserWarning: [33mWARN: Overriding environment BabyAI-PickupAbove-v0 already in registry.[0m
  logger.warn(f"Overriding environment {new_spec.id} already in registry.")
/home/sabrina/Documents/experiments/RL_for_pRNN/.venv/lib/python3.10/site-packages/gymnasium/envs/registration.py:694: UserWarning: [33mWARN: Overriding environment BabyAI-PutNextLocal-v0 already in registry.[0m
  logger.warn(f"Overriding environment {new_spec.id} already in registry.")
/home/sabrina/Documents/experiments/RL_for_pRNN/.venv/lib/python3.10/site-packages/gymnasium/envs/registration.py:694: UserWarning: [33mWARN: Overriding environment BabyAI-PutNextLocalS5N3-v0 already in registry.[0m
  logger.warn(f"Overriding environment {new_spec.id} already in registry.")
/home/sabrina/Documents/experiments/RL_for_pRNN/.venv/lib/python3.10/site-packages/gymnasium/envs/registration.py:694: UserWarning: [33mWARN: Overriding environment BabyAI-PutNextLocalS6N4-v0 already in registry.[0m
  logger.warn(f"Overriding environment {new_spec.id} already in registry.")
/home/sabrina/Documents/experiments/RL_for_pRNN/.venv/lib/python3.10/site-packages/gymnasium/envs/registration.py:694: UserWarning: [33mWARN: Overriding environment BabyAI-PutNextS4N1-v0 already in registry.[0m
  logger.warn(f"Overriding environment {new_spec.id} already in registry.")
/home/sabrina/Documents/experiments/RL_for_pRNN/.venv/lib/python3.10/site-packages/gymnasium/envs/registration.py:694: UserWarning: [33mWARN: Overriding environment BabyAI-PutNextS5N2-v0 already in registry.[0m
  logger.warn(f"Overriding environment {new_spec.id} already in registry.")
/home/sabrina/Documents/experiments/RL_for_pRNN/.venv/lib/python3.10/site-packages/gymnasium/envs/registration.py:694: UserWarning: [33mWARN: Overriding environment BabyAI-PutNextS5N1-v0 already in registry.[0m
  logger.warn(f"Overriding environment {new_spec.id} already in registry.")
/home/sabrina/Documents/experiments/RL_for_pRNN/.venv/lib/python3.10/site-packages/gymnasium/envs/registration.py:694: UserWarning: [33mWARN: Overriding environment BabyAI-PutNextS6N3-v0 already in registry.[0m
  logger.warn(f"Overriding environment {new_spec.id} already in registry.")
/home/sabrina/Documents/experiments/RL_for_pRNN/.venv/lib/python3.10/site-packages/gymnasium/envs/registration.py:694: UserWarning: [33mWARN: Overriding environment BabyAI-PutNextS7N4-v0 already in registry.[0m
  logger.warn(f"Overriding environment {new_spec.id} already in registry.")
/home/sabrina/Documents/experiments/RL_for_pRNN/.venv/lib/python3.10/site-packages/gymnasium/envs/registration.py:694: UserWarning: [33mWARN: Overriding environment BabyAI-PutNextS5N2Carrying-v0 already in registry.[0m
  logger.warn(f"Overriding environment {new_spec.id} already in registry.")
/home/sabrina/Documents/experiments/RL_for_pRNN/.venv/lib/python3.10/site-packages/gymnasium/envs/registration.py:694: UserWarning: [33mWARN: Overriding environment BabyAI-PutNextS6N3Carrying-v0 already in registry.[0m
  logger.warn(f"Overriding environment {new_spec.id} already in registry.")
/home/sabrina/Documents/experiments/RL_for_pRNN/.venv/lib/python3.10/site-packages/gymnasium/envs/registration.py:694: UserWarning: [33mWARN: Overriding environment BabyAI-PutNextS7N4Carrying-v0 already in registry.[0m
  logger.warn(f"Overriding environment {new_spec.id} already in registry.")
/home/sabrina/Documents/experiments/RL_for_pRNN/.venv/lib/python3.10/site-packages/gymnasium/envs/registration.py:694: UserWarning: [33mWARN: Overriding environment BabyAI-Unlock-v0 already in registry.[0m
  logger.warn(f"Overriding environment {new_spec.id} already in registry.")
/home/sabrina/Documents/experiments/RL_for_pRNN/.venv/lib/python3.10/site-packages/gymnasium/envs/registration.py:694: UserWarning: [33mWARN: Overriding environment BabyAI-UnlockLocal-v0 already in registry.[0m
  logger.warn(f"Overriding environment {new_spec.id} already in registry.")
/home/sabrina/Documents/experiments/RL_for_pRNN/.venv/lib/python3.10/site-packages/gymnasium/envs/registration.py:694: UserWarning: [33mWARN: Overriding environment BabyAI-UnlockLocalDist-v0 already in registry.[0m
  logger.warn(f"Overriding environment {new_spec.id} already in registry.")
/home/sabrina/Documents/experiments/RL_for_pRNN/.venv/lib/python3.10/site-packages/gymnasium/envs/registration.py:694: UserWarning: [33mWARN: Overriding environment BabyAI-KeyInBox-v0 already in registry.[0m
  logger.warn(f"Overriding environment {new_spec.id} already in registry.")
/home/sabrina/Documents/experiments/RL_for_pRNN/.venv/lib/python3.10/site-packages/gymnasium/envs/registration.py:694: UserWarning: [33mWARN: Overriding environment BabyAI-UnlockPickup-v0 already in registry.[0m
  logger.warn(f"Overriding environment {new_spec.id} already in registry.")
/home/sabrina/Documents/experiments/RL_for_pRNN/.venv/lib/python3.10/site-packages/gymnasium/envs/registration.py:694: UserWarning: [33mWARN: Overriding environment BabyAI-UnlockPickupDist-v0 already in registry.[0m
  logger.warn(f"Overriding environment {new_spec.id} already in registry.")
/home/sabrina/Documents/experiments/RL_for_pRNN/.venv/lib/python3.10/site-packages/gymnasium/envs/registration.py:694: UserWarning: [33mWARN: Overriding environment BabyAI-BlockedUnlockPickup-v0 already in registry.[0m
  logger.warn(f"Overriding environment {new_spec.id} already in registry.")
/home/sabrina/Documents/experiments/RL_for_pRNN/.venv/lib/python3.10/site-packages/gymnasium/envs/registration.py:694: UserWarning: [33mWARN: Overriding environment BabyAI-UnlockToUnlock-v0 already in registry.[0m
  logger.warn(f"Overriding environment {new_spec.id} already in registry.")
/home/sabrina/Documents/experiments/RL_for_pRNN/.venv/lib/python3.10/site-packages/gymnasium/envs/registration.py:694: UserWarning: [33mWARN: Overriding environment BabyAI-ActionObjDoor-v0 already in registry.[0m
  logger.warn(f"Overriding environment {new_spec.id} already in registry.")
/home/sabrina/Documents/experiments/RL_for_pRNN/.venv/lib/python3.10/site-packages/gymnasium/envs/registration.py:694: UserWarning: [33mWARN: Overriding environment BabyAI-FindObjS5-v0 already in registry.[0m
  logger.warn(f"Overriding environment {new_spec.id} already in registry.")
/home/sabrina/Documents/experiments/RL_for_pRNN/.venv/lib/python3.10/site-packages/gymnasium/envs/registration.py:694: UserWarning: [33mWARN: Overriding environment BabyAI-FindObjS6-v0 already in registry.[0m
  logger.warn(f"Overriding environment {new_spec.id} already in registry.")
/home/sabrina/Documents/experiments/RL_for_pRNN/.venv/lib/python3.10/site-packages/gymnasium/envs/registration.py:694: UserWarning: [33mWARN: Overriding environment BabyAI-FindObjS7-v0 already in registry.[0m
  logger.warn(f"Overriding environment {new_spec.id} already in registry.")
/home/sabrina/Documents/experiments/RL_for_pRNN/.venv/lib/python3.10/site-packages/gymnasium/envs/registration.py:694: UserWarning: [33mWARN: Overriding environment BabyAI-KeyCorridor-v0 already in registry.[0m
  logger.warn(f"Overriding environment {new_spec.id} already in registry.")
/home/sabrina/Documents/experiments/RL_for_pRNN/.venv/lib/python3.10/site-packages/gymnasium/envs/registration.py:694: UserWarning: [33mWARN: Overriding environment BabyAI-KeyCorridorS3R1-v0 already in registry.[0m
  logger.warn(f"Overriding environment {new_spec.id} already in registry.")
/home/sabrina/Documents/experiments/RL_for_pRNN/.venv/lib/python3.10/site-packages/gymnasium/envs/registration.py:694: UserWarning: [33mWARN: Overriding environment BabyAI-KeyCorridorS3R2-v0 already in registry.[0m
  logger.warn(f"Overriding environment {new_spec.id} already in registry.")
/home/sabrina/Documents/experiments/RL_for_pRNN/.venv/lib/python3.10/site-packages/gymnasium/envs/registration.py:694: UserWarning: [33mWARN: Overriding environment BabyAI-KeyCorridorS3R3-v0 already in registry.[0m
  logger.warn(f"Overriding environment {new_spec.id} already in registry.")
/home/sabrina/Documents/experiments/RL_for_pRNN/.venv/lib/python3.10/site-packages/gymnasium/envs/registration.py:694: UserWarning: [33mWARN: Overriding environment BabyAI-KeyCorridorS4R3-v0 already in registry.[0m
  logger.warn(f"Overriding environment {new_spec.id} already in registry.")
/home/sabrina/Documents/experiments/RL_for_pRNN/.venv/lib/python3.10/site-packages/gymnasium/envs/registration.py:694: UserWarning: [33mWARN: Overriding environment BabyAI-KeyCorridorS5R3-v0 already in registry.[0m
  logger.warn(f"Overriding environment {new_spec.id} already in registry.")
/home/sabrina/Documents/experiments/RL_for_pRNN/.venv/lib/python3.10/site-packages/gymnasium/envs/registration.py:694: UserWarning: [33mWARN: Overriding environment BabyAI-KeyCorridorS6R3-v0 already in registry.[0m
  logger.warn(f"Overriding environment {new_spec.id} already in registry.")
/home/sabrina/Documents/experiments/RL_for_pRNN/.venv/lib/python3.10/site-packages/gymnasium/envs/registration.py:694: UserWarning: [33mWARN: Overriding environment BabyAI-OneRoomS8-v0 already in registry.[0m
  logger.warn(f"Overriding environment {new_spec.id} already in registry.")
/home/sabrina/Documents/experiments/RL_for_pRNN/.venv/lib/python3.10/site-packages/gymnasium/envs/registration.py:694: UserWarning: [33mWARN: Overriding environment BabyAI-OneRoomS12-v0 already in registry.[0m
  logger.warn(f"Overriding environment {new_spec.id} already in registry.")
/home/sabrina/Documents/experiments/RL_for_pRNN/.venv/lib/python3.10/site-packages/gymnasium/envs/registration.py:694: UserWarning: [33mWARN: Overriding environment BabyAI-OneRoomS16-v0 already in registry.[0m
  logger.warn(f"Overriding environment {new_spec.id} already in registry.")
/home/sabrina/Documents/experiments/RL_for_pRNN/.venv/lib/python3.10/site-packages/gymnasium/envs/registration.py:694: UserWarning: [33mWARN: Overriding environment BabyAI-OneRoomS20-v0 already in registry.[0m
  logger.warn(f"Overriding environment {new_spec.id} already in registry.")
/home/sabrina/Documents/experiments/RL_for_pRNN/.venv/lib/python3.10/site-packages/gymnasium/envs/registration.py:694: UserWarning: [33mWARN: Overriding environment BabyAI-MoveTwoAcrossS5N2-v0 already in registry.[0m
  logger.warn(f"Overriding environment {new_spec.id} already in registry.")
/home/sabrina/Documents/experiments/RL_for_pRNN/.venv/lib/python3.10/site-packages/gymnasium/envs/registration.py:694: UserWarning: [33mWARN: Overriding environment BabyAI-MoveTwoAcrossS8N9-v0 already in registry.[0m
  logger.warn(f"Overriding environment {new_spec.id} already in registry.")
/home/sabrina/Documents/experiments/RL_for_pRNN/.venv/lib/python3.10/site-packages/gymnasium/envs/registration.py:694: UserWarning: [33mWARN: Overriding environment BabyAI-Synth-v0 already in registry.[0m
  logger.warn(f"Overriding environment {new_spec.id} already in registry.")
/home/sabrina/Documents/experiments/RL_for_pRNN/.venv/lib/python3.10/site-packages/gymnasium/envs/registration.py:694: UserWarning: [33mWARN: Overriding environment BabyAI-SynthS5R2-v0 already in registry.[0m
  logger.warn(f"Overriding environment {new_spec.id} already in registry.")
/home/sabrina/Documents/experiments/RL_for_pRNN/.venv/lib/python3.10/site-packages/gymnasium/envs/registration.py:694: UserWarning: [33mWARN: Overriding environment BabyAI-SynthLoc-v0 already in registry.[0m
  logger.warn(f"Overriding environment {new_spec.id} already in registry.")
/home/sabrina/Documents/experiments/RL_for_pRNN/.venv/lib/python3.10/site-packages/gymnasium/envs/registration.py:694: UserWarning: [33mWARN: Overriding environment BabyAI-SynthSeq-v0 already in registry.[0m
  logger.warn(f"Overriding environment {new_spec.id} already in registry.")
/home/sabrina/Documents/experiments/RL_for_pRNN/.venv/lib/python3.10/site-packages/gymnasium/envs/registration.py:694: UserWarning: [33mWARN: Overriding environment BabyAI-MiniBossLevel-v0 already in registry.[0m
  logger.warn(f"Overriding environment {new_spec.id} already in registry.")
/home/sabrina/Documents/experiments/RL_for_pRNN/.venv/lib/python3.10/site-packages/gymnasium/envs/registration.py:694: UserWarning: [33mWARN: Overriding environment BabyAI-BossLevel-v0 already in registry.[0m
  logger.warn(f"Overriding environment {new_spec.id} already in registry.")
/home/sabrina/Documents/experiments/RL_for_pRNN/.venv/lib/python3.10/site-packages/gymnasium/envs/registration.py:694: UserWarning: [33mWARN: Overriding environment BabyAI-BossLevelNoUnlock-v0 already in registry.[0m
  logger.warn(f"Overriding environment {new_spec.id} already in registry.")
/home/sabrina/Documents/experiments/RL_for_pRNN/.venv/lib/python3.10/site-packages/gymnasium/envs/registration.py:694: UserWarning: [33mWARN: Overriding environment MiniGrid-LRoom-v0 already in registry.[0m
  logger.warn(f"Overriding environment {new_spec.id} already in registry.")
/home/sabrina/Documents/experiments/RL_for_pRNN/.venv/lib/python3.10/site-packages/gymnasium/envs/registration.py:694: UserWarning: [33mWARN: Overriding environment MiniGrid-LRoom_LineGreen-v0 already in registry.[0m
  logger.warn(f"Overriding environment {new_spec.id} already in registry.")
/home/sabrina/Documents/experiments/RL_for_pRNN/.venv/lib/python3.10/site-packages/gymnasium/envs/registration.py:694: UserWarning: [33mWARN: Overriding environment MiniGrid-LRoom_Goal-v0 already in registry.[0m
  logger.warn(f"Overriding environment {new_spec.id} already in registry.")
/home/sabrina/Documents/experiments/RL_for_pRNN/.venv/lib/python3.10/site-packages/gymnasium/envs/registration.py:694: UserWarning: [33mWARN: Overriding environment MiniGrid-LRoom-SmallObj-v0 already in registry.[0m
  logger.warn(f"Overriding environment {new_spec.id} already in registry.")
/home/sabrina/Documents/experiments/RL_for_pRNN/.venv/lib/python3.10/site-packages/gymnasium/envs/registration.py:694: UserWarning: [33mWARN: Overriding environment MiniGrid-LRoom-Multi-v0 already in registry.[0m
  logger.warn(f"Overriding environment {new_spec.id} already in registry.")
/home/sabrina/Documents/experiments/RL_for_pRNN/.venv/lib/python3.10/site-packages/gymnasium/envs/registration.py:694: UserWarning: [33mWARN: Overriding environment MiniGrid-SquareRoom-v0 already in registry.[0m
  logger.warn(f"Overriding environment {new_spec.id} already in registry.")
/home/sabrina/Documents/experiments/RL_for_pRNN/.venv/lib/python3.10/site-packages/gymnasium/envs/registration.py:694: UserWarning: [33mWARN: Overriding environment MiniGrid-SquareRoom-Multi-v0 already in registry.[0m
  logger.warn(f"Overriding environment {new_spec.id} already in registry.")
/home/sabrina/Documents/experiments/RL_for_pRNN/.venv/lib/python3.10/site-packages/pynapple/process/tuning_curves.py:378: RuntimeWarning: invalid value encountered in divide
  fxfr = fx / fr
/home/sabrina/Documents/experiments/RL_for_pRNN/.venv/lib/python3.10/site-packages/pynapple/process/tuning_curves.py:389: RuntimeWarning: invalid value encountered in divide
  SI = SI / fr[:, 0, 0]
/home/sabrina/Documents/experiments/RL_for_pRNN/.venv/lib/python3.10/site-packages/pynapple/process/tuning_curves.py:378: RuntimeWarning: invalid value encountered in divide
  fxfr = fx / fr
/home/sabrina/Documents/experiments/RL_for_pRNN/.venv/lib/python3.10/site-packages/pynapple/process/tuning_curves.py:389: RuntimeWarning: invalid value encountered in divide
  SI = SI / fr[:, 0, 0]
/home/sabrina/Documents/experiments/RL_for_pRNN/.venv/lib/python3.10/site-packages/pynapple/process/tuning_curves.py:378: RuntimeWarning: invalid value encountered in divide
  fxfr = fx / fr
/home/sabrina/Documents/experiments/RL_for_pRNN/.venv/lib/python3.10/site-packages/pynapple/process/tuning_curves.py:389: RuntimeWarning: invalid value encountered in divide
  SI = SI / fr[:, 0, 0]
/home/sabrina/Documents/experiments/RL_for_pRNN/.venv/lib/python3.10/site-packages/pynapple/process/tuning_curves.py:378: RuntimeWarning: invalid value encountered in divide
  fxfr = fx / fr
/home/sabrina/Documents/experiments/RL_for_pRNN/.venv/lib/python3.10/site-packages/pynapple/process/tuning_curves.py:389: RuntimeWarning: invalid value encountered in divide
  SI = SI / fr[:, 0, 0]
/home/sabrina/Documents/experiments/RL_for_pRNN/.venv/lib/python3.10/site-packages/pynapple/process/tuning_curves.py:378: RuntimeWarning: invalid value encountered in divide
  fxfr = fx / fr
/home/sabrina/Documents/experiments/RL_for_pRNN/.venv/lib/python3.10/site-packages/pynapple/process/tuning_curves.py:389: RuntimeWarning: invalid value encountered in divide
  SI = SI / fr[:, 0, 0]
/home/sabrina/Documents/experiments/RL_for_pRNN/.venv/lib/python3.10/site-packages/pynapple/process/tuning_curves.py:378: RuntimeWarning: invalid value encountered in divide
  fxfr = fx / fr
/home/sabrina/Documents/experiments/RL_for_pRNN/.venv/lib/python3.10/site-packages/pynapple/process/tuning_curves.py:389: RuntimeWarning: invalid value encountered in divide
  SI = SI / fr[:, 0, 0]
/home/sabrina/Documents/experiments/RL_for_pRNN/.venv/lib/python3.10/site-packages/pynapple/process/tuning_curves.py:378: RuntimeWarning: invalid value encountered in divide
  fxfr = fx / fr
/home/sabrina/Documents/experiments/RL_for_pRNN/.venv/lib/python3.10/site-packages/pynapple/process/tuning_curves.py:389: RuntimeWarning: invalid value encountered in divide
  SI = SI / fr[:, 0, 0]
/home/sabrina/Documents/experiments/RL_for_pRNN/.venv/lib/python3.10/site-packages/pynapple/process/tuning_curves.py:378: RuntimeWarning: invalid value encountered in divide
  fxfr = fx / fr
/home/sabrina/Documents/experiments/RL_for_pRNN/.venv/lib/python3.10/site-packages/pynapple/process/tuning_curves.py:389: RuntimeWarning: invalid value encountered in divide
  SI = SI / fr[:, 0, 0]
/home/sabrina/Documents/experiments/RL_for_pRNN/.venv/lib/python3.10/site-packages/pynapple/process/tuning_curves.py:378: RuntimeWarning: invalid value encountered in divide
  fxfr = fx / fr
/home/sabrina/Documents/experiments/RL_for_pRNN/.venv/lib/python3.10/site-packages/pynapple/process/tuning_curves.py:389: RuntimeWarning: invalid value encountered in divide
  SI = SI / fr[:, 0, 0]
/home/sabrina/Documents/experiments/RL_for_pRNN/.venv/lib/python3.10/site-packages/pynapple/process/tuning_curves.py:378: RuntimeWarning: invalid value encountered in divide
  fxfr = fx / fr
/home/sabrina/Documents/experiments/RL_for_pRNN/.venv/lib/python3.10/site-packages/pynapple/process/tuning_curves.py:389: RuntimeWarning: invalid value encountered in divide
  SI = SI / fr[:, 0, 0]
/home/sabrina/Documents/experiments/RL_for_pRNN/.venv/lib/python3.10/site-packages/pynapple/process/tuning_curves.py:378: RuntimeWarning: invalid value encountered in divide
  fxfr = fx / fr
/home/sabrina/Documents/experiments/RL_for_pRNN/.venv/lib/python3.10/site-packages/pynapple/process/tuning_curves.py:389: RuntimeWarning: invalid value encountered in divide
  SI = SI / fr[:, 0, 0]
/home/sabrina/Documents/experiments/RL_for_pRNN/.venv/lib/python3.10/site-packages/pynapple/process/tuning_curves.py:378: RuntimeWarning: invalid value encountered in divide
  fxfr = fx / fr
/home/sabrina/Documents/experiments/RL_for_pRNN/.venv/lib/python3.10/site-packages/pynapple/process/tuning_curves.py:389: RuntimeWarning: invalid value encountered in divide
  SI = SI / fr[:, 0, 0]
/home/sabrina/Documents/experiments/RL_for_pRNN/.venv/lib/python3.10/site-packages/pynapple/process/tuning_curves.py:378: RuntimeWarning: invalid value encountered in divide
  fxfr = fx / fr
/home/sabrina/Documents/experiments/RL_for_pRNN/.venv/lib/python3.10/site-packages/pynapple/process/tuning_curves.py:389: RuntimeWarning: invalid value encountered in divide
  SI = SI / fr[:, 0, 0]
/home/sabrina/Documents/experiments/RL_for_pRNN/.venv/lib/python3.10/site-packages/pynapple/process/tuning_curves.py:378: RuntimeWarning: invalid value encountered in divide
  fxfr = fx / fr
/home/sabrina/Documents/experiments/RL_for_pRNN/.venv/lib/python3.10/site-packages/pynapple/process/tuning_curves.py:389: RuntimeWarning: invalid value encountered in divide
  SI = SI / fr[:, 0, 0]
/home/sabrina/Documents/experiments/RL_for_pRNN/.venv/lib/python3.10/site-packages/pynapple/process/tuning_curves.py:378: RuntimeWarning: invalid value encountered in divide
  fxfr = fx / fr
/home/sabrina/Documents/experiments/RL_for_pRNN/.venv/lib/python3.10/site-packages/pynapple/process/tuning_curves.py:389: RuntimeWarning: invalid value encountered in divide
  SI = SI / fr[:, 0, 0]
/home/sabrina/Documents/experiments/RL_for_pRNN/.venv/lib/python3.10/site-packages/pynapple/process/tuning_curves.py:378: RuntimeWarning: invalid value encountered in divide
  fxfr = fx / fr
/home/sabrina/Documents/experiments/RL_for_pRNN/.venv/lib/python3.10/site-packages/pynapple/process/tuning_curves.py:389: RuntimeWarning: invalid value encountered in divide
  SI = SI / fr[:, 0, 0]
/home/sabrina/Documents/experiments/RL_for_pRNN/.venv/lib/python3.10/site-packages/pynapple/process/tuning_curves.py:378: RuntimeWarning: invalid value encountered in divide
  fxfr = fx / fr
/home/sabrina/Documents/experiments/RL_for_pRNN/.venv/lib/python3.10/site-packages/pynapple/process/tuning_curves.py:389: RuntimeWarning: invalid value encountered in divide
  SI = SI / fr[:, 0, 0]
/home/sabrina/Documents/experiments/RL_for_pRNN/.venv/lib/python3.10/site-packages/pynapple/process/tuning_curves.py:378: RuntimeWarning: invalid value encountered in divide
  fxfr = fx / fr
/home/sabrina/Documents/experiments/RL_for_pRNN/.venv/lib/python3.10/site-packages/pynapple/process/tuning_curves.py:389: RuntimeWarning: invalid value encountered in divide
  SI = SI / fr[:, 0, 0]
/home/sabrina/Documents/experiments/RL_for_pRNN/.venv/lib/python3.10/site-packages/pynapple/process/tuning_curves.py:378: RuntimeWarning: invalid value encountered in divide
  fxfr = fx / fr
/home/sabrina/Documents/experiments/RL_for_pRNN/.venv/lib/python3.10/site-packages/pynapple/process/tuning_curves.py:389: RuntimeWarning: invalid value encountered in divide
  SI = SI / fr[:, 0, 0]
/home/sabrina/Documents/experiments/RL_for_pRNN/.venv/lib/python3.10/site-packages/pynapple/process/tuning_curves.py:378: RuntimeWarning: invalid value encountered in divide
  fxfr = fx / fr
/home/sabrina/Documents/experiments/RL_for_pRNN/.venv/lib/python3.10/site-packages/pynapple/process/tuning_curves.py:389: RuntimeWarning: invalid value encountered in divide
  SI = SI / fr[:, 0, 0]
config: outputs/fetched/mx-impassable-n8-s3-mse-off0_curious_26-09-13-15-29-36/provenance.json
10 checkpoints in MiniGrid-LRoom-Multi-v0 (base room MiniGrid-LRoom-v0), source=Selected(positions=(0, 1, 2, 3, 5, 6, 7, 8), impassable=True, keep_landmarks=None): 8/8 rooms scored, 6 probe trajectories x 256 steps
    18934ed6  triangle3/blue@(5, 3)  plus/green@(3, 10)  block3/red@(12, 5)
    c6552dcb  triangle3/blue@(9, 5)  plus/green@(4, 12)  block3/red@(3, 5)
    a4bea8f9  triangle3/blue@(6, 4)  plus/green@(12, 6)  block3/red@(8, 12)
    3273ea92  triangle3/blue@(3, 11)  plus/green@(6, 4)  block3/red@(12, 4)
    b3dde3a0  triangle3/blue@(4, 12)  plus/green@(11, 3)  block3/red@(4, 6)
    a6d51256  triangle3/blue@(8, 11)  plus/green@(10, 3)  block3/red@(4, 3)
    a0e87e46  triangle3/blue@(6, 4)  plus/green@(12, 3)  block3/red@(4, 11)
    42fff5db  triangle3/blue@(10, 4)  plus/green@(7, 11)  block3/red@(4, 5)
[load_pN] Completed loading. All tensors should now be on cpu
        step    loss@1893    loss@c655    loss@a4be    loss@3273    loss@b3dd    loss@a6d5    loss@a0e8    loss@42ff  mean sRSA   pooled    remap   SWdist
[load_pN] Completed loading. All tensors should now be on cpu
   8,388,608     0.014038     0.016028     0.016002     0.013550     0.015224     0.014992     0.015467     0.015613     0.1840   0.1802  +0.0038   0.0136
[load_pN] Completed loading. All tensors should now be on cpu
  16,777,216     0.012475     0.014068     0.013856     0.011677     0.013239     0.012992     0.013007     0.013657     0.2167   0.2070  +0.0097   0.0238
[load_pN] Completed loading. All tensors should now be on cpu
  25,165,824     0.011058     0.012359     0.012527     0.010447     0.011731     0.011750     0.011751     0.011975     0.2636   0.2524  +0.0112   0.0335
[load_pN] Completed loading. All tensors should now be on cpu
  33,554,432     0.010517     0.011032     0.011596     0.009988     0.010607     0.010779     0.010580     0.010627     0.3033   0.2740  +0.0293   0.0374
[load_pN] Completed loading. All tensors should now be on cpu
  41,943,040     0.010249     0.010663     0.010958     0.009388     0.010204     0.010478     0.010063     0.010160     0.3514   0.3188  +0.0326   0.0404
[load_pN] Completed loading. All tensors should now be on cpu
  50,331,648     0.009789     0.010308     0.010624     0.009378     0.009826     0.010001     0.009951     0.009732     0.3610   0.3110  +0.0500   0.0573
[load_pN] Completed loading. All tensors should now be on cpu
  58,720,256     0.009511     0.010107     0.010158     0.009130     0.009544     0.009998     0.009802     0.009730     0.3579   0.3144  +0.0435   0.0704
[load_pN] Completed loading. All tensors should now be on cpu
  67,108,864     0.009503     0.009660     0.010186     0.008609     0.009015     0.009461     0.009553     0.009228     0.4113   0.3605  +0.0507   0.0620
[load_pN] Completed loading. All tensors should now be on cpu
  75,497,472     0.008472     0.009014     0.009469     0.008037     0.008415     0.008984     0.008864     0.008413     0.4465   0.3859  +0.0606   0.0737
[load_pN] Completed loading. All tensors should now be on cpu
  83,886,080     0.008696     0.009463     0.009475     0.008352     0.008840     0.009279     0.009086     0.008993     0.4136   0.3558  +0.0578   0.0808   (latest)

prediction loss 0.015114 -> 0.009023  (DECREASING)
wrote outputs/fetched/mx-impassable-n8-s3-mse-off0_curious_26-09-13-15-29-36/checkpoint_curve.json
