/home/sabrina/Documents/experiments/RL_for_pRNN/.venv/lib/python3.10/site-packages/gymnasium/envs/registration.py:694: UserWarning: [33mWARN: Overriding environment MiniGrid-BlockedUnlockPickup-v0 already in registry.[0m
  logger.warn(f"Overriding environment {new_spec.id} already in registry.")
/home/sabrina/Documents/experiments/RL_for_pRNN/.venv/lib/python3.10/site-packages/gymnasium/envs/registration.py:694: UserWarning: [33mWARN: Overriding environment MiniGrid-LavaCrossingS9N1-v0 already in registry.[0m
  logger.warn(f"Overriding environment {new_spec.id} already in registry.")
/home/sabrina/Documents/experiments/RL_for_pRNN/.venv/lib/python3.10/site-packages/gymnasium/envs/registration.py:694: UserWarning: [33mWARN: Overriding environment MiniGrid-LavaCrossingS9N2-v0 already in registry.[0m
  logger.warn(f"Overriding environment {new_spec.id} already in registry.")
/home/sabrina/Documents/experiments/RL_for_pRNN/.venv/lib/python3.10/site-packages/gymnasium/envs/registration.py:694: UserWarning: [33mWARN: Overriding environment MiniGrid-LavaCrossingS9N3-v0 already in registry.[0m
  logger.warn(f"Overriding environment {new_spec.id} already in registry.")
/home/sabrina/Documents/experiments/RL_for_pRNN/.venv/lib/python3.10/site-packages/gymnasium/envs/registration.py:694: UserWarning: [33mWARN: Overriding environment MiniGrid-LavaCrossingS11N5-v0 already in registry.[0m
  logger.warn(f"Overriding environment {new_spec.id} already in registry.")
/home/sabrina/Documents/experiments/RL_for_pRNN/.venv/lib/python3.10/site-packages/gymnasium/envs/registration.py:694: UserWarning: [33mWARN: Overriding environment MiniGrid-SimpleCrossingS9N1-v0 already in registry.[0m
  logger.warn(f"Overriding environment {new_spec.id} already in registry.")
/home/sabrina/Documents/experiments/RL_for_pRNN/.venv/lib/python3.10/site-packages/gymnasium/envs/registration.py:694: UserWarning: [33mWARN: Overriding environment MiniGrid-SimpleCrossingS9N2-v0 already in registry.[0m
  logger.warn(f"Overriding environment {new_spec.id} already in registry.")
/home/sabrina/Documents/experiments/RL_for_pRNN/.venv/lib/python3.10/site-packages/gymnasium/envs/registration.py:694: UserWarning: [33mWARN: Overriding environment MiniGrid-SimpleCrossingS9N3-v0 already in registry.[0m
  logger.warn(f"Overriding environment {new_spec.id} already in registry.")
/home/sabrina/Documents/experiments/RL_for_pRNN/.venv/lib/python3.10/site-packages/gymnasium/envs/registration.py:694: UserWarning: [33mWARN: Overriding environment MiniGrid-SimpleCrossingS11N5-v0 already in registry.[0m
  logger.warn(f"Overriding environment {new_spec.id} already in registry.")
/home/sabrina/Documents/experiments/RL_for_pRNN/.venv/lib/python3.10/site-packages/gymnasium/envs/registration.py:694: UserWarning: [33mWARN: Overriding environment MiniGrid-DistShift1-v0 already in registry.[0m
  logger.warn(f"Overriding environment {new_spec.id} already in registry.")
/home/sabrina/Documents/experiments/RL_for_pRNN/.venv/lib/python3.10/site-packages/gymnasium/envs/registration.py:694: UserWarning: [33mWARN: Overriding environment MiniGrid-DistShift2-v0 already in registry.[0m
  logger.warn(f"Overriding environment {new_spec.id} already in registry.")
/home/sabrina/Documents/experiments/RL_for_pRNN/.venv/lib/python3.10/site-packages/gymnasium/envs/registration.py:694: UserWarning: [33mWARN: Overriding environment MiniGrid-DonutRoom-16x16-v0 already in registry.[0m
  logger.warn(f"Overriding environment {new_spec.id} already in registry.")
/home/sabrina/Documents/experiments/RL_for_pRNN/.venv/lib/python3.10/site-packages/gymnasium/envs/registration.py:694: UserWarning: [33mWARN: Overriding environment MiniGrid-DonutRoom-17x17-v0 already in registry.[0m
  logger.warn(f"Overriding environment {new_spec.id} already in registry.")
/home/sabrina/Documents/experiments/RL_for_pRNN/.venv/lib/python3.10/site-packages/gymnasium/envs/registration.py:694: UserWarning: [33mWARN: Overriding environment MiniGrid-DonutRoom-20x20-v0 already in registry.[0m
  logger.warn(f"Overriding environment {new_spec.id} already in registry.")
/home/sabrina/Documents/experiments/RL_for_pRNN/.venv/lib/python3.10/site-packages/gymnasium/envs/registration.py:694: UserWarning: [33mWARN: Overriding environment MiniGrid-DonutRoom-18x18-v0 already in registry.[0m
  logger.warn(f"Overriding environment {new_spec.id} already in registry.")
/home/sabrina/Documents/experiments/RL_for_pRNN/.venv/lib/python3.10/site-packages/gymnasium/envs/registration.py:694: UserWarning: [33mWARN: Overriding environment MiniGrid-DonutLava-Long-v0 already in registry.[0m
  logger.warn(f"Overriding environment {new_spec.id} already in registry.")
/home/sabrina/Documents/experiments/RL_for_pRNN/.venv/lib/python3.10/site-packages/gymnasium/envs/registration.py:694: UserWarning: [33mWARN: Overriding environment MiniGrid-DonutLava-Long-neg02-v0 already in registry.[0m
  logger.warn(f"Overriding environment {new_spec.id} already in registry.")
/home/sabrina/Documents/experiments/RL_for_pRNN/.venv/lib/python3.10/site-packages/gymnasium/envs/registration.py:694: UserWarning: [33mWARN: Overriding environment MiniGrid-DonutLava-Long-neg025-v0 already in registry.[0m
  logger.warn(f"Overriding environment {new_spec.id} already in registry.")
/home/sabrina/Documents/experiments/RL_for_pRNN/.venv/lib/python3.10/site-packages/gymnasium/envs/registration.py:694: UserWarning: [33mWARN: Overriding environment MiniGrid-DonutLava-Long-neg03-v0 already in registry.[0m
  logger.warn(f"Overriding environment {new_spec.id} already in registry.")
/home/sabrina/Documents/experiments/RL_for_pRNN/.venv/lib/python3.10/site-packages/gymnasium/envs/registration.py:694: UserWarning: [33mWARN: Overriding environment MiniGrid-DonutLava-Long-neg04-v0 already in registry.[0m
  logger.warn(f"Overriding environment {new_spec.id} already in registry.")
/home/sabrina/Documents/experiments/RL_for_pRNN/.venv/lib/python3.10/site-packages/gymnasium/envs/registration.py:694: UserWarning: [33mWARN: Overriding environment MiniGrid-DonutLava-Long-neg05-v0 already in registry.[0m
  logger.warn(f"Overriding environment {new_spec.id} already in registry.")
/home/sabrina/Documents/experiments/RL_for_pRNN/.venv/lib/python3.10/site-packages/gymnasium/envs/registration.py:694: UserWarning: [33mWARN: Overriding environment MiniGrid-DonutLava-Long-neg10-v0 already in registry.[0m
  logger.warn(f"Overriding environment {new_spec.id} already in registry.")
/home/sabrina/Documents/experiments/RL_for_pRNN/.venv/lib/python3.10/site-packages/gymnasium/envs/registration.py:694: UserWarning: [33mWARN: Overriding environment MiniGrid-DonutLava-Long-v1 already in registry.[0m
  logger.warn(f"Overriding environment {new_spec.id} already in registry.")
/home/sabrina/Documents/experiments/RL_for_pRNN/.venv/lib/python3.10/site-packages/gymnasium/envs/registration.py:694: UserWarning: [33mWARN: Overriding environment MiniGrid-DonutLava-Long-neg05-v1 already in registry.[0m
  logger.warn(f"Overriding environment {new_spec.id} already in registry.")
/home/sabrina/Documents/experiments/RL_for_pRNN/.venv/lib/python3.10/site-packages/gymnasium/envs/registration.py:694: UserWarning: [33mWARN: Overriding environment MiniGrid-DonutLava-Long-v2 already in registry.[0m
  logger.warn(f"Overriding environment {new_spec.id} already in registry.")
/home/sabrina/Documents/experiments/RL_for_pRNN/.venv/lib/python3.10/site-packages/gymnasium/envs/registration.py:694: UserWarning: [33mWARN: Overriding environment MiniGrid-DonutLava-Long-neg05-v2 already in registry.[0m
  logger.warn(f"Overriding environment {new_spec.id} already in registry.")
/home/sabrina/Documents/experiments/RL_for_pRNN/.venv/lib/python3.10/site-packages/gymnasium/envs/registration.py:694: UserWarning: [33mWARN: Overriding environment MiniGrid-DonutLava-16x16-v0 already in registry.[0m
  logger.warn(f"Overriding environment {new_spec.id} already in registry.")
/home/sabrina/Documents/experiments/RL_for_pRNN/.venv/lib/python3.10/site-packages/gymnasium/envs/registration.py:694: UserWarning: [33mWARN: Overriding environment MiniGrid-DonutLava-17x17-v0 already in registry.[0m
  logger.warn(f"Overriding environment {new_spec.id} already in registry.")
/home/sabrina/Documents/experiments/RL_for_pRNN/.venv/lib/python3.10/site-packages/gymnasium/envs/registration.py:694: UserWarning: [33mWARN: Overriding environment MiniGrid-DonutLava-17x17-neg02-v0 already in registry.[0m
  logger.warn(f"Overriding environment {new_spec.id} already in registry.")
/home/sabrina/Documents/experiments/RL_for_pRNN/.venv/lib/python3.10/site-packages/gymnasium/envs/registration.py:694: UserWarning: [33mWARN: Overriding environment MiniGrid-DonutLava-17x17-neg021-v0 already in registry.[0m
  logger.warn(f"Overriding environment {new_spec.id} already in registry.")
/home/sabrina/Documents/experiments/RL_for_pRNN/.venv/lib/python3.10/site-packages/gymnasium/envs/registration.py:694: UserWarning: [33mWARN: Overriding environment MiniGrid-DonutLava-17x17-neg022-v0 already in registry.[0m
  logger.warn(f"Overriding environment {new_spec.id} already in registry.")
/home/sabrina/Documents/experiments/RL_for_pRNN/.venv/lib/python3.10/site-packages/gymnasium/envs/registration.py:694: UserWarning: [33mWARN: Overriding environment MiniGrid-DonutLava-17x17-neg023-v0 already in registry.[0m
  logger.warn(f"Overriding environment {new_spec.id} already in registry.")
/home/sabrina/Documents/experiments/RL_for_pRNN/.venv/lib/python3.10/site-packages/gymnasium/envs/registration.py:694: UserWarning: [33mWARN: Overriding environment MiniGrid-DonutLava-17x17-neg024-v0 already in registry.[0m
  logger.warn(f"Overriding environment {new_spec.id} already in registry.")
/home/sabrina/Documents/experiments/RL_for_pRNN/.venv/lib/python3.10/site-packages/gymnasium/envs/registration.py:694: UserWarning: [33mWARN: Overriding environment MiniGrid-DonutLava-17x17-neg025-v0 already in registry.[0m
  logger.warn(f"Overriding environment {new_spec.id} already in registry.")
/home/sabrina/Documents/experiments/RL_for_pRNN/.venv/lib/python3.10/site-packages/gymnasium/envs/registration.py:694: UserWarning: [33mWARN: Overriding environment MiniGrid-DonutLava-17x17-neg03-v0 already in registry.[0m
  logger.warn(f"Overriding environment {new_spec.id} already in registry.")
/home/sabrina/Documents/experiments/RL_for_pRNN/.venv/lib/python3.10/site-packages/gymnasium/envs/registration.py:694: UserWarning: [33mWARN: Overriding environment MiniGrid-DonutLava-17x17-neg035-v0 already in registry.[0m
  logger.warn(f"Overriding environment {new_spec.id} already in registry.")
/home/sabrina/Documents/experiments/RL_for_pRNN/.venv/lib/python3.10/site-packages/gymnasium/envs/registration.py:694: UserWarning: [33mWARN: Overriding environment MiniGrid-DonutLava-17x17-neg04-v0 already in registry.[0m
  logger.warn(f"Overriding environment {new_spec.id} already in registry.")
/home/sabrina/Documents/experiments/RL_for_pRNN/.venv/lib/python3.10/site-packages/gymnasium/envs/registration.py:694: UserWarning: [33mWARN: Overriding environment MiniGrid-DonutLava-17x17-neg045-v0 already in registry.[0m
  logger.warn(f"Overriding environment {new_spec.id} already in registry.")
/home/sabrina/Documents/experiments/RL_for_pRNN/.venv/lib/python3.10/site-packages/gymnasium/envs/registration.py:694: UserWarning: [33mWARN: Overriding environment MiniGrid-DonutLava-17x17-neg05-v0 already in registry.[0m
  logger.warn(f"Overriding environment {new_spec.id} already in registry.")
/home/sabrina/Documents/experiments/RL_for_pRNN/.venv/lib/python3.10/site-packages/gymnasium/envs/registration.py:694: UserWarning: [33mWARN: Overriding environment MiniGrid-DonutLava-20x20-v0 already in registry.[0m
  logger.warn(f"Overriding environment {new_spec.id} already in registry.")
/home/sabrina/Documents/experiments/RL_for_pRNN/.venv/lib/python3.10/site-packages/gymnasium/envs/registration.py:694: UserWarning: [33mWARN: Overriding environment MiniGrid-DonutLava-18x18-v0 already in registry.[0m
  logger.warn(f"Overriding environment {new_spec.id} already in registry.")
/home/sabrina/Documents/experiments/RL_for_pRNN/.venv/lib/python3.10/site-packages/gymnasium/envs/registration.py:694: UserWarning: [33mWARN: Overriding environment MiniGrid-DoorKey-5x5-v0 already in registry.[0m
  logger.warn(f"Overriding environment {new_spec.id} already in registry.")
/home/sabrina/Documents/experiments/RL_for_pRNN/.venv/lib/python3.10/site-packages/gymnasium/envs/registration.py:694: UserWarning: [33mWARN: Overriding environment MiniGrid-DoorKey-6x6-v0 already in registry.[0m
  logger.warn(f"Overriding environment {new_spec.id} already in registry.")
/home/sabrina/Documents/experiments/RL_for_pRNN/.venv/lib/python3.10/site-packages/gymnasium/envs/registration.py:694: UserWarning: [33mWARN: Overriding environment MiniGrid-DoorKey-8x8-v0 already in registry.[0m
  logger.warn(f"Overriding environment {new_spec.id} already in registry.")
/home/sabrina/Documents/experiments/RL_for_pRNN/.venv/lib/python3.10/site-packages/gymnasium/envs/registration.py:694: UserWarning: [33mWARN: Overriding environment MiniGrid-DoorKey-16x16-v0 already in registry.[0m
  logger.warn(f"Overriding environment {new_spec.id} already in registry.")
/home/sabrina/Documents/experiments/RL_for_pRNN/.venv/lib/python3.10/site-packages/gymnasium/envs/registration.py:694: UserWarning: [33mWARN: Overriding environment MiniGrid-Dynamic-Obstacles-5x5-v0 already in registry.[0m
  logger.warn(f"Overriding environment {new_spec.id} already in registry.")
/home/sabrina/Documents/experiments/RL_for_pRNN/.venv/lib/python3.10/site-packages/gymnasium/envs/registration.py:694: UserWarning: [33mWARN: Overriding environment MiniGrid-Dynamic-Obstacles-Random-5x5-v0 already in registry.[0m
  logger.warn(f"Overriding environment {new_spec.id} already in registry.")
/home/sabrina/Documents/experiments/RL_for_pRNN/.venv/lib/python3.10/site-packages/gymnasium/envs/registration.py:694: UserWarning: [33mWARN: Overriding environment MiniGrid-Dynamic-Obstacles-6x6-v0 already in registry.[0m
  logger.warn(f"Overriding environment {new_spec.id} already in registry.")
/home/sabrina/Documents/experiments/RL_for_pRNN/.venv/lib/python3.10/site-packages/gymnasium/envs/registration.py:694: UserWarning: [33mWARN: Overriding environment MiniGrid-Dynamic-Obstacles-Random-6x6-v0 already in registry.[0m
  logger.warn(f"Overriding environment {new_spec.id} already in registry.")
/home/sabrina/Documents/experiments/RL_for_pRNN/.venv/lib/python3.10/site-packages/gymnasium/envs/registration.py:694: UserWarning: [33mWARN: Overriding environment MiniGrid-Dynamic-Obstacles-8x8-v0 already in registry.[0m
  logger.warn(f"Overriding environment {new_spec.id} already in registry.")
/home/sabrina/Documents/experiments/RL_for_pRNN/.venv/lib/python3.10/site-packages/gymnasium/envs/registration.py:694: UserWarning: [33mWARN: Overriding environment MiniGrid-Dynamic-Obstacles-16x16-v0 already in registry.[0m
  logger.warn(f"Overriding environment {new_spec.id} already in registry.")
/home/sabrina/Documents/experiments/RL_for_pRNN/.venv/lib/python3.10/site-packages/gymnasium/envs/registration.py:694: UserWarning: [33mWARN: Overriding environment MiniGrid-Empty-5x5-v0 already in registry.[0m
  logger.warn(f"Overriding environment {new_spec.id} already in registry.")
/home/sabrina/Documents/experiments/RL_for_pRNN/.venv/lib/python3.10/site-packages/gymnasium/envs/registration.py:694: UserWarning: [33mWARN: Overriding environment MiniGrid-Empty-Random-5x5-v0 already in registry.[0m
  logger.warn(f"Overriding environment {new_spec.id} already in registry.")
/home/sabrina/Documents/experiments/RL_for_pRNN/.venv/lib/python3.10/site-packages/gymnasium/envs/registration.py:694: UserWarning: [33mWARN: Overriding environment MiniGrid-Empty-6x6-v0 already in registry.[0m
  logger.warn(f"Overriding environment {new_spec.id} already in registry.")
/home/sabrina/Documents/experiments/RL_for_pRNN/.venv/lib/python3.10/site-packages/gymnasium/envs/registration.py:694: UserWarning: [33mWARN: Overriding environment MiniGrid-Empty-Random-6x6-v0 already in registry.[0m
  logger.warn(f"Overriding environment {new_spec.id} already in registry.")
/home/sabrina/Documents/experiments/RL_for_pRNN/.venv/lib/python3.10/site-packages/gymnasium/envs/registration.py:694: UserWarning: [33mWARN: Overriding environment MiniGrid-Empty-8x8-v0 already in registry.[0m
  logger.warn(f"Overriding environment {new_spec.id} already in registry.")
/home/sabrina/Documents/experiments/RL_for_pRNN/.venv/lib/python3.10/site-packages/gymnasium/envs/registration.py:694: UserWarning: [33mWARN: Overriding environment MiniGrid-Empty-16x16-v0 already in registry.[0m
  logger.warn(f"Overriding environment {new_spec.id} already in registry.")
/home/sabrina/Documents/experiments/RL_for_pRNN/.venv/lib/python3.10/site-packages/gymnasium/envs/registration.py:694: UserWarning: [33mWARN: Overriding environment MiniGrid-FakeLava-5x5-3x4-v0 already in registry.[0m
  logger.warn(f"Overriding environment {new_spec.id} already in registry.")
/home/sabrina/Documents/experiments/RL_for_pRNN/.venv/lib/python3.10/site-packages/gymnasium/envs/registration.py:694: UserWarning: [33mWARN: Overriding environment MiniGrid-FakeLava-5x5-3x4-v1 already in registry.[0m
  logger.warn(f"Overriding environment {new_spec.id} already in registry.")
/home/sabrina/Documents/experiments/RL_for_pRNN/.venv/lib/python3.10/site-packages/gymnasium/envs/registration.py:694: UserWarning: [33mWARN: Overriding environment MiniGrid-FakeLava-5x5-3x4-neg02-v0 already in registry.[0m
  logger.warn(f"Overriding environment {new_spec.id} already in registry.")
/home/sabrina/Documents/experiments/RL_for_pRNN/.venv/lib/python3.10/site-packages/gymnasium/envs/registration.py:694: UserWarning: [33mWARN: Overriding environment MiniGrid-FakeLava-5x5-3x4-neg021-v0 already in registry.[0m
  logger.warn(f"Overriding environment {new_spec.id} already in registry.")
/home/sabrina/Documents/experiments/RL_for_pRNN/.venv/lib/python3.10/site-packages/gymnasium/envs/registration.py:694: UserWarning: [33mWARN: Overriding environment MiniGrid-FakeLava-5x5-3x4-neg022-v0 already in registry.[0m
  logger.warn(f"Overriding environment {new_spec.id} already in registry.")
/home/sabrina/Documents/experiments/RL_for_pRNN/.venv/lib/python3.10/site-packages/gymnasium/envs/registration.py:694: UserWarning: [33mWARN: Overriding environment MiniGrid-FakeLava-5x5-3x4-neg023-v0 already in registry.[0m
  logger.warn(f"Overriding environment {new_spec.id} already in registry.")
/home/sabrina/Documents/experiments/RL_for_pRNN/.venv/lib/python3.10/site-packages/gymnasium/envs/registration.py:694: UserWarning: [33mWARN: Overriding environment MiniGrid-FakeLava-5x5-3x4-neg024-v0 already in registry.[0m
  logger.warn(f"Overriding environment {new_spec.id} already in registry.")
/home/sabrina/Documents/experiments/RL_for_pRNN/.venv/lib/python3.10/site-packages/gymnasium/envs/registration.py:694: UserWarning: [33mWARN: Overriding environment MiniGrid-FakeLava-5x5-3x4-neg025-v0 already in registry.[0m
  logger.warn(f"Overriding environment {new_spec.id} already in registry.")
/home/sabrina/Documents/experiments/RL_for_pRNN/.venv/lib/python3.10/site-packages/gymnasium/envs/registration.py:694: UserWarning: [33mWARN: Overriding environment MiniGrid-FakeLava-5x5-3x4-neg026-v0 already in registry.[0m
  logger.warn(f"Overriding environment {new_spec.id} already in registry.")
/home/sabrina/Documents/experiments/RL_for_pRNN/.venv/lib/python3.10/site-packages/gymnasium/envs/registration.py:694: UserWarning: [33mWARN: Overriding environment MiniGrid-FakeLava-5x5-3x4-neg027-v0 already in registry.[0m
  logger.warn(f"Overriding environment {new_spec.id} already in registry.")
/home/sabrina/Documents/experiments/RL_for_pRNN/.venv/lib/python3.10/site-packages/gymnasium/envs/registration.py:694: UserWarning: [33mWARN: Overriding environment MiniGrid-FakeLava-5x5-3x4-neg028-v0 already in registry.[0m
  logger.warn(f"Overriding environment {new_spec.id} already in registry.")
/home/sabrina/Documents/experiments/RL_for_pRNN/.venv/lib/python3.10/site-packages/gymnasium/envs/registration.py:694: UserWarning: [33mWARN: Overriding environment MiniGrid-FakeLava-5x5-3x4-neg029-v0 already in registry.[0m
  logger.warn(f"Overriding environment {new_spec.id} already in registry.")
/home/sabrina/Documents/experiments/RL_for_pRNN/.venv/lib/python3.10/site-packages/gymnasium/envs/registration.py:694: UserWarning: [33mWARN: Overriding environment MiniGrid-FakeLava-5x5-3x4-neg03-v0 already in registry.[0m
  logger.warn(f"Overriding environment {new_spec.id} already in registry.")
/home/sabrina/Documents/experiments/RL_for_pRNN/.venv/lib/python3.10/site-packages/gymnasium/envs/registration.py:694: UserWarning: [33mWARN: Overriding environment MiniGrid-FakeLava-5x5-3x4-neg031-v0 already in registry.[0m
  logger.warn(f"Overriding environment {new_spec.id} already in registry.")
/home/sabrina/Documents/experiments/RL_for_pRNN/.venv/lib/python3.10/site-packages/gymnasium/envs/registration.py:694: UserWarning: [33mWARN: Overriding environment MiniGrid-FakeLava-5x5-3x4-neg032-v0 already in registry.[0m
  logger.warn(f"Overriding environment {new_spec.id} already in registry.")
/home/sabrina/Documents/experiments/RL_for_pRNN/.venv/lib/python3.10/site-packages/gymnasium/envs/registration.py:694: UserWarning: [33mWARN: Overriding environment MiniGrid-FakeLava-5x5-3x4-neg033-v0 already in registry.[0m
  logger.warn(f"Overriding environment {new_spec.id} already in registry.")
/home/sabrina/Documents/experiments/RL_for_pRNN/.venv/lib/python3.10/site-packages/gymnasium/envs/registration.py:694: UserWarning: [33mWARN: Overriding environment MiniGrid-FakeLava-5x5-3x4-neg034-v0 already in registry.[0m
  logger.warn(f"Overriding environment {new_spec.id} already in registry.")
/home/sabrina/Documents/experiments/RL_for_pRNN/.venv/lib/python3.10/site-packages/gymnasium/envs/registration.py:694: UserWarning: [33mWARN: Overriding environment MiniGrid-FakeLava-5x5-3x4-neg035-v0 already in registry.[0m
  logger.warn(f"Overriding environment {new_spec.id} already in registry.")
/home/sabrina/Documents/experiments/RL_for_pRNN/.venv/lib/python3.10/site-packages/gymnasium/envs/registration.py:694: UserWarning: [33mWARN: Overriding environment MiniGrid-FakeLava-5x5-3x4-neg04-v0 already in registry.[0m
  logger.warn(f"Overriding environment {new_spec.id} already in registry.")
/home/sabrina/Documents/experiments/RL_for_pRNN/.venv/lib/python3.10/site-packages/gymnasium/envs/registration.py:694: UserWarning: [33mWARN: Overriding environment MiniGrid-FakeLava-Target-5x5-3x4-v0 already in registry.[0m
  logger.warn(f"Overriding environment {new_spec.id} already in registry.")
/home/sabrina/Documents/experiments/RL_for_pRNN/.venv/lib/python3.10/site-packages/gymnasium/envs/registration.py:694: UserWarning: [33mWARN: Overriding environment MiniGrid-FakeLava-Target-5x5-3x4-neg02-v0 already in registry.[0m
  logger.warn(f"Overriding environment {new_spec.id} already in registry.")
/home/sabrina/Documents/experiments/RL_for_pRNN/.venv/lib/python3.10/site-packages/gymnasium/envs/registration.py:694: UserWarning: [33mWARN: Overriding environment MiniGrid-FakeLava-Target-5x5-3x4-neg04-v0 already in registry.[0m
  logger.warn(f"Overriding environment {new_spec.id} already in registry.")
/home/sabrina/Documents/experiments/RL_for_pRNN/.venv/lib/python3.10/site-packages/gymnasium/envs/registration.py:694: UserWarning: [33mWARN: Overriding environment MiniGrid-FakeLava-Target-5x5-3x4-neg03-v0 already in registry.[0m
  logger.warn(f"Overriding environment {new_spec.id} already in registry.")
/home/sabrina/Documents/experiments/RL_for_pRNN/.venv/lib/python3.10/site-packages/gymnasium/envs/registration.py:694: UserWarning: [33mWARN: Overriding environment MiniGrid-FakeLava-Target-5x5-3x4-neg035-v0 already in registry.[0m
  logger.warn(f"Overriding environment {new_spec.id} already in registry.")
/home/sabrina/Documents/experiments/RL_for_pRNN/.venv/lib/python3.10/site-packages/gymnasium/envs/registration.py:694: UserWarning: [33mWARN: Overriding environment MiniGrid-FakeLava-Target-5x5-3x4-neg025-v0 already in registry.[0m
  logger.warn(f"Overriding environment {new_spec.id} already in registry.")
/home/sabrina/Documents/experiments/RL_for_pRNN/.venv/lib/python3.10/site-packages/gymnasium/envs/registration.py:694: UserWarning: [33mWARN: Overriding environment MiniGrid-FakeLava-7x7-3x4-v0 already in registry.[0m
  logger.warn(f"Overriding environment {new_spec.id} already in registry.")
/home/sabrina/Documents/experiments/RL_for_pRNN/.venv/lib/python3.10/site-packages/gymnasium/envs/registration.py:694: UserWarning: [33mWARN: Overriding environment MiniGrid-FakeLava-Target-7x7-3x4-v0 already in registry.[0m
  logger.warn(f"Overriding environment {new_spec.id} already in registry.")
/home/sabrina/Documents/experiments/RL_for_pRNN/.venv/lib/python3.10/site-packages/gymnasium/envs/registration.py:694: UserWarning: [33mWARN: Overriding environment MiniGrid-FakeLava-9x9-3x4-v0 already in registry.[0m
  logger.warn(f"Overriding environment {new_spec.id} already in registry.")
/home/sabrina/Documents/experiments/RL_for_pRNN/.venv/lib/python3.10/site-packages/gymnasium/envs/registration.py:694: UserWarning: [33mWARN: Overriding environment MiniGrid-FakeLava-Target-9x9-3x4-v0 already in registry.[0m
  logger.warn(f"Overriding environment {new_spec.id} already in registry.")
/home/sabrina/Documents/experiments/RL_for_pRNN/.venv/lib/python3.10/site-packages/gymnasium/envs/registration.py:694: UserWarning: [33mWARN: Overriding environment MiniGrid-FakeLava-5x5-4x4-v0 already in registry.[0m
  logger.warn(f"Overriding environment {new_spec.id} already in registry.")
/home/sabrina/Documents/experiments/RL_for_pRNN/.venv/lib/python3.10/site-packages/gymnasium/envs/registration.py:694: UserWarning: [33mWARN: Overriding environment MiniGrid-FakeLava-Target-5x5-4x4-v0 already in registry.[0m
  logger.warn(f"Overriding environment {new_spec.id} already in registry.")
/home/sabrina/Documents/experiments/RL_for_pRNN/.venv/lib/python3.10/site-packages/gymnasium/envs/registration.py:694: UserWarning: [33mWARN: Overriding environment MiniGrid-FakeLava-7x7-4x4-v0 already in registry.[0m
  logger.warn(f"Overriding environment {new_spec.id} already in registry.")
/home/sabrina/Documents/experiments/RL_for_pRNN/.venv/lib/python3.10/site-packages/gymnasium/envs/registration.py:694: UserWarning: [33mWARN: Overriding environment MiniGrid-FakeLava-Target-7x7-4x4-v0 already in registry.[0m
  logger.warn(f"Overriding environment {new_spec.id} already in registry.")
/home/sabrina/Documents/experiments/RL_for_pRNN/.venv/lib/python3.10/site-packages/gymnasium/envs/registration.py:694: UserWarning: [33mWARN: Overriding environment MiniGrid-FakeLava-9x9-4x4-v0 already in registry.[0m
  logger.warn(f"Overriding environment {new_spec.id} already in registry.")
/home/sabrina/Documents/experiments/RL_for_pRNN/.venv/lib/python3.10/site-packages/gymnasium/envs/registration.py:694: UserWarning: [33mWARN: Overriding environment MiniGrid-FakeLava-Target-9x9-4x4-v0 already in registry.[0m
  logger.warn(f"Overriding environment {new_spec.id} already in registry.")
/home/sabrina/Documents/experiments/RL_for_pRNN/.venv/lib/python3.10/site-packages/gymnasium/envs/registration.py:694: UserWarning: [33mWARN: Overriding environment MiniGrid-Fetch-5x5-N2-v0 already in registry.[0m
  logger.warn(f"Overriding environment {new_spec.id} already in registry.")
/home/sabrina/Documents/experiments/RL_for_pRNN/.venv/lib/python3.10/site-packages/gymnasium/envs/registration.py:694: UserWarning: [33mWARN: Overriding environment MiniGrid-Fetch-6x6-N2-v0 already in registry.[0m
  logger.warn(f"Overriding environment {new_spec.id} already in registry.")
/home/sabrina/Documents/experiments/RL_for_pRNN/.venv/lib/python3.10/site-packages/gymnasium/envs/registration.py:694: UserWarning: [33mWARN: Overriding environment MiniGrid-Fetch-8x8-N3-v0 already in registry.[0m
  logger.warn(f"Overriding environment {new_spec.id} already in registry.")
/home/sabrina/Documents/experiments/RL_for_pRNN/.venv/lib/python3.10/site-packages/gymnasium/envs/registration.py:694: UserWarning: [33mWARN: Overriding environment MiniGrid-FourRooms-v0 already in registry.[0m
  logger.warn(f"Overriding environment {new_spec.id} already in registry.")
/home/sabrina/Documents/experiments/RL_for_pRNN/.venv/lib/python3.10/site-packages/gymnasium/envs/registration.py:694: UserWarning: [33mWARN: Overriding environment MiniGrid-FourRooms-Fixed-v0 already in registry.[0m
  logger.warn(f"Overriding environment {new_spec.id} already in registry.")
/home/sabrina/Documents/experiments/RL_for_pRNN/.venv/lib/python3.10/site-packages/gymnasium/envs/registration.py:694: UserWarning: [33mWARN: Overriding environment MiniGrid-FourRooms-Invisible-v0 already in registry.[0m
  logger.warn(f"Overriding environment {new_spec.id} already in registry.")
/home/sabrina/Documents/experiments/RL_for_pRNN/.venv/lib/python3.10/site-packages/gymnasium/envs/registration.py:694: UserWarning: [33mWARN: Overriding environment MiniGrid-FourRooms-Objects-v0 already in registry.[0m
  logger.warn(f"Overriding environment {new_spec.id} already in registry.")
/home/sabrina/Documents/experiments/RL_for_pRNN/.venv/lib/python3.10/site-packages/gymnasium/envs/registration.py:694: UserWarning: [33mWARN: Overriding environment MiniGrid-GoToDoor-5x5-v0 already in registry.[0m
  logger.warn(f"Overriding environment {new_spec.id} already in registry.")
/home/sabrina/Documents/experiments/RL_for_pRNN/.venv/lib/python3.10/site-packages/gymnasium/envs/registration.py:694: UserWarning: [33mWARN: Overriding environment MiniGrid-GoToDoor-6x6-v0 already in registry.[0m
  logger.warn(f"Overriding environment {new_spec.id} already in registry.")
/home/sabrina/Documents/experiments/RL_for_pRNN/.venv/lib/python3.10/site-packages/gymnasium/envs/registration.py:694: UserWarning: [33mWARN: Overriding environment MiniGrid-GoToDoor-8x8-v0 already in registry.[0m
  logger.warn(f"Overriding environment {new_spec.id} already in registry.")
/home/sabrina/Documents/experiments/RL_for_pRNN/.venv/lib/python3.10/site-packages/gymnasium/envs/registration.py:694: UserWarning: [33mWARN: Overriding environment MiniGrid-GoToObject-6x6-N2-v0 already in registry.[0m
  logger.warn(f"Overriding environment {new_spec.id} already in registry.")
/home/sabrina/Documents/experiments/RL_for_pRNN/.venv/lib/python3.10/site-packages/gymnasium/envs/registration.py:694: UserWarning: [33mWARN: Overriding environment MiniGrid-GoToObject-8x8-N2-v0 already in registry.[0m
  logger.warn(f"Overriding environment {new_spec.id} already in registry.")
/home/sabrina/Documents/experiments/RL_for_pRNN/.venv/lib/python3.10/site-packages/gymnasium/envs/registration.py:694: UserWarning: [33mWARN: Overriding environment MiniGrid-KeyCorridorS3R1-v0 already in registry.[0m
  logger.warn(f"Overriding environment {new_spec.id} already in registry.")
/home/sabrina/Documents/experiments/RL_for_pRNN/.venv/lib/python3.10/site-packages/gymnasium/envs/registration.py:694: UserWarning: [33mWARN: Overriding environment MiniGrid-KeyCorridorS3R2-v0 already in registry.[0m
  logger.warn(f"Overriding environment {new_spec.id} already in registry.")
/home/sabrina/Documents/experiments/RL_for_pRNN/.venv/lib/python3.10/site-packages/gymnasium/envs/registration.py:694: UserWarning: [33mWARN: Overriding environment MiniGrid-KeyCorridorS3R3-v0 already in registry.[0m
  logger.warn(f"Overriding environment {new_spec.id} already in registry.")
/home/sabrina/Documents/experiments/RL_for_pRNN/.venv/lib/python3.10/site-packages/gymnasium/envs/registration.py:694: UserWarning: [33mWARN: Overriding environment MiniGrid-KeyCorridorS4R3-v0 already in registry.[0m
  logger.warn(f"Overriding environment {new_spec.id} already in registry.")
/home/sabrina/Documents/experiments/RL_for_pRNN/.venv/lib/python3.10/site-packages/gymnasium/envs/registration.py:694: UserWarning: [33mWARN: Overriding environment MiniGrid-KeyCorridorS5R3-v0 already in registry.[0m
  logger.warn(f"Overriding environment {new_spec.id} already in registry.")
/home/sabrina/Documents/experiments/RL_for_pRNN/.venv/lib/python3.10/site-packages/gymnasium/envs/registration.py:694: UserWarning: [33mWARN: Overriding environment MiniGrid-KeyCorridorS6R3-v0 already in registry.[0m
  logger.warn(f"Overriding environment {new_spec.id} already in registry.")
/home/sabrina/Documents/experiments/RL_for_pRNN/.venv/lib/python3.10/site-packages/gymnasium/envs/registration.py:694: UserWarning: [33mWARN: Overriding environment MiniGrid-LavaGapS5-v0 already in registry.[0m
  logger.warn(f"Overriding environment {new_spec.id} already in registry.")
/home/sabrina/Documents/experiments/RL_for_pRNN/.venv/lib/python3.10/site-packages/gymnasium/envs/registration.py:694: UserWarning: [33mWARN: Overriding environment MiniGrid-LavaGapS6-v0 already in registry.[0m
  logger.warn(f"Overriding environment {new_spec.id} already in registry.")
/home/sabrina/Documents/experiments/RL_for_pRNN/.venv/lib/python3.10/site-packages/gymnasium/envs/registration.py:694: UserWarning: [33mWARN: Overriding environment MiniGrid-LavaGapS7-v0 already in registry.[0m
  logger.warn(f"Overriding environment {new_spec.id} already in registry.")
/home/sabrina/Documents/experiments/RL_for_pRNN/.venv/lib/python3.10/site-packages/gymnasium/envs/registration.py:694: UserWarning: [33mWARN: Overriding environment MiniGrid-LockedRoom-v0 already in registry.[0m
  logger.warn(f"Overriding environment {new_spec.id} already in registry.")
/home/sabrina/Documents/experiments/RL_for_pRNN/.venv/lib/python3.10/site-packages/gymnasium/envs/registration.py:694: UserWarning: [33mWARN: Overriding environment MiniGrid-MemoryS17Random-v0 already in registry.[0m
  logger.warn(f"Overriding environment {new_spec.id} already in registry.")
/home/sabrina/Documents/experiments/RL_for_pRNN/.venv/lib/python3.10/site-packages/gymnasium/envs/registration.py:694: UserWarning: [33mWARN: Overriding environment MiniGrid-MemoryS13Random-v0 already in registry.[0m
  logger.warn(f"Overriding environment {new_spec.id} already in registry.")
/home/sabrina/Documents/experiments/RL_for_pRNN/.venv/lib/python3.10/site-packages/gymnasium/envs/registration.py:694: UserWarning: [33mWARN: Overriding environment MiniGrid-MemoryS13-v0 already in registry.[0m
  logger.warn(f"Overriding environment {new_spec.id} already in registry.")
/home/sabrina/Documents/experiments/RL_for_pRNN/.venv/lib/python3.10/site-packages/gymnasium/envs/registration.py:694: UserWarning: [33mWARN: Overriding environment MiniGrid-MemoryS11-v0 already in registry.[0m
  logger.warn(f"Overriding environment {new_spec.id} already in registry.")
/home/sabrina/Documents/experiments/RL_for_pRNN/.venv/lib/python3.10/site-packages/gymnasium/envs/registration.py:694: UserWarning: [33mWARN: Overriding environment MiniGrid-MemoryS9-v0 already in registry.[0m
  logger.warn(f"Overriding environment {new_spec.id} already in registry.")
/home/sabrina/Documents/experiments/RL_for_pRNN/.venv/lib/python3.10/site-packages/gymnasium/envs/registration.py:694: UserWarning: [33mWARN: Overriding environment MiniGrid-MemoryS7-v0 already in registry.[0m
  logger.warn(f"Overriding environment {new_spec.id} already in registry.")
/home/sabrina/Documents/experiments/RL_for_pRNN/.venv/lib/python3.10/site-packages/gymnasium/envs/registration.py:694: UserWarning: [33mWARN: Overriding environment MiniGrid-MultiRoom-N2-S4-v0 already in registry.[0m
  logger.warn(f"Overriding environment {new_spec.id} already in registry.")
/home/sabrina/Documents/experiments/RL_for_pRNN/.venv/lib/python3.10/site-packages/gymnasium/envs/registration.py:694: UserWarning: [33mWARN: Overriding environment MiniGrid-MultiRoom-N4-S5-v0 already in registry.[0m
  logger.warn(f"Overriding environment {new_spec.id} already in registry.")
/home/sabrina/Documents/experiments/RL_for_pRNN/.venv/lib/python3.10/site-packages/gymnasium/envs/registration.py:694: UserWarning: [33mWARN: Overriding environment MiniGrid-MultiRoom-N6-v0 already in registry.[0m
  logger.warn(f"Overriding environment {new_spec.id} already in registry.")
/home/sabrina/Documents/experiments/RL_for_pRNN/.venv/lib/python3.10/site-packages/gymnasium/envs/registration.py:694: UserWarning: [33mWARN: Overriding environment MiniGrid-ObstructedMaze-1Dl-v0 already in registry.[0m
  logger.warn(f"Overriding environment {new_spec.id} already in registry.")
/home/sabrina/Documents/experiments/RL_for_pRNN/.venv/lib/python3.10/site-packages/gymnasium/envs/registration.py:694: UserWarning: [33mWARN: Overriding environment MiniGrid-ObstructedMaze-1Dlh-v0 already in registry.[0m
  logger.warn(f"Overriding environment {new_spec.id} already in registry.")
/home/sabrina/Documents/experiments/RL_for_pRNN/.venv/lib/python3.10/site-packages/gymnasium/envs/registration.py:694: UserWarning: [33mWARN: Overriding environment MiniGrid-ObstructedMaze-1Dlhb-v0 already in registry.[0m
  logger.warn(f"Overriding environment {new_spec.id} already in registry.")
/home/sabrina/Documents/experiments/RL_for_pRNN/.venv/lib/python3.10/site-packages/gymnasium/envs/registration.py:694: UserWarning: [33mWARN: Overriding environment MiniGrid-ObstructedMaze-2Dl-v0 already in registry.[0m
  logger.warn(f"Overriding environment {new_spec.id} already in registry.")
/home/sabrina/Documents/experiments/RL_for_pRNN/.venv/lib/python3.10/site-packages/gymnasium/envs/registration.py:694: UserWarning: [33mWARN: Overriding environment MiniGrid-ObstructedMaze-2Dlh-v0 already in registry.[0m
  logger.warn(f"Overriding environment {new_spec.id} already in registry.")
/home/sabrina/Documents/experiments/RL_for_pRNN/.venv/lib/python3.10/site-packages/gymnasium/envs/registration.py:694: UserWarning: [33mWARN: Overriding environment MiniGrid-ObstructedMaze-2Dlhb-v0 already in registry.[0m
  logger.warn(f"Overriding environment {new_spec.id} already in registry.")
/home/sabrina/Documents/experiments/RL_for_pRNN/.venv/lib/python3.10/site-packages/gymnasium/envs/registration.py:694: UserWarning: [33mWARN: Overriding environment MiniGrid-ObstructedMaze-1Q-v0 already in registry.[0m
  logger.warn(f"Overriding environment {new_spec.id} already in registry.")
/home/sabrina/Documents/experiments/RL_for_pRNN/.venv/lib/python3.10/site-packages/gymnasium/envs/registration.py:694: UserWarning: [33mWARN: Overriding environment MiniGrid-ObstructedMaze-2Q-v0 already in registry.[0m
  logger.warn(f"Overriding environment {new_spec.id} already in registry.")
/home/sabrina/Documents/experiments/RL_for_pRNN/.venv/lib/python3.10/site-packages/gymnasium/envs/registration.py:694: UserWarning: [33mWARN: Overriding environment MiniGrid-ObstructedMaze-Full-v0 already in registry.[0m
  logger.warn(f"Overriding environment {new_spec.id} already in registry.")
/home/sabrina/Documents/experiments/RL_for_pRNN/.venv/lib/python3.10/site-packages/gymnasium/envs/registration.py:694: UserWarning: [33mWARN: Overriding environment MiniGrid-Playground-v0 already in registry.[0m
  logger.warn(f"Overriding environment {new_spec.id} already in registry.")
/home/sabrina/Documents/experiments/RL_for_pRNN/.venv/lib/python3.10/site-packages/gymnasium/envs/registration.py:694: UserWarning: [33mWARN: Overriding environment MiniGrid-PutNear-6x6-N2-v0 already in registry.[0m
  logger.warn(f"Overriding environment {new_spec.id} already in registry.")
/home/sabrina/Documents/experiments/RL_for_pRNN/.venv/lib/python3.10/site-packages/gymnasium/envs/registration.py:694: UserWarning: [33mWARN: Overriding environment MiniGrid-PutNear-8x8-N3-v0 already in registry.[0m
  logger.warn(f"Overriding environment {new_spec.id} already in registry.")
/home/sabrina/Documents/experiments/RL_for_pRNN/.venv/lib/python3.10/site-packages/gymnasium/envs/registration.py:694: UserWarning: [33mWARN: Overriding environment MiniGrid-RedBlueDoors-6x6-v0 already in registry.[0m
  logger.warn(f"Overriding environment {new_spec.id} already in registry.")
/home/sabrina/Documents/experiments/RL_for_pRNN/.venv/lib/python3.10/site-packages/gymnasium/envs/registration.py:694: UserWarning: [33mWARN: Overriding environment MiniGrid-RedBlueDoors-8x8-v0 already in registry.[0m
  logger.warn(f"Overriding environment {new_spec.id} already in registry.")
/home/sabrina/Documents/experiments/RL_for_pRNN/.venv/lib/python3.10/site-packages/gymnasium/envs/registration.py:694: UserWarning: [33mWARN: Overriding environment MiniGrid-Unlock-v0 already in registry.[0m
  logger.warn(f"Overriding environment {new_spec.id} already in registry.")
/home/sabrina/Documents/experiments/RL_for_pRNN/.venv/lib/python3.10/site-packages/gymnasium/envs/registration.py:694: UserWarning: [33mWARN: Overriding environment MiniGrid-UnlockPickup-v0 already in registry.[0m
  logger.warn(f"Overriding environment {new_spec.id} already in registry.")
/home/sabrina/Documents/experiments/RL_for_pRNN/.venv/lib/python3.10/site-packages/gymnasium/envs/registration.py:694: UserWarning: [33mWARN: Overriding environment BabyAI-GoToRedBallGrey-v0 already in registry.[0m
  logger.warn(f"Overriding environment {new_spec.id} already in registry.")
/home/sabrina/Documents/experiments/RL_for_pRNN/.venv/lib/python3.10/site-packages/gymnasium/envs/registration.py:694: UserWarning: [33mWARN: Overriding environment BabyAI-GoToRedBall-v0 already in registry.[0m
  logger.warn(f"Overriding environment {new_spec.id} already in registry.")
/home/sabrina/Documents/experiments/RL_for_pRNN/.venv/lib/python3.10/site-packages/gymnasium/envs/registration.py:694: UserWarning: [33mWARN: Overriding environment BabyAI-GoToRedBallNoDists-v0 already in registry.[0m
  logger.warn(f"Overriding environment {new_spec.id} already in registry.")
/home/sabrina/Documents/experiments/RL_for_pRNN/.venv/lib/python3.10/site-packages/gymnasium/envs/registration.py:694: UserWarning: [33mWARN: Overriding environment BabyAI-GoToObj-v0 already in registry.[0m
  logger.warn(f"Overriding environment {new_spec.id} already in registry.")
/home/sabrina/Documents/experiments/RL_for_pRNN/.venv/lib/python3.10/site-packages/gymnasium/envs/registration.py:694: UserWarning: [33mWARN: Overriding environment BabyAI-GoToObjS4-v0 already in registry.[0m
  logger.warn(f"Overriding environment {new_spec.id} already in registry.")
/home/sabrina/Documents/experiments/RL_for_pRNN/.venv/lib/python3.10/site-packages/gymnasium/envs/registration.py:694: UserWarning: [33mWARN: Overriding environment BabyAI-GoToObjS6-v0 already in registry.[0m
  logger.warn(f"Overriding environment {new_spec.id} already in registry.")
/home/sabrina/Documents/experiments/RL_for_pRNN/.venv/lib/python3.10/site-packages/gymnasium/envs/registration.py:694: UserWarning: [33mWARN: Overriding environment BabyAI-GoToLocal-v0 already in registry.[0m
  logger.warn(f"Overriding environment {new_spec.id} already in registry.")
/home/sabrina/Documents/experiments/RL_for_pRNN/.venv/lib/python3.10/site-packages/gymnasium/envs/registration.py:694: UserWarning: [33mWARN: Overriding environment BabyAI-GoToLocalS5N2-v0 already in registry.[0m
  logger.warn(f"Overriding environment {new_spec.id} already in registry.")
/home/sabrina/Documents/experiments/RL_for_pRNN/.venv/lib/python3.10/site-packages/gymnasium/envs/registration.py:694: UserWarning: [33mWARN: Overriding environment BabyAI-GoToLocalS6N2-v0 already in registry.[0m
  logger.warn(f"Overriding environment {new_spec.id} already in registry.")
/home/sabrina/Documents/experiments/RL_for_pRNN/.venv/lib/python3.10/site-packages/gymnasium/envs/registration.py:694: UserWarning: [33mWARN: Overriding environment BabyAI-GoToLocalS6N3-v0 already in registry.[0m
  logger.warn(f"Overriding environment {new_spec.id} already in registry.")
/home/sabrina/Documents/experiments/RL_for_pRNN/.venv/lib/python3.10/site-packages/gymnasium/envs/registration.py:694: UserWarning: [33mWARN: Overriding environment BabyAI-GoToLocalS6N4-v0 already in registry.[0m
  logger.warn(f"Overriding environment {new_spec.id} already in registry.")
/home/sabrina/Documents/experiments/RL_for_pRNN/.venv/lib/python3.10/site-packages/gymnasium/envs/registration.py:694: UserWarning: [33mWARN: Overriding environment BabyAI-GoToLocalS7N4-v0 already in registry.[0m
  logger.warn(f"Overriding environment {new_spec.id} already in registry.")
/home/sabrina/Documents/experiments/RL_for_pRNN/.venv/lib/python3.10/site-packages/gymnasium/envs/registration.py:694: UserWarning: [33mWARN: Overriding environment BabyAI-GoToLocalS7N5-v0 already in registry.[0m
  logger.warn(f"Overriding environment {new_spec.id} already in registry.")
/home/sabrina/Documents/experiments/RL_for_pRNN/.venv/lib/python3.10/site-packages/gymnasium/envs/registration.py:694: UserWarning: [33mWARN: Overriding environment BabyAI-GoToLocalS8N2-v0 already in registry.[0m
  logger.warn(f"Overriding environment {new_spec.id} already in registry.")
/home/sabrina/Documents/experiments/RL_for_pRNN/.venv/lib/python3.10/site-packages/gymnasium/envs/registration.py:694: UserWarning: [33mWARN: Overriding environment BabyAI-GoToLocalS8N3-v0 already in registry.[0m
  logger.warn(f"Overriding environment {new_spec.id} already in registry.")
/home/sabrina/Documents/experiments/RL_for_pRNN/.venv/lib/python3.10/site-packages/gymnasium/envs/registration.py:694: UserWarning: [33mWARN: Overriding environment BabyAI-GoToLocalS8N4-v0 already in registry.[0m
  logger.warn(f"Overriding environment {new_spec.id} already in registry.")
/home/sabrina/Documents/experiments/RL_for_pRNN/.venv/lib/python3.10/site-packages/gymnasium/envs/registration.py:694: UserWarning: [33mWARN: Overriding environment BabyAI-GoToLocalS8N5-v0 already in registry.[0m
  logger.warn(f"Overriding environment {new_spec.id} already in registry.")
/home/sabrina/Documents/experiments/RL_for_pRNN/.venv/lib/python3.10/site-packages/gymnasium/envs/registration.py:694: UserWarning: [33mWARN: Overriding environment BabyAI-GoToLocalS8N6-v0 already in registry.[0m
  logger.warn(f"Overriding environment {new_spec.id} already in registry.")
/home/sabrina/Documents/experiments/RL_for_pRNN/.venv/lib/python3.10/site-packages/gymnasium/envs/registration.py:694: UserWarning: [33mWARN: Overriding environment BabyAI-GoToLocalS8N7-v0 already in registry.[0m
  logger.warn(f"Overriding environment {new_spec.id} already in registry.")
/home/sabrina/Documents/experiments/RL_for_pRNN/.venv/lib/python3.10/site-packages/gymnasium/envs/registration.py:694: UserWarning: [33mWARN: Overriding environment BabyAI-GoTo-v0 already in registry.[0m
  logger.warn(f"Overriding environment {new_spec.id} already in registry.")
/home/sabrina/Documents/experiments/RL_for_pRNN/.venv/lib/python3.10/site-packages/gymnasium/envs/registration.py:694: UserWarning: [33mWARN: Overriding environment BabyAI-GoToOpen-v0 already in registry.[0m
  logger.warn(f"Overriding environment {new_spec.id} already in registry.")
/home/sabrina/Documents/experiments/RL_for_pRNN/.venv/lib/python3.10/site-packages/gymnasium/envs/registration.py:694: UserWarning: [33mWARN: Overriding environment BabyAI-GoToObjMaze-v0 already in registry.[0m
  logger.warn(f"Overriding environment {new_spec.id} already in registry.")
/home/sabrina/Documents/experiments/RL_for_pRNN/.venv/lib/python3.10/site-packages/gymnasium/envs/registration.py:694: UserWarning: [33mWARN: Overriding environment BabyAI-GoToObjMazeOpen-v0 already in registry.[0m
  logger.warn(f"Overriding environment {new_spec.id} already in registry.")
/home/sabrina/Documents/experiments/RL_for_pRNN/.venv/lib/python3.10/site-packages/gymnasium/envs/registration.py:694: UserWarning: [33mWARN: Overriding environment BabyAI-GoToObjMazeS4R2-v0 already in registry.[0m
  logger.warn(f"Overriding environment {new_spec.id} already in registry.")
/home/sabrina/Documents/experiments/RL_for_pRNN/.venv/lib/python3.10/site-packages/gymnasium/envs/registration.py:694: UserWarning: [33mWARN: Overriding environment BabyAI-GoToObjMazeS4-v0 already in registry.[0m
  logger.warn(f"Overriding environment {new_spec.id} already in registry.")
/home/sabrina/Documents/experiments/RL_for_pRNN/.venv/lib/python3.10/site-packages/gymnasium/envs/registration.py:694: UserWarning: [33mWARN: Overriding environment BabyAI-GoToObjMazeS5-v0 already in registry.[0m
  logger.warn(f"Overriding environment {new_spec.id} already in registry.")
/home/sabrina/Documents/experiments/RL_for_pRNN/.venv/lib/python3.10/site-packages/gymnasium/envs/registration.py:694: UserWarning: [33mWARN: Overriding environment BabyAI-GoToObjMazeS6-v0 already in registry.[0m
  logger.warn(f"Overriding environment {new_spec.id} already in registry.")
/home/sabrina/Documents/experiments/RL_for_pRNN/.venv/lib/python3.10/site-packages/gymnasium/envs/registration.py:694: UserWarning: [33mWARN: Overriding environment BabyAI-GoToObjMazeS7-v0 already in registry.[0m
  logger.warn(f"Overriding environment {new_spec.id} already in registry.")
/home/sabrina/Documents/experiments/RL_for_pRNN/.venv/lib/python3.10/site-packages/gymnasium/envs/registration.py:694: UserWarning: [33mWARN: Overriding environment BabyAI-GoToImpUnlock-v0 already in registry.[0m
  logger.warn(f"Overriding environment {new_spec.id} already in registry.")
/home/sabrina/Documents/experiments/RL_for_pRNN/.venv/lib/python3.10/site-packages/gymnasium/envs/registration.py:694: UserWarning: [33mWARN: Overriding environment BabyAI-GoToSeq-v0 already in registry.[0m
  logger.warn(f"Overriding environment {new_spec.id} already in registry.")
/home/sabrina/Documents/experiments/RL_for_pRNN/.venv/lib/python3.10/site-packages/gymnasium/envs/registration.py:694: UserWarning: [33mWARN: Overriding environment BabyAI-GoToSeqS5R2-v0 already in registry.[0m
  logger.warn(f"Overriding environment {new_spec.id} already in registry.")
/home/sabrina/Documents/experiments/RL_for_pRNN/.venv/lib/python3.10/site-packages/gymnasium/envs/registration.py:694: UserWarning: [33mWARN: Overriding environment BabyAI-GoToRedBlueBall-v0 already in registry.[0m
  logger.warn(f"Overriding environment {new_spec.id} already in registry.")
/home/sabrina/Documents/experiments/RL_for_pRNN/.venv/lib/python3.10/site-packages/gymnasium/envs/registration.py:694: UserWarning: [33mWARN: Overriding environment BabyAI-GoToDoor-v0 already in registry.[0m
  logger.warn(f"Overriding environment {new_spec.id} already in registry.")
/home/sabrina/Documents/experiments/RL_for_pRNN/.venv/lib/python3.10/site-packages/gymnasium/envs/registration.py:694: UserWarning: [33mWARN: Overriding environment BabyAI-GoToObjDoor-v0 already in registry.[0m
  logger.warn(f"Overriding environment {new_spec.id} already in registry.")
/home/sabrina/Documents/experiments/RL_for_pRNN/.venv/lib/python3.10/site-packages/gymnasium/envs/registration.py:694: UserWarning: [33mWARN: Overriding environment BabyAI-Open-v0 already in registry.[0m
  logger.warn(f"Overriding environment {new_spec.id} already in registry.")
/home/sabrina/Documents/experiments/RL_for_pRNN/.venv/lib/python3.10/site-packages/gymnasium/envs/registration.py:694: UserWarning: [33mWARN: Overriding environment BabyAI-OpenRedDoor-v0 already in registry.[0m
  logger.warn(f"Overriding environment {new_spec.id} already in registry.")
/home/sabrina/Documents/experiments/RL_for_pRNN/.venv/lib/python3.10/site-packages/gymnasium/envs/registration.py:694: UserWarning: [33mWARN: Overriding environment BabyAI-OpenDoor-v0 already in registry.[0m
  logger.warn(f"Overriding environment {new_spec.id} already in registry.")
/home/sabrina/Documents/experiments/RL_for_pRNN/.venv/lib/python3.10/site-packages/gymnasium/envs/registration.py:694: UserWarning: [33mWARN: Overriding environment BabyAI-OpenDoorDebug-v0 already in registry.[0m
  logger.warn(f"Overriding environment {new_spec.id} already in registry.")
/home/sabrina/Documents/experiments/RL_for_pRNN/.venv/lib/python3.10/site-packages/gymnasium/envs/registration.py:694: UserWarning: [33mWARN: Overriding environment BabyAI-OpenDoorColor-v0 already in registry.[0m
  logger.warn(f"Overriding environment {new_spec.id} already in registry.")
/home/sabrina/Documents/experiments/RL_for_pRNN/.venv/lib/python3.10/site-packages/gymnasium/envs/registration.py:694: UserWarning: [33mWARN: Overriding environment BabyAI-OpenDoorLoc-v0 already in registry.[0m
  logger.warn(f"Overriding environment {new_spec.id} already in registry.")
/home/sabrina/Documents/experiments/RL_for_pRNN/.venv/lib/python3.10/site-packages/gymnasium/envs/registration.py:694: UserWarning: [33mWARN: Overriding environment BabyAI-OpenTwoDoors-v0 already in registry.[0m
  logger.warn(f"Overriding environment {new_spec.id} already in registry.")
/home/sabrina/Documents/experiments/RL_for_pRNN/.venv/lib/python3.10/site-packages/gymnasium/envs/registration.py:694: UserWarning: [33mWARN: Overriding environment BabyAI-OpenRedBlueDoors-v0 already in registry.[0m
  logger.warn(f"Overriding environment {new_spec.id} already in registry.")
/home/sabrina/Documents/experiments/RL_for_pRNN/.venv/lib/python3.10/site-packages/gymnasium/envs/registration.py:694: UserWarning: [33mWARN: Overriding environment BabyAI-OpenRedBlueDoorsDebug-v0 already in registry.[0m
  logger.warn(f"Overriding environment {new_spec.id} already in registry.")
/home/sabrina/Documents/experiments/RL_for_pRNN/.venv/lib/python3.10/site-packages/gymnasium/envs/registration.py:694: UserWarning: [33mWARN: Overriding environment BabyAI-OpenDoorsOrderN2-v0 already in registry.[0m
  logger.warn(f"Overriding environment {new_spec.id} already in registry.")
/home/sabrina/Documents/experiments/RL_for_pRNN/.venv/lib/python3.10/site-packages/gymnasium/envs/registration.py:694: UserWarning: [33mWARN: Overriding environment BabyAI-OpenDoorsOrderN4-v0 already in registry.[0m
  logger.warn(f"Overriding environment {new_spec.id} already in registry.")
/home/sabrina/Documents/experiments/RL_for_pRNN/.venv/lib/python3.10/site-packages/gymnasium/envs/registration.py:694: UserWarning: [33mWARN: Overriding environment BabyAI-OpenDoorsOrderN2Debug-v0 already in registry.[0m
  logger.warn(f"Overriding environment {new_spec.id} already in registry.")
/home/sabrina/Documents/experiments/RL_for_pRNN/.venv/lib/python3.10/site-packages/gymnasium/envs/registration.py:694: UserWarning: [33mWARN: Overriding environment BabyAI-OpenDoorsOrderN4Debug-v0 already in registry.[0m
  logger.warn(f"Overriding environment {new_spec.id} already in registry.")
/home/sabrina/Documents/experiments/RL_for_pRNN/.venv/lib/python3.10/site-packages/gymnasium/envs/registration.py:694: UserWarning: [33mWARN: Overriding environment BabyAI-Pickup-v0 already in registry.[0m
  logger.warn(f"Overriding environment {new_spec.id} already in registry.")
/home/sabrina/Documents/experiments/RL_for_pRNN/.venv/lib/python3.10/site-packages/gymnasium/envs/registration.py:694: UserWarning: [33mWARN: Overriding environment BabyAI-UnblockPickup-v0 already in registry.[0m
  logger.warn(f"Overriding environment {new_spec.id} already in registry.")
/home/sabrina/Documents/experiments/RL_for_pRNN/.venv/lib/python3.10/site-packages/gymnasium/envs/registration.py:694: UserWarning: [33mWARN: Overriding environment BabyAI-PickupLoc-v0 already in registry.[0m
  logger.warn(f"Overriding environment {new_spec.id} already in registry.")
/home/sabrina/Documents/experiments/RL_for_pRNN/.venv/lib/python3.10/site-packages/gymnasium/envs/registration.py:694: UserWarning: [33mWARN: Overriding environment BabyAI-PickupDist-v0 already in registry.[0m
  logger.warn(f"Overriding environment {new_spec.id} already in registry.")
/home/sabrina/Documents/experiments/RL_for_pRNN/.venv/lib/python3.10/site-packages/gymnasium/envs/registration.py:694: UserWarning: [33mWARN: Overriding environment BabyAI-PickupDistDebug-v0 already in registry.[0m
  logger.warn(f"Overriding environment {new_spec.id} already in registry.")
/home/sabrina/Documents/experiments/RL_for_pRNN/.venv/lib/python3.10/site-packages/gymnasium/envs/registration.py:694: UserWarning: [33mWARN: Overriding environment BabyAI-PickupAbove-v0 already in registry.[0m
  logger.warn(f"Overriding environment {new_spec.id} already in registry.")
/home/sabrina/Documents/experiments/RL_for_pRNN/.venv/lib/python3.10/site-packages/gymnasium/envs/registration.py:694: UserWarning: [33mWARN: Overriding environment BabyAI-PutNextLocal-v0 already in registry.[0m
  logger.warn(f"Overriding environment {new_spec.id} already in registry.")
/home/sabrina/Documents/experiments/RL_for_pRNN/.venv/lib/python3.10/site-packages/gymnasium/envs/registration.py:694: UserWarning: [33mWARN: Overriding environment BabyAI-PutNextLocalS5N3-v0 already in registry.[0m
  logger.warn(f"Overriding environment {new_spec.id} already in registry.")
/home/sabrina/Documents/experiments/RL_for_pRNN/.venv/lib/python3.10/site-packages/gymnasium/envs/registration.py:694: UserWarning: [33mWARN: Overriding environment BabyAI-PutNextLocalS6N4-v0 already in registry.[0m
  logger.warn(f"Overriding environment {new_spec.id} already in registry.")
/home/sabrina/Documents/experiments/RL_for_pRNN/.venv/lib/python3.10/site-packages/gymnasium/envs/registration.py:694: UserWarning: [33mWARN: Overriding environment BabyAI-PutNextS4N1-v0 already in registry.[0m
  logger.warn(f"Overriding environment {new_spec.id} already in registry.")
/home/sabrina/Documents/experiments/RL_for_pRNN/.venv/lib/python3.10/site-packages/gymnasium/envs/registration.py:694: UserWarning: [33mWARN: Overriding environment BabyAI-PutNextS5N2-v0 already in registry.[0m
  logger.warn(f"Overriding environment {new_spec.id} already in registry.")
/home/sabrina/Documents/experiments/RL_for_pRNN/.venv/lib/python3.10/site-packages/gymnasium/envs/registration.py:694: UserWarning: [33mWARN: Overriding environment BabyAI-PutNextS5N1-v0 already in registry.[0m
  logger.warn(f"Overriding environment {new_spec.id} already in registry.")
/home/sabrina/Documents/experiments/RL_for_pRNN/.venv/lib/python3.10/site-packages/gymnasium/envs/registration.py:694: UserWarning: [33mWARN: Overriding environment BabyAI-PutNextS6N3-v0 already in registry.[0m
  logger.warn(f"Overriding environment {new_spec.id} already in registry.")
/home/sabrina/Documents/experiments/RL_for_pRNN/.venv/lib/python3.10/site-packages/gymnasium/envs/registration.py:694: UserWarning: [33mWARN: Overriding environment BabyAI-PutNextS7N4-v0 already in registry.[0m
  logger.warn(f"Overriding environment {new_spec.id} already in registry.")
/home/sabrina/Documents/experiments/RL_for_pRNN/.venv/lib/python3.10/site-packages/gymnasium/envs/registration.py:694: UserWarning: [33mWARN: Overriding environment BabyAI-PutNextS5N2Carrying-v0 already in registry.[0m
  logger.warn(f"Overriding environment {new_spec.id} already in registry.")
/home/sabrina/Documents/experiments/RL_for_pRNN/.venv/lib/python3.10/site-packages/gymnasium/envs/registration.py:694: UserWarning: [33mWARN: Overriding environment BabyAI-PutNextS6N3Carrying-v0 already in registry.[0m
  logger.warn(f"Overriding environment {new_spec.id} already in registry.")
/home/sabrina/Documents/experiments/RL_for_pRNN/.venv/lib/python3.10/site-packages/gymnasium/envs/registration.py:694: UserWarning: [33mWARN: Overriding environment BabyAI-PutNextS7N4Carrying-v0 already in registry.[0m
  logger.warn(f"Overriding environment {new_spec.id} already in registry.")
/home/sabrina/Documents/experiments/RL_for_pRNN/.venv/lib/python3.10/site-packages/gymnasium/envs/registration.py:694: UserWarning: [33mWARN: Overriding environment BabyAI-Unlock-v0 already in registry.[0m
  logger.warn(f"Overriding environment {new_spec.id} already in registry.")
/home/sabrina/Documents/experiments/RL_for_pRNN/.venv/lib/python3.10/site-packages/gymnasium/envs/registration.py:694: UserWarning: [33mWARN: Overriding environment BabyAI-UnlockLocal-v0 already in registry.[0m
  logger.warn(f"Overriding environment {new_spec.id} already in registry.")
/home/sabrina/Documents/experiments/RL_for_pRNN/.venv/lib/python3.10/site-packages/gymnasium/envs/registration.py:694: UserWarning: [33mWARN: Overriding environment BabyAI-UnlockLocalDist-v0 already in registry.[0m
  logger.warn(f"Overriding environment {new_spec.id} already in registry.")
/home/sabrina/Documents/experiments/RL_for_pRNN/.venv/lib/python3.10/site-packages/gymnasium/envs/registration.py:694: UserWarning: [33mWARN: Overriding environment BabyAI-KeyInBox-v0 already in registry.[0m
  logger.warn(f"Overriding environment {new_spec.id} already in registry.")
/home/sabrina/Documents/experiments/RL_for_pRNN/.venv/lib/python3.10/site-packages/gymnasium/envs/registration.py:694: UserWarning: [33mWARN: Overriding environment BabyAI-UnlockPickup-v0 already in registry.[0m
  logger.warn(f"Overriding environment {new_spec.id} already in registry.")
/home/sabrina/Documents/experiments/RL_for_pRNN/.venv/lib/python3.10/site-packages/gymnasium/envs/registration.py:694: UserWarning: [33mWARN: Overriding environment BabyAI-UnlockPickupDist-v0 already in registry.[0m
  logger.warn(f"Overriding environment {new_spec.id} already in registry.")
/home/sabrina/Documents/experiments/RL_for_pRNN/.venv/lib/python3.10/site-packages/gymnasium/envs/registration.py:694: UserWarning: [33mWARN: Overriding environment BabyAI-BlockedUnlockPickup-v0 already in registry.[0m
  logger.warn(f"Overriding environment {new_spec.id} already in registry.")
/home/sabrina/Documents/experiments/RL_for_pRNN/.venv/lib/python3.10/site-packages/gymnasium/envs/registration.py:694: UserWarning: [33mWARN: Overriding environment BabyAI-UnlockToUnlock-v0 already in registry.[0m
  logger.warn(f"Overriding environment {new_spec.id} already in registry.")
/home/sabrina/Documents/experiments/RL_for_pRNN/.venv/lib/python3.10/site-packages/gymnasium/envs/registration.py:694: UserWarning: [33mWARN: Overriding environment BabyAI-ActionObjDoor-v0 already in registry.[0m
  logger.warn(f"Overriding environment {new_spec.id} already in registry.")
/home/sabrina/Documents/experiments/RL_for_pRNN/.venv/lib/python3.10/site-packages/gymnasium/envs/registration.py:694: UserWarning: [33mWARN: Overriding environment BabyAI-FindObjS5-v0 already in registry.[0m
  logger.warn(f"Overriding environment {new_spec.id} already in registry.")
/home/sabrina/Documents/experiments/RL_for_pRNN/.venv/lib/python3.10/site-packages/gymnasium/envs/registration.py:694: UserWarning: [33mWARN: Overriding environment BabyAI-FindObjS6-v0 already in registry.[0m
  logger.warn(f"Overriding environment {new_spec.id} already in registry.")
/home/sabrina/Documents/experiments/RL_for_pRNN/.venv/lib/python3.10/site-packages/gymnasium/envs/registration.py:694: UserWarning: [33mWARN: Overriding environment BabyAI-FindObjS7-v0 already in registry.[0m
  logger.warn(f"Overriding environment {new_spec.id} already in registry.")
/home/sabrina/Documents/experiments/RL_for_pRNN/.venv/lib/python3.10/site-packages/gymnasium/envs/registration.py:694: UserWarning: [33mWARN: Overriding environment BabyAI-KeyCorridor-v0 already in registry.[0m
  logger.warn(f"Overriding environment {new_spec.id} already in registry.")
/home/sabrina/Documents/experiments/RL_for_pRNN/.venv/lib/python3.10/site-packages/gymnasium/envs/registration.py:694: UserWarning: [33mWARN: Overriding environment BabyAI-KeyCorridorS3R1-v0 already in registry.[0m
  logger.warn(f"Overriding environment {new_spec.id} already in registry.")
/home/sabrina/Documents/experiments/RL_for_pRNN/.venv/lib/python3.10/site-packages/gymnasium/envs/registration.py:694: UserWarning: [33mWARN: Overriding environment BabyAI-KeyCorridorS3R2-v0 already in registry.[0m
  logger.warn(f"Overriding environment {new_spec.id} already in registry.")
/home/sabrina/Documents/experiments/RL_for_pRNN/.venv/lib/python3.10/site-packages/gymnasium/envs/registration.py:694: UserWarning: [33mWARN: Overriding environment BabyAI-KeyCorridorS3R3-v0 already in registry.[0m
  logger.warn(f"Overriding environment {new_spec.id} already in registry.")
/home/sabrina/Documents/experiments/RL_for_pRNN/.venv/lib/python3.10/site-packages/gymnasium/envs/registration.py:694: UserWarning: [33mWARN: Overriding environment BabyAI-KeyCorridorS4R3-v0 already in registry.[0m
  logger.warn(f"Overriding environment {new_spec.id} already in registry.")
/home/sabrina/Documents/experiments/RL_for_pRNN/.venv/lib/python3.10/site-packages/gymnasium/envs/registration.py:694: UserWarning: [33mWARN: Overriding environment BabyAI-KeyCorridorS5R3-v0 already in registry.[0m
  logger.warn(f"Overriding environment {new_spec.id} already in registry.")
/home/sabrina/Documents/experiments/RL_for_pRNN/.venv/lib/python3.10/site-packages/gymnasium/envs/registration.py:694: UserWarning: [33mWARN: Overriding environment BabyAI-KeyCorridorS6R3-v0 already in registry.[0m
  logger.warn(f"Overriding environment {new_spec.id} already in registry.")
/home/sabrina/Documents/experiments/RL_for_pRNN/.venv/lib/python3.10/site-packages/gymnasium/envs/registration.py:694: UserWarning: [33mWARN: Overriding environment BabyAI-OneRoomS8-v0 already in registry.[0m
  logger.warn(f"Overriding environment {new_spec.id} already in registry.")
/home/sabrina/Documents/experiments/RL_for_pRNN/.venv/lib/python3.10/site-packages/gymnasium/envs/registration.py:694: UserWarning: [33mWARN: Overriding environment BabyAI-OneRoomS12-v0 already in registry.[0m
  logger.warn(f"Overriding environment {new_spec.id} already in registry.")
/home/sabrina/Documents/experiments/RL_for_pRNN/.venv/lib/python3.10/site-packages/gymnasium/envs/registration.py:694: UserWarning: [33mWARN: Overriding environment BabyAI-OneRoomS16-v0 already in registry.[0m
  logger.warn(f"Overriding environment {new_spec.id} already in registry.")
/home/sabrina/Documents/experiments/RL_for_pRNN/.venv/lib/python3.10/site-packages/gymnasium/envs/registration.py:694: UserWarning: [33mWARN: Overriding environment BabyAI-OneRoomS20-v0 already in registry.[0m
  logger.warn(f"Overriding environment {new_spec.id} already in registry.")
/home/sabrina/Documents/experiments/RL_for_pRNN/.venv/lib/python3.10/site-packages/gymnasium/envs/registration.py:694: UserWarning: [33mWARN: Overriding environment BabyAI-MoveTwoAcrossS5N2-v0 already in registry.[0m
  logger.warn(f"Overriding environment {new_spec.id} already in registry.")
/home/sabrina/Documents/experiments/RL_for_pRNN/.venv/lib/python3.10/site-packages/gymnasium/envs/registration.py:694: UserWarning: [33mWARN: Overriding environment BabyAI-MoveTwoAcrossS8N9-v0 already in registry.[0m
  logger.warn(f"Overriding environment {new_spec.id} already in registry.")
/home/sabrina/Documents/experiments/RL_for_pRNN/.venv/lib/python3.10/site-packages/gymnasium/envs/registration.py:694: UserWarning: [33mWARN: Overriding environment BabyAI-Synth-v0 already in registry.[0m
  logger.warn(f"Overriding environment {new_spec.id} already in registry.")
/home/sabrina/Documents/experiments/RL_for_pRNN/.venv/lib/python3.10/site-packages/gymnasium/envs/registration.py:694: UserWarning: [33mWARN: Overriding environment BabyAI-SynthS5R2-v0 already in registry.[0m
  logger.warn(f"Overriding environment {new_spec.id} already in registry.")
/home/sabrina/Documents/experiments/RL_for_pRNN/.venv/lib/python3.10/site-packages/gymnasium/envs/registration.py:694: UserWarning: [33mWARN: Overriding environment BabyAI-SynthLoc-v0 already in registry.[0m
  logger.warn(f"Overriding environment {new_spec.id} already in registry.")
/home/sabrina/Documents/experiments/RL_for_pRNN/.venv/lib/python3.10/site-packages/gymnasium/envs/registration.py:694: UserWarning: [33mWARN: Overriding environment BabyAI-SynthSeq-v0 already in registry.[0m
  logger.warn(f"Overriding environment {new_spec.id} already in registry.")
/home/sabrina/Documents/experiments/RL_for_pRNN/.venv/lib/python3.10/site-packages/gymnasium/envs/registration.py:694: UserWarning: [33mWARN: Overriding environment BabyAI-MiniBossLevel-v0 already in registry.[0m
  logger.warn(f"Overriding environment {new_spec.id} already in registry.")
/home/sabrina/Documents/experiments/RL_for_pRNN/.venv/lib/python3.10/site-packages/gymnasium/envs/registration.py:694: UserWarning: [33mWARN: Overriding environment BabyAI-BossLevel-v0 already in registry.[0m
  logger.warn(f"Overriding environment {new_spec.id} already in registry.")
/home/sabrina/Documents/experiments/RL_for_pRNN/.venv/lib/python3.10/site-packages/gymnasium/envs/registration.py:694: UserWarning: [33mWARN: Overriding environment BabyAI-BossLevelNoUnlock-v0 already in registry.[0m
  logger.warn(f"Overriding environment {new_spec.id} already in registry.")
/home/sabrina/Documents/experiments/RL_for_pRNN/.venv/lib/python3.10/site-packages/gymnasium/envs/registration.py:694: UserWarning: [33mWARN: Overriding environment MiniGrid-LRoom-v0 already in registry.[0m
  logger.warn(f"Overriding environment {new_spec.id} already in registry.")
/home/sabrina/Documents/experiments/RL_for_pRNN/.venv/lib/python3.10/site-packages/gymnasium/envs/registration.py:694: UserWarning: [33mWARN: Overriding environment MiniGrid-LRoom_LineGreen-v0 already in registry.[0m
  logger.warn(f"Overriding environment {new_spec.id} already in registry.")
/home/sabrina/Documents/experiments/RL_for_pRNN/.venv/lib/python3.10/site-packages/gymnasium/envs/registration.py:694: UserWarning: [33mWARN: Overriding environment MiniGrid-LRoom_Goal-v0 already in registry.[0m
  logger.warn(f"Overriding environment {new_spec.id} already in registry.")
/home/sabrina/Documents/experiments/RL_for_pRNN/.venv/lib/python3.10/site-packages/gymnasium/envs/registration.py:694: UserWarning: [33mWARN: Overriding environment MiniGrid-LRoom-SmallObj-v0 already in registry.[0m
  logger.warn(f"Overriding environment {new_spec.id} already in registry.")
/home/sabrina/Documents/experiments/RL_for_pRNN/.venv/lib/python3.10/site-packages/gymnasium/envs/registration.py:694: UserWarning: [33mWARN: Overriding environment MiniGrid-LRoom-Multi-v0 already in registry.[0m
  logger.warn(f"Overriding environment {new_spec.id} already in registry.")
/home/sabrina/Documents/experiments/RL_for_pRNN/.venv/lib/python3.10/site-packages/gymnasium/envs/registration.py:694: UserWarning: [33mWARN: Overriding environment MiniGrid-SquareRoom-v0 already in registry.[0m
  logger.warn(f"Overriding environment {new_spec.id} already in registry.")
/home/sabrina/Documents/experiments/RL_for_pRNN/.venv/lib/python3.10/site-packages/gymnasium/envs/registration.py:694: UserWarning: [33mWARN: Overriding environment MiniGrid-SquareRoom-Multi-v0 already in registry.[0m
  logger.warn(f"Overriding environment {new_spec.id} already in registry.")
/home/sabrina/Documents/experiments/RL_for_pRNN/.venv/lib/python3.10/site-packages/pynapple/process/tuning_curves.py:378: RuntimeWarning: invalid value encountered in divide
  fxfr = fx / fr
/home/sabrina/Documents/experiments/RL_for_pRNN/.venv/lib/python3.10/site-packages/pynapple/process/tuning_curves.py:389: RuntimeWarning: invalid value encountered in divide
  SI = SI / fr[:, 0, 0]
/home/sabrina/Documents/experiments/RL_for_pRNN/.venv/lib/python3.10/site-packages/pynapple/process/tuning_curves.py:378: RuntimeWarning: invalid value encountered in divide
  fxfr = fx / fr
/home/sabrina/Documents/experiments/RL_for_pRNN/.venv/lib/python3.10/site-packages/pynapple/process/tuning_curves.py:389: RuntimeWarning: invalid value encountered in divide
  SI = SI / fr[:, 0, 0]
/home/sabrina/Documents/experiments/RL_for_pRNN/.venv/lib/python3.10/site-packages/pynapple/process/tuning_curves.py:378: RuntimeWarning: invalid value encountered in divide
  fxfr = fx / fr
/home/sabrina/Documents/experiments/RL_for_pRNN/.venv/lib/python3.10/site-packages/pynapple/process/tuning_curves.py:389: RuntimeWarning: invalid value encountered in divide
  SI = SI / fr[:, 0, 0]
/home/sabrina/Documents/experiments/RL_for_pRNN/.venv/lib/python3.10/site-packages/pynapple/process/tuning_curves.py:378: RuntimeWarning: invalid value encountered in divide
  fxfr = fx / fr
/home/sabrina/Documents/experiments/RL_for_pRNN/.venv/lib/python3.10/site-packages/pynapple/process/tuning_curves.py:389: RuntimeWarning: invalid value encountered in divide
  SI = SI / fr[:, 0, 0]
/home/sabrina/Documents/experiments/RL_for_pRNN/.venv/lib/python3.10/site-packages/pynapple/process/tuning_curves.py:378: RuntimeWarning: invalid value encountered in divide
  fxfr = fx / fr
/home/sabrina/Documents/experiments/RL_for_pRNN/.venv/lib/python3.10/site-packages/pynapple/process/tuning_curves.py:389: RuntimeWarning: invalid value encountered in divide
  SI = SI / fr[:, 0, 0]
/home/sabrina/Documents/experiments/RL_for_pRNN/.venv/lib/python3.10/site-packages/pynapple/process/tuning_curves.py:378: RuntimeWarning: invalid value encountered in divide
  fxfr = fx / fr
/home/sabrina/Documents/experiments/RL_for_pRNN/.venv/lib/python3.10/site-packages/pynapple/process/tuning_curves.py:389: RuntimeWarning: invalid value encountered in divide
  SI = SI / fr[:, 0, 0]
/home/sabrina/Documents/experiments/RL_for_pRNN/.venv/lib/python3.10/site-packages/pynapple/process/tuning_curves.py:378: RuntimeWarning: invalid value encountered in divide
  fxfr = fx / fr
/home/sabrina/Documents/experiments/RL_for_pRNN/.venv/lib/python3.10/site-packages/pynapple/process/tuning_curves.py:389: RuntimeWarning: invalid value encountered in divide
  SI = SI / fr[:, 0, 0]
/home/sabrina/Documents/experiments/RL_for_pRNN/.venv/lib/python3.10/site-packages/pynapple/process/tuning_curves.py:378: RuntimeWarning: invalid value encountered in divide
  fxfr = fx / fr
/home/sabrina/Documents/experiments/RL_for_pRNN/.venv/lib/python3.10/site-packages/pynapple/process/tuning_curves.py:389: RuntimeWarning: invalid value encountered in divide
  SI = SI / fr[:, 0, 0]
/home/sabrina/Documents/experiments/RL_for_pRNN/.venv/lib/python3.10/site-packages/pynapple/process/tuning_curves.py:378: RuntimeWarning: invalid value encountered in divide
  fxfr = fx / fr
/home/sabrina/Documents/experiments/RL_for_pRNN/.venv/lib/python3.10/site-packages/pynapple/process/tuning_curves.py:389: RuntimeWarning: invalid value encountered in divide
  SI = SI / fr[:, 0, 0]
/home/sabrina/Documents/experiments/RL_for_pRNN/.venv/lib/python3.10/site-packages/pynapple/process/tuning_curves.py:378: RuntimeWarning: invalid value encountered in divide
  fxfr = fx / fr
/home/sabrina/Documents/experiments/RL_for_pRNN/.venv/lib/python3.10/site-packages/pynapple/process/tuning_curves.py:389: RuntimeWarning: invalid value encountered in divide
  SI = SI / fr[:, 0, 0]
/home/sabrina/Documents/experiments/RL_for_pRNN/.venv/lib/python3.10/site-packages/pynapple/process/tuning_curves.py:378: RuntimeWarning: invalid value encountered in divide
  fxfr = fx / fr
/home/sabrina/Documents/experiments/RL_for_pRNN/.venv/lib/python3.10/site-packages/pynapple/process/tuning_curves.py:389: RuntimeWarning: invalid value encountered in divide
  SI = SI / fr[:, 0, 0]
/home/sabrina/Documents/experiments/RL_for_pRNN/.venv/lib/python3.10/site-packages/pynapple/process/tuning_curves.py:378: RuntimeWarning: invalid value encountered in divide
  fxfr = fx / fr
/home/sabrina/Documents/experiments/RL_for_pRNN/.venv/lib/python3.10/site-packages/pynapple/process/tuning_curves.py:389: RuntimeWarning: invalid value encountered in divide
  SI = SI / fr[:, 0, 0]
/home/sabrina/Documents/experiments/RL_for_pRNN/.venv/lib/python3.10/site-packages/pynapple/process/tuning_curves.py:378: RuntimeWarning: invalid value encountered in divide
  fxfr = fx / fr
/home/sabrina/Documents/experiments/RL_for_pRNN/.venv/lib/python3.10/site-packages/pynapple/process/tuning_curves.py:389: RuntimeWarning: invalid value encountered in divide
  SI = SI / fr[:, 0, 0]
/home/sabrina/Documents/experiments/RL_for_pRNN/.venv/lib/python3.10/site-packages/pynapple/process/tuning_curves.py:378: RuntimeWarning: invalid value encountered in divide
  fxfr = fx / fr
/home/sabrina/Documents/experiments/RL_for_pRNN/.venv/lib/python3.10/site-packages/pynapple/process/tuning_curves.py:389: RuntimeWarning: invalid value encountered in divide
  SI = SI / fr[:, 0, 0]
/home/sabrina/Documents/experiments/RL_for_pRNN/.venv/lib/python3.10/site-packages/pynapple/process/tuning_curves.py:378: RuntimeWarning: invalid value encountered in divide
  fxfr = fx / fr
/home/sabrina/Documents/experiments/RL_for_pRNN/.venv/lib/python3.10/site-packages/pynapple/process/tuning_curves.py:389: RuntimeWarning: invalid value encountered in divide
  SI = SI / fr[:, 0, 0]
/home/sabrina/Documents/experiments/RL_for_pRNN/.venv/lib/python3.10/site-packages/pynapple/process/tuning_curves.py:378: RuntimeWarning: invalid value encountered in divide
  fxfr = fx / fr
/home/sabrina/Documents/experiments/RL_for_pRNN/.venv/lib/python3.10/site-packages/pynapple/process/tuning_curves.py:389: RuntimeWarning: invalid value encountered in divide
  SI = SI / fr[:, 0, 0]
/home/sabrina/Documents/experiments/RL_for_pRNN/.venv/lib/python3.10/site-packages/pynapple/process/tuning_curves.py:378: RuntimeWarning: invalid value encountered in divide
  fxfr = fx / fr
/home/sabrina/Documents/experiments/RL_for_pRNN/.venv/lib/python3.10/site-packages/pynapple/process/tuning_curves.py:389: RuntimeWarning: invalid value encountered in divide
  SI = SI / fr[:, 0, 0]
/home/sabrina/Documents/experiments/RL_for_pRNN/.venv/lib/python3.10/site-packages/pynapple/process/tuning_curves.py:378: RuntimeWarning: invalid value encountered in divide
  fxfr = fx / fr
/home/sabrina/Documents/experiments/RL_for_pRNN/.venv/lib/python3.10/site-packages/pynapple/process/tuning_curves.py:389: RuntimeWarning: invalid value encountered in divide
  SI = SI / fr[:, 0, 0]
/home/sabrina/Documents/experiments/RL_for_pRNN/.venv/lib/python3.10/site-packages/pynapple/process/tuning_curves.py:378: RuntimeWarning: invalid value encountered in divide
  fxfr = fx / fr
/home/sabrina/Documents/experiments/RL_for_pRNN/.venv/lib/python3.10/site-packages/pynapple/process/tuning_curves.py:389: RuntimeWarning: invalid value encountered in divide
  SI = SI / fr[:, 0, 0]
/home/sabrina/Documents/experiments/RL_for_pRNN/.venv/lib/python3.10/site-packages/pynapple/process/tuning_curves.py:378: RuntimeWarning: invalid value encountered in divide
  fxfr = fx / fr
/home/sabrina/Documents/experiments/RL_for_pRNN/.venv/lib/python3.10/site-packages/pynapple/process/tuning_curves.py:389: RuntimeWarning: invalid value encountered in divide
  SI = SI / fr[:, 0, 0]
/home/sabrina/Documents/experiments/RL_for_pRNN/.venv/lib/python3.10/site-packages/pynapple/process/tuning_curves.py:378: RuntimeWarning: invalid value encountered in divide
  fxfr = fx / fr
/home/sabrina/Documents/experiments/RL_for_pRNN/.venv/lib/python3.10/site-packages/pynapple/process/tuning_curves.py:389: RuntimeWarning: invalid value encountered in divide
  SI = SI / fr[:, 0, 0]
/home/sabrina/Documents/experiments/RL_for_pRNN/.venv/lib/python3.10/site-packages/pynapple/process/tuning_curves.py:378: RuntimeWarning: invalid value encountered in divide
  fxfr = fx / fr
/home/sabrina/Documents/experiments/RL_for_pRNN/.venv/lib/python3.10/site-packages/pynapple/process/tuning_curves.py:389: RuntimeWarning: invalid value encountered in divide
  SI = SI / fr[:, 0, 0]
/home/sabrina/Documents/experiments/RL_for_pRNN/.venv/lib/python3.10/site-packages/pynapple/process/tuning_curves.py:378: RuntimeWarning: invalid value encountered in divide
  fxfr = fx / fr
/home/sabrina/Documents/experiments/RL_for_pRNN/.venv/lib/python3.10/site-packages/pynapple/process/tuning_curves.py:389: RuntimeWarning: invalid value encountered in divide
  SI = SI / fr[:, 0, 0]
/home/sabrina/Documents/experiments/RL_for_pRNN/.venv/lib/python3.10/site-packages/pynapple/process/tuning_curves.py:378: RuntimeWarning: invalid value encountered in divide
  fxfr = fx / fr
/home/sabrina/Documents/experiments/RL_for_pRNN/.venv/lib/python3.10/site-packages/pynapple/process/tuning_curves.py:389: RuntimeWarning: invalid value encountered in divide
  SI = SI / fr[:, 0, 0]
/home/sabrina/Documents/experiments/RL_for_pRNN/.venv/lib/python3.10/site-packages/pynapple/process/tuning_curves.py:378: RuntimeWarning: invalid value encountered in divide
  fxfr = fx / fr
/home/sabrina/Documents/experiments/RL_for_pRNN/.venv/lib/python3.10/site-packages/pynapple/process/tuning_curves.py:389: RuntimeWarning: invalid value encountered in divide
  SI = SI / fr[:, 0, 0]
/home/sabrina/Documents/experiments/RL_for_pRNN/.venv/lib/python3.10/site-packages/pynapple/process/tuning_curves.py:378: RuntimeWarning: invalid value encountered in divide
  fxfr = fx / fr
/home/sabrina/Documents/experiments/RL_for_pRNN/.venv/lib/python3.10/site-packages/pynapple/process/tuning_curves.py:389: RuntimeWarning: invalid value encountered in divide
  SI = SI / fr[:, 0, 0]
/home/sabrina/Documents/experiments/RL_for_pRNN/.venv/lib/python3.10/site-packages/pynapple/process/tuning_curves.py:378: RuntimeWarning: invalid value encountered in divide
  fxfr = fx / fr
/home/sabrina/Documents/experiments/RL_for_pRNN/.venv/lib/python3.10/site-packages/pynapple/process/tuning_curves.py:389: RuntimeWarning: invalid value encountered in divide
  SI = SI / fr[:, 0, 0]
/home/sabrina/Documents/experiments/RL_for_pRNN/.venv/lib/python3.10/site-packages/pynapple/process/tuning_curves.py:378: RuntimeWarning: invalid value encountered in divide
  fxfr = fx / fr
/home/sabrina/Documents/experiments/RL_for_pRNN/.venv/lib/python3.10/site-packages/pynapple/process/tuning_curves.py:389: RuntimeWarning: invalid value encountered in divide
  SI = SI / fr[:, 0, 0]
/home/sabrina/Documents/experiments/RL_for_pRNN/.venv/lib/python3.10/site-packages/pynapple/process/tuning_curves.py:378: RuntimeWarning: invalid value encountered in divide
  fxfr = fx / fr
/home/sabrina/Documents/experiments/RL_for_pRNN/.venv/lib/python3.10/site-packages/pynapple/process/tuning_curves.py:389: RuntimeWarning: invalid value encountered in divide
  SI = SI / fr[:, 0, 0]
/home/sabrina/Documents/experiments/RL_for_pRNN/.venv/lib/python3.10/site-packages/pynapple/process/tuning_curves.py:378: RuntimeWarning: invalid value encountered in divide
  fxfr = fx / fr
/home/sabrina/Documents/experiments/RL_for_pRNN/.venv/lib/python3.10/site-packages/pynapple/process/tuning_curves.py:389: RuntimeWarning: invalid value encountered in divide
  SI = SI / fr[:, 0, 0]
/home/sabrina/Documents/experiments/RL_for_pRNN/.venv/lib/python3.10/site-packages/pynapple/process/tuning_curves.py:378: RuntimeWarning: invalid value encountered in divide
  fxfr = fx / fr
/home/sabrina/Documents/experiments/RL_for_pRNN/.venv/lib/python3.10/site-packages/pynapple/process/tuning_curves.py:389: RuntimeWarning: invalid value encountered in divide
  SI = SI / fr[:, 0, 0]
/home/sabrina/Documents/experiments/RL_for_pRNN/.venv/lib/python3.10/site-packages/pynapple/process/tuning_curves.py:378: RuntimeWarning: invalid value encountered in divide
  fxfr = fx / fr
/home/sabrina/Documents/experiments/RL_for_pRNN/.venv/lib/python3.10/site-packages/pynapple/process/tuning_curves.py:389: RuntimeWarning: invalid value encountered in divide
  SI = SI / fr[:, 0, 0]
/home/sabrina/Documents/experiments/RL_for_pRNN/.venv/lib/python3.10/site-packages/pynapple/process/tuning_curves.py:378: RuntimeWarning: invalid value encountered in divide
  fxfr = fx / fr
/home/sabrina/Documents/experiments/RL_for_pRNN/.venv/lib/python3.10/site-packages/pynapple/process/tuning_curves.py:389: RuntimeWarning: invalid value encountered in divide
  SI = SI / fr[:, 0, 0]
/home/sabrina/Documents/experiments/RL_for_pRNN/.venv/lib/python3.10/site-packages/pynapple/process/tuning_curves.py:378: RuntimeWarning: invalid value encountered in divide
  fxfr = fx / fr
/home/sabrina/Documents/experiments/RL_for_pRNN/.venv/lib/python3.10/site-packages/pynapple/process/tuning_curves.py:389: RuntimeWarning: invalid value encountered in divide
  SI = SI / fr[:, 0, 0]
/home/sabrina/Documents/experiments/RL_for_pRNN/.venv/lib/python3.10/site-packages/pynapple/process/tuning_curves.py:378: RuntimeWarning: invalid value encountered in divide
  fxfr = fx / fr
/home/sabrina/Documents/experiments/RL_for_pRNN/.venv/lib/python3.10/site-packages/pynapple/process/tuning_curves.py:389: RuntimeWarning: invalid value encountered in divide
  SI = SI / fr[:, 0, 0]
/home/sabrina/Documents/experiments/RL_for_pRNN/.venv/lib/python3.10/site-packages/pynapple/process/tuning_curves.py:378: RuntimeWarning: invalid value encountered in divide
  fxfr = fx / fr
/home/sabrina/Documents/experiments/RL_for_pRNN/.venv/lib/python3.10/site-packages/pynapple/process/tuning_curves.py:389: RuntimeWarning: invalid value encountered in divide
  SI = SI / fr[:, 0, 0]
/home/sabrina/Documents/experiments/RL_for_pRNN/.venv/lib/python3.10/site-packages/pynapple/process/tuning_curves.py:378: RuntimeWarning: invalid value encountered in divide
  fxfr = fx / fr
/home/sabrina/Documents/experiments/RL_for_pRNN/.venv/lib/python3.10/site-packages/pynapple/process/tuning_curves.py:389: RuntimeWarning: invalid value encountered in divide
  SI = SI / fr[:, 0, 0]
/home/sabrina/Documents/experiments/RL_for_pRNN/.venv/lib/python3.10/site-packages/pynapple/process/tuning_curves.py:378: RuntimeWarning: invalid value encountered in divide
  fxfr = fx / fr
/home/sabrina/Documents/experiments/RL_for_pRNN/.venv/lib/python3.10/site-packages/pynapple/process/tuning_curves.py:389: RuntimeWarning: invalid value encountered in divide
  SI = SI / fr[:, 0, 0]
/home/sabrina/Documents/experiments/RL_for_pRNN/.venv/lib/python3.10/site-packages/pynapple/process/tuning_curves.py:378: RuntimeWarning: invalid value encountered in divide
  fxfr = fx / fr
/home/sabrina/Documents/experiments/RL_for_pRNN/.venv/lib/python3.10/site-packages/pynapple/process/tuning_curves.py:389: RuntimeWarning: invalid value encountered in divide
  SI = SI / fr[:, 0, 0]
/home/sabrina/Documents/experiments/RL_for_pRNN/.venv/lib/python3.10/site-packages/pynapple/process/tuning_curves.py:378: RuntimeWarning: invalid value encountered in divide
  fxfr = fx / fr
/home/sabrina/Documents/experiments/RL_for_pRNN/.venv/lib/python3.10/site-packages/pynapple/process/tuning_curves.py:389: RuntimeWarning: invalid value encountered in divide
  SI = SI / fr[:, 0, 0]
/home/sabrina/Documents/experiments/RL_for_pRNN/.venv/lib/python3.10/site-packages/pynapple/process/tuning_curves.py:378: RuntimeWarning: invalid value encountered in divide
  fxfr = fx / fr
/home/sabrina/Documents/experiments/RL_for_pRNN/.venv/lib/python3.10/site-packages/pynapple/process/tuning_curves.py:389: RuntimeWarning: invalid value encountered in divide
  SI = SI / fr[:, 0, 0]
/home/sabrina/Documents/experiments/RL_for_pRNN/.venv/lib/python3.10/site-packages/pynapple/process/tuning_curves.py:378: RuntimeWarning: invalid value encountered in divide
  fxfr = fx / fr
/home/sabrina/Documents/experiments/RL_for_pRNN/.venv/lib/python3.10/site-packages/pynapple/process/tuning_curves.py:389: RuntimeWarning: invalid value encountered in divide
  SI = SI / fr[:, 0, 0]
/home/sabrina/Documents/experiments/RL_for_pRNN/.venv/lib/python3.10/site-packages/pynapple/process/tuning_curves.py:378: RuntimeWarning: invalid value encountered in divide
  fxfr = fx / fr
/home/sabrina/Documents/experiments/RL_for_pRNN/.venv/lib/python3.10/site-packages/pynapple/process/tuning_curves.py:389: RuntimeWarning: invalid value encountered in divide
  SI = SI / fr[:, 0, 0]
/home/sabrina/Documents/experiments/RL_for_pRNN/.venv/lib/python3.10/site-packages/pynapple/process/tuning_curves.py:378: RuntimeWarning: invalid value encountered in divide
  fxfr = fx / fr
/home/sabrina/Documents/experiments/RL_for_pRNN/.venv/lib/python3.10/site-packages/pynapple/process/tuning_curves.py:389: RuntimeWarning: invalid value encountered in divide
  SI = SI / fr[:, 0, 0]
/home/sabrina/Documents/experiments/RL_for_pRNN/.venv/lib/python3.10/site-packages/pynapple/process/tuning_curves.py:378: RuntimeWarning: invalid value encountered in divide
  fxfr = fx / fr
/home/sabrina/Documents/experiments/RL_for_pRNN/.venv/lib/python3.10/site-packages/pynapple/process/tuning_curves.py:389: RuntimeWarning: invalid value encountered in divide
  SI = SI / fr[:, 0, 0]
/home/sabrina/Documents/experiments/RL_for_pRNN/.venv/lib/python3.10/site-packages/pynapple/process/tuning_curves.py:378: RuntimeWarning: invalid value encountered in divide
  fxfr = fx / fr
/home/sabrina/Documents/experiments/RL_for_pRNN/.venv/lib/python3.10/site-packages/pynapple/process/tuning_curves.py:389: RuntimeWarning: invalid value encountered in divide
  SI = SI / fr[:, 0, 0]
/home/sabrina/Documents/experiments/RL_for_pRNN/.venv/lib/python3.10/site-packages/pynapple/process/tuning_curves.py:378: RuntimeWarning: invalid value encountered in divide
  fxfr = fx / fr
/home/sabrina/Documents/experiments/RL_for_pRNN/.venv/lib/python3.10/site-packages/pynapple/process/tuning_curves.py:389: RuntimeWarning: invalid value encountered in divide
  SI = SI / fr[:, 0, 0]
/home/sabrina/Documents/experiments/RL_for_pRNN/.venv/lib/python3.10/site-packages/pynapple/process/tuning_curves.py:378: RuntimeWarning: invalid value encountered in divide
  fxfr = fx / fr
/home/sabrina/Documents/experiments/RL_for_pRNN/.venv/lib/python3.10/site-packages/pynapple/process/tuning_curves.py:389: RuntimeWarning: invalid value encountered in divide
  SI = SI / fr[:, 0, 0]
/home/sabrina/Documents/experiments/RL_for_pRNN/.venv/lib/python3.10/site-packages/pynapple/process/tuning_curves.py:378: RuntimeWarning: invalid value encountered in divide
  fxfr = fx / fr
/home/sabrina/Documents/experiments/RL_for_pRNN/.venv/lib/python3.10/site-packages/pynapple/process/tuning_curves.py:389: RuntimeWarning: invalid value encountered in divide
  SI = SI / fr[:, 0, 0]
/home/sabrina/Documents/experiments/RL_for_pRNN/.venv/lib/python3.10/site-packages/pynapple/process/tuning_curves.py:378: RuntimeWarning: invalid value encountered in divide
  fxfr = fx / fr
/home/sabrina/Documents/experiments/RL_for_pRNN/.venv/lib/python3.10/site-packages/pynapple/process/tuning_curves.py:389: RuntimeWarning: invalid value encountered in divide
  SI = SI / fr[:, 0, 0]
/home/sabrina/Documents/experiments/RL_for_pRNN/.venv/lib/python3.10/site-packages/pynapple/process/tuning_curves.py:378: RuntimeWarning: invalid value encountered in divide
  fxfr = fx / fr
/home/sabrina/Documents/experiments/RL_for_pRNN/.venv/lib/python3.10/site-packages/pynapple/process/tuning_curves.py:389: RuntimeWarning: invalid value encountered in divide
  SI = SI / fr[:, 0, 0]
/home/sabrina/Documents/experiments/RL_for_pRNN/.venv/lib/python3.10/site-packages/pynapple/process/tuning_curves.py:378: RuntimeWarning: invalid value encountered in divide
  fxfr = fx / fr
/home/sabrina/Documents/experiments/RL_for_pRNN/.venv/lib/python3.10/site-packages/pynapple/process/tuning_curves.py:389: RuntimeWarning: invalid value encountered in divide
  SI = SI / fr[:, 0, 0]
/home/sabrina/Documents/experiments/RL_for_pRNN/.venv/lib/python3.10/site-packages/pynapple/process/tuning_curves.py:378: RuntimeWarning: invalid value encountered in divide
  fxfr = fx / fr
/home/sabrina/Documents/experiments/RL_for_pRNN/.venv/lib/python3.10/site-packages/pynapple/process/tuning_curves.py:389: RuntimeWarning: invalid value encountered in divide
  SI = SI / fr[:, 0, 0]
/home/sabrina/Documents/experiments/RL_for_pRNN/.venv/lib/python3.10/site-packages/pynapple/process/tuning_curves.py:378: RuntimeWarning: invalid value encountered in divide
  fxfr = fx / fr
/home/sabrina/Documents/experiments/RL_for_pRNN/.venv/lib/python3.10/site-packages/pynapple/process/tuning_curves.py:389: RuntimeWarning: invalid value encountered in divide
  SI = SI / fr[:, 0, 0]
config: outputs/fetched/mx-impassable-n8-s3-mse-off0-nohd_curious_26-09-13-15-45-24/provenance.json
10 checkpoints in MiniGrid-LRoom-Multi-v0 (base room MiniGrid-LRoom-v0), source=Selected(positions=(0, 1, 2, 3, 5, 6, 7, 8), impassable=True, keep_landmarks=None): 8/8 rooms scored, 6 probe trajectories x 256 steps
    18934ed6  triangle3/blue@(5, 3)  plus/green@(3, 10)  block3/red@(12, 5)
    c6552dcb  triangle3/blue@(9, 5)  plus/green@(4, 12)  block3/red@(3, 5)
    a4bea8f9  triangle3/blue@(6, 4)  plus/green@(12, 6)  block3/red@(8, 12)
    3273ea92  triangle3/blue@(3, 11)  plus/green@(6, 4)  block3/red@(12, 4)
    b3dde3a0  triangle3/blue@(4, 12)  plus/green@(11, 3)  block3/red@(4, 6)
    a6d51256  triangle3/blue@(8, 11)  plus/green@(10, 3)  block3/red@(4, 3)
    a0e87e46  triangle3/blue@(6, 4)  plus/green@(12, 3)  block3/red@(4, 11)
    42fff5db  triangle3/blue@(10, 4)  plus/green@(7, 11)  block3/red@(4, 5)
[load_pN] Completed loading. All tensors should now be on cpu
        step    loss@1893    loss@c655    loss@a4be    loss@3273    loss@b3dd    loss@a6d5    loss@a0e8    loss@42ff  mean sRSA   pooled    remap   SWdist
[load_pN] Completed loading. All tensors should now be on cpu
   8,388,608     0.013986     0.015993     0.015591     0.013588     0.015166     0.014973     0.015236     0.015241     0.1696   0.1720  -0.0024   0.0174
[load_pN] Completed loading. All tensors should now be on cpu
  16,777,216     0.011363     0.013108     0.013247     0.010816     0.012440     0.012114     0.012592     0.012822     0.2388   0.2265  +0.0123   0.0192
[load_pN] Completed loading. All tensors should now be on cpu
  25,165,824     0.010656     0.011602     0.011628     0.010041     0.010914     0.010929     0.010964     0.011257     0.2760   0.2482  +0.0278   0.0311
[load_pN] Completed loading. All tensors should now be on cpu
  33,554,432     0.010237     0.010973     0.011016     0.009745     0.010345     0.010451     0.010383     0.010618     0.2741   0.2427  +0.0314   0.0467
[load_pN] Completed loading. All tensors should now be on cpu
  41,943,040     0.009953     0.010326     0.011084     0.009169     0.009696     0.010097     0.010113     0.010099     0.3110   0.2685  +0.0425   0.0422
[load_pN] Completed loading. All tensors should now be on cpu
  50,331,648     0.009714     0.009767     0.010052     0.008790     0.009387     0.009644     0.009483     0.009563     0.3025   0.2508  +0.0517   0.0462
[load_pN] Completed loading. All tensors should now be on cpu
  58,720,256     0.008929     0.009204     0.009431     0.008232     0.008691     0.009169     0.009067     0.008754     0.3279   0.2771  +0.0508   0.0492
[load_pN] Completed loading. All tensors should now be on cpu
  67,108,864     0.008660     0.009053     0.009370     0.008119     0.008654     0.009007     0.008871     0.008809     0.3313   0.2670  +0.0643   0.0473
[load_pN] Completed loading. All tensors should now be on cpu
  75,497,472     0.008390     0.008874     0.009203     0.007887     0.008296     0.008599     0.008494     0.008578     0.3753   0.3220  +0.0533   0.0655
[load_pN] Completed loading. All tensors should now be on cpu
  83,886,080     0.008483     0.009089     0.009685     0.007834     0.008927     0.008674     0.009178     0.009199     0.3198   0.2672  +0.0526   0.1229   (latest)

prediction loss 0.014972 -> 0.008884  (DECREASING)
wrote outputs/fetched/mx-impassable-n8-s3-mse-off0-nohd_curious_26-09-13-15-45-24/checkpoint_curve.json
