/home/sabrina/Documents/experiments/RL_for_pRNN/.venv/lib/python3.10/site-packages/gymnasium/envs/registration.py:694: UserWarning: [33mWARN: Overriding environment MiniGrid-BlockedUnlockPickup-v0 already in registry.[0m
  logger.warn(f"Overriding environment {new_spec.id} already in registry.")
/home/sabrina/Documents/experiments/RL_for_pRNN/.venv/lib/python3.10/site-packages/gymnasium/envs/registration.py:694: UserWarning: [33mWARN: Overriding environment MiniGrid-LavaCrossingS9N1-v0 already in registry.[0m
  logger.warn(f"Overriding environment {new_spec.id} already in registry.")
/home/sabrina/Documents/experiments/RL_for_pRNN/.venv/lib/python3.10/site-packages/gymnasium/envs/registration.py:694: UserWarning: [33mWARN: Overriding environment MiniGrid-LavaCrossingS9N2-v0 already in registry.[0m
  logger.warn(f"Overriding environment {new_spec.id} already in registry.")
/home/sabrina/Documents/experiments/RL_for_pRNN/.venv/lib/python3.10/site-packages/gymnasium/envs/registration.py:694: UserWarning: [33mWARN: Overriding environment MiniGrid-LavaCrossingS9N3-v0 already in registry.[0m
  logger.warn(f"Overriding environment {new_spec.id} already in registry.")
/home/sabrina/Documents/experiments/RL_for_pRNN/.venv/lib/python3.10/site-packages/gymnasium/envs/registration.py:694: UserWarning: [33mWARN: Overriding environment MiniGrid-LavaCrossingS11N5-v0 already in registry.[0m
  logger.warn(f"Overriding environment {new_spec.id} already in registry.")
/home/sabrina/Documents/experiments/RL_for_pRNN/.venv/lib/python3.10/site-packages/gymnasium/envs/registration.py:694: UserWarning: [33mWARN: Overriding environment MiniGrid-SimpleCrossingS9N1-v0 already in registry.[0m
  logger.warn(f"Overriding environment {new_spec.id} already in registry.")
/home/sabrina/Documents/experiments/RL_for_pRNN/.venv/lib/python3.10/site-packages/gymnasium/envs/registration.py:694: UserWarning: [33mWARN: Overriding environment MiniGrid-SimpleCrossingS9N2-v0 already in registry.[0m
  logger.warn(f"Overriding environment {new_spec.id} already in registry.")
/home/sabrina/Documents/experiments/RL_for_pRNN/.venv/lib/python3.10/site-packages/gymnasium/envs/registration.py:694: UserWarning: [33mWARN: Overriding environment MiniGrid-SimpleCrossingS9N3-v0 already in registry.[0m
  logger.warn(f"Overriding environment {new_spec.id} already in registry.")
/home/sabrina/Documents/experiments/RL_for_pRNN/.venv/lib/python3.10/site-packages/gymnasium/envs/registration.py:694: UserWarning: [33mWARN: Overriding environment MiniGrid-SimpleCrossingS11N5-v0 already in registry.[0m
  logger.warn(f"Overriding environment {new_spec.id} already in registry.")
/home/sabrina/Documents/experiments/RL_for_pRNN/.venv/lib/python3.10/site-packages/gymnasium/envs/registration.py:694: UserWarning: [33mWARN: Overriding environment MiniGrid-DistShift1-v0 already in registry.[0m
  logger.warn(f"Overriding environment {new_spec.id} already in registry.")
/home/sabrina/Documents/experiments/RL_for_pRNN/.venv/lib/python3.10/site-packages/gymnasium/envs/registration.py:694: UserWarning: [33mWARN: Overriding environment MiniGrid-DistShift2-v0 already in registry.[0m
  logger.warn(f"Overriding environment {new_spec.id} already in registry.")
/home/sabrina/Documents/experiments/RL_for_pRNN/.venv/lib/python3.10/site-packages/gymnasium/envs/registration.py:694: UserWarning: [33mWARN: Overriding environment MiniGrid-DonutRoom-16x16-v0 already in registry.[0m
  logger.warn(f"Overriding environment {new_spec.id} already in registry.")
/home/sabrina/Documents/experiments/RL_for_pRNN/.venv/lib/python3.10/site-packages/gymnasium/envs/registration.py:694: UserWarning: [33mWARN: Overriding environment MiniGrid-DonutRoom-17x17-v0 already in registry.[0m
  logger.warn(f"Overriding environment {new_spec.id} already in registry.")
/home/sabrina/Documents/experiments/RL_for_pRNN/.venv/lib/python3.10/site-packages/gymnasium/envs/registration.py:694: UserWarning: [33mWARN: Overriding environment MiniGrid-DonutRoom-20x20-v0 already in registry.[0m
  logger.warn(f"Overriding environment {new_spec.id} already in registry.")
/home/sabrina/Documents/experiments/RL_for_pRNN/.venv/lib/python3.10/site-packages/gymnasium/envs/registration.py:694: UserWarning: [33mWARN: Overriding environment MiniGrid-DonutRoom-18x18-v0 already in registry.[0m
  logger.warn(f"Overriding environment {new_spec.id} already in registry.")
/home/sabrina/Documents/experiments/RL_for_pRNN/.venv/lib/python3.10/site-packages/gymnasium/envs/registration.py:694: UserWarning: [33mWARN: Overriding environment MiniGrid-DonutLava-Long-v0 already in registry.[0m
  logger.warn(f"Overriding environment {new_spec.id} already in registry.")
/home/sabrina/Documents/experiments/RL_for_pRNN/.venv/lib/python3.10/site-packages/gymnasium/envs/registration.py:694: UserWarning: [33mWARN: Overriding environment MiniGrid-DonutLava-Long-neg02-v0 already in registry.[0m
  logger.warn(f"Overriding environment {new_spec.id} already in registry.")
/home/sabrina/Documents/experiments/RL_for_pRNN/.venv/lib/python3.10/site-packages/gymnasium/envs/registration.py:694: UserWarning: [33mWARN: Overriding environment MiniGrid-DonutLava-Long-neg025-v0 already in registry.[0m
  logger.warn(f"Overriding environment {new_spec.id} already in registry.")
/home/sabrina/Documents/experiments/RL_for_pRNN/.venv/lib/python3.10/site-packages/gymnasium/envs/registration.py:694: UserWarning: [33mWARN: Overriding environment MiniGrid-DonutLava-Long-neg03-v0 already in registry.[0m
  logger.warn(f"Overriding environment {new_spec.id} already in registry.")
/home/sabrina/Documents/experiments/RL_for_pRNN/.venv/lib/python3.10/site-packages/gymnasium/envs/registration.py:694: UserWarning: [33mWARN: Overriding environment MiniGrid-DonutLava-Long-neg04-v0 already in registry.[0m
  logger.warn(f"Overriding environment {new_spec.id} already in registry.")
/home/sabrina/Documents/experiments/RL_for_pRNN/.venv/lib/python3.10/site-packages/gymnasium/envs/registration.py:694: UserWarning: [33mWARN: Overriding environment MiniGrid-DonutLava-Long-neg05-v0 already in registry.[0m
  logger.warn(f"Overriding environment {new_spec.id} already in registry.")
/home/sabrina/Documents/experiments/RL_for_pRNN/.venv/lib/python3.10/site-packages/gymnasium/envs/registration.py:694: UserWarning: [33mWARN: Overriding environment MiniGrid-DonutLava-Long-neg10-v0 already in registry.[0m
  logger.warn(f"Overriding environment {new_spec.id} already in registry.")
/home/sabrina/Documents/experiments/RL_for_pRNN/.venv/lib/python3.10/site-packages/gymnasium/envs/registration.py:694: UserWarning: [33mWARN: Overriding environment MiniGrid-DonutLava-Long-v1 already in registry.[0m
  logger.warn(f"Overriding environment {new_spec.id} already in registry.")
/home/sabrina/Documents/experiments/RL_for_pRNN/.venv/lib/python3.10/site-packages/gymnasium/envs/registration.py:694: UserWarning: [33mWARN: Overriding environment MiniGrid-DonutLava-Long-neg05-v1 already in registry.[0m
  logger.warn(f"Overriding environment {new_spec.id} already in registry.")
/home/sabrina/Documents/experiments/RL_for_pRNN/.venv/lib/python3.10/site-packages/gymnasium/envs/registration.py:694: UserWarning: [33mWARN: Overriding environment MiniGrid-DonutLava-Long-v2 already in registry.[0m
  logger.warn(f"Overriding environment {new_spec.id} already in registry.")
/home/sabrina/Documents/experiments/RL_for_pRNN/.venv/lib/python3.10/site-packages/gymnasium/envs/registration.py:694: UserWarning: [33mWARN: Overriding environment MiniGrid-DonutLava-Long-neg05-v2 already in registry.[0m
  logger.warn(f"Overriding environment {new_spec.id} already in registry.")
/home/sabrina/Documents/experiments/RL_for_pRNN/.venv/lib/python3.10/site-packages/gymnasium/envs/registration.py:694: UserWarning: [33mWARN: Overriding environment MiniGrid-DonutLava-16x16-v0 already in registry.[0m
  logger.warn(f"Overriding environment {new_spec.id} already in registry.")
/home/sabrina/Documents/experiments/RL_for_pRNN/.venv/lib/python3.10/site-packages/gymnasium/envs/registration.py:694: UserWarning: [33mWARN: Overriding environment MiniGrid-DonutLava-17x17-v0 already in registry.[0m
  logger.warn(f"Overriding environment {new_spec.id} already in registry.")
/home/sabrina/Documents/experiments/RL_for_pRNN/.venv/lib/python3.10/site-packages/gymnasium/envs/registration.py:694: UserWarning: [33mWARN: Overriding environment MiniGrid-DonutLava-17x17-neg02-v0 already in registry.[0m
  logger.warn(f"Overriding environment {new_spec.id} already in registry.")
/home/sabrina/Documents/experiments/RL_for_pRNN/.venv/lib/python3.10/site-packages/gymnasium/envs/registration.py:694: UserWarning: [33mWARN: Overriding environment MiniGrid-DonutLava-17x17-neg021-v0 already in registry.[0m
  logger.warn(f"Overriding environment {new_spec.id} already in registry.")
/home/sabrina/Documents/experiments/RL_for_pRNN/.venv/lib/python3.10/site-packages/gymnasium/envs/registration.py:694: UserWarning: [33mWARN: Overriding environment MiniGrid-DonutLava-17x17-neg022-v0 already in registry.[0m
  logger.warn(f"Overriding environment {new_spec.id} already in registry.")
/home/sabrina/Documents/experiments/RL_for_pRNN/.venv/lib/python3.10/site-packages/gymnasium/envs/registration.py:694: UserWarning: [33mWARN: Overriding environment MiniGrid-DonutLava-17x17-neg023-v0 already in registry.[0m
  logger.warn(f"Overriding environment {new_spec.id} already in registry.")
/home/sabrina/Documents/experiments/RL_for_pRNN/.venv/lib/python3.10/site-packages/gymnasium/envs/registration.py:694: UserWarning: [33mWARN: Overriding environment MiniGrid-DonutLava-17x17-neg024-v0 already in registry.[0m
  logger.warn(f"Overriding environment {new_spec.id} already in registry.")
/home/sabrina/Documents/experiments/RL_for_pRNN/.venv/lib/python3.10/site-packages/gymnasium/envs/registration.py:694: UserWarning: [33mWARN: Overriding environment MiniGrid-DonutLava-17x17-neg025-v0 already in registry.[0m
  logger.warn(f"Overriding environment {new_spec.id} already in registry.")
/home/sabrina/Documents/experiments/RL_for_pRNN/.venv/lib/python3.10/site-packages/gymnasium/envs/registration.py:694: UserWarning: [33mWARN: Overriding environment MiniGrid-DonutLava-17x17-neg03-v0 already in registry.[0m
  logger.warn(f"Overriding environment {new_spec.id} already in registry.")
/home/sabrina/Documents/experiments/RL_for_pRNN/.venv/lib/python3.10/site-packages/gymnasium/envs/registration.py:694: UserWarning: [33mWARN: Overriding environment MiniGrid-DonutLava-17x17-neg035-v0 already in registry.[0m
  logger.warn(f"Overriding environment {new_spec.id} already in registry.")
/home/sabrina/Documents/experiments/RL_for_pRNN/.venv/lib/python3.10/site-packages/gymnasium/envs/registration.py:694: UserWarning: [33mWARN: Overriding environment MiniGrid-DonutLava-17x17-neg04-v0 already in registry.[0m
  logger.warn(f"Overriding environment {new_spec.id} already in registry.")
/home/sabrina/Documents/experiments/RL_for_pRNN/.venv/lib/python3.10/site-packages/gymnasium/envs/registration.py:694: UserWarning: [33mWARN: Overriding environment MiniGrid-DonutLava-17x17-neg045-v0 already in registry.[0m
  logger.warn(f"Overriding environment {new_spec.id} already in registry.")
/home/sabrina/Documents/experiments/RL_for_pRNN/.venv/lib/python3.10/site-packages/gymnasium/envs/registration.py:694: UserWarning: [33mWARN: Overriding environment MiniGrid-DonutLava-17x17-neg05-v0 already in registry.[0m
  logger.warn(f"Overriding environment {new_spec.id} already in registry.")
/home/sabrina/Documents/experiments/RL_for_pRNN/.venv/lib/python3.10/site-packages/gymnasium/envs/registration.py:694: UserWarning: [33mWARN: Overriding environment MiniGrid-DonutLava-20x20-v0 already in registry.[0m
  logger.warn(f"Overriding environment {new_spec.id} already in registry.")
/home/sabrina/Documents/experiments/RL_for_pRNN/.venv/lib/python3.10/site-packages/gymnasium/envs/registration.py:694: UserWarning: [33mWARN: Overriding environment MiniGrid-DonutLava-18x18-v0 already in registry.[0m
  logger.warn(f"Overriding environment {new_spec.id} already in registry.")
/home/sabrina/Documents/experiments/RL_for_pRNN/.venv/lib/python3.10/site-packages/gymnasium/envs/registration.py:694: UserWarning: [33mWARN: Overriding environment MiniGrid-DoorKey-5x5-v0 already in registry.[0m
  logger.warn(f"Overriding environment {new_spec.id} already in registry.")
/home/sabrina/Documents/experiments/RL_for_pRNN/.venv/lib/python3.10/site-packages/gymnasium/envs/registration.py:694: UserWarning: [33mWARN: Overriding environment MiniGrid-DoorKey-6x6-v0 already in registry.[0m
  logger.warn(f"Overriding environment {new_spec.id} already in registry.")
/home/sabrina/Documents/experiments/RL_for_pRNN/.venv/lib/python3.10/site-packages/gymnasium/envs/registration.py:694: UserWarning: [33mWARN: Overriding environment MiniGrid-DoorKey-8x8-v0 already in registry.[0m
  logger.warn(f"Overriding environment {new_spec.id} already in registry.")
/home/sabrina/Documents/experiments/RL_for_pRNN/.venv/lib/python3.10/site-packages/gymnasium/envs/registration.py:694: UserWarning: [33mWARN: Overriding environment MiniGrid-DoorKey-16x16-v0 already in registry.[0m
  logger.warn(f"Overriding environment {new_spec.id} already in registry.")
/home/sabrina/Documents/experiments/RL_for_pRNN/.venv/lib/python3.10/site-packages/gymnasium/envs/registration.py:694: UserWarning: [33mWARN: Overriding environment MiniGrid-Dynamic-Obstacles-5x5-v0 already in registry.[0m
  logger.warn(f"Overriding environment {new_spec.id} already in registry.")
/home/sabrina/Documents/experiments/RL_for_pRNN/.venv/lib/python3.10/site-packages/gymnasium/envs/registration.py:694: UserWarning: [33mWARN: Overriding environment MiniGrid-Dynamic-Obstacles-Random-5x5-v0 already in registry.[0m
  logger.warn(f"Overriding environment {new_spec.id} already in registry.")
/home/sabrina/Documents/experiments/RL_for_pRNN/.venv/lib/python3.10/site-packages/gymnasium/envs/registration.py:694: UserWarning: [33mWARN: Overriding environment MiniGrid-Dynamic-Obstacles-6x6-v0 already in registry.[0m
  logger.warn(f"Overriding environment {new_spec.id} already in registry.")
/home/sabrina/Documents/experiments/RL_for_pRNN/.venv/lib/python3.10/site-packages/gymnasium/envs/registration.py:694: UserWarning: [33mWARN: Overriding environment MiniGrid-Dynamic-Obstacles-Random-6x6-v0 already in registry.[0m
  logger.warn(f"Overriding environment {new_spec.id} already in registry.")
/home/sabrina/Documents/experiments/RL_for_pRNN/.venv/lib/python3.10/site-packages/gymnasium/envs/registration.py:694: UserWarning: [33mWARN: Overriding environment MiniGrid-Dynamic-Obstacles-8x8-v0 already in registry.[0m
  logger.warn(f"Overriding environment {new_spec.id} already in registry.")
/home/sabrina/Documents/experiments/RL_for_pRNN/.venv/lib/python3.10/site-packages/gymnasium/envs/registration.py:694: UserWarning: [33mWARN: Overriding environment MiniGrid-Dynamic-Obstacles-16x16-v0 already in registry.[0m
  logger.warn(f"Overriding environment {new_spec.id} already in registry.")
/home/sabrina/Documents/experiments/RL_for_pRNN/.venv/lib/python3.10/site-packages/gymnasium/envs/registration.py:694: UserWarning: [33mWARN: Overriding environment MiniGrid-Empty-5x5-v0 already in registry.[0m
  logger.warn(f"Overriding environment {new_spec.id} already in registry.")
/home/sabrina/Documents/experiments/RL_for_pRNN/.venv/lib/python3.10/site-packages/gymnasium/envs/registration.py:694: UserWarning: [33mWARN: Overriding environment MiniGrid-Empty-Random-5x5-v0 already in registry.[0m
  logger.warn(f"Overriding environment {new_spec.id} already in registry.")
/home/sabrina/Documents/experiments/RL_for_pRNN/.venv/lib/python3.10/site-packages/gymnasium/envs/registration.py:694: UserWarning: [33mWARN: Overriding environment MiniGrid-Empty-6x6-v0 already in registry.[0m
  logger.warn(f"Overriding environment {new_spec.id} already in registry.")
/home/sabrina/Documents/experiments/RL_for_pRNN/.venv/lib/python3.10/site-packages/gymnasium/envs/registration.py:694: UserWarning: [33mWARN: Overriding environment MiniGrid-Empty-Random-6x6-v0 already in registry.[0m
  logger.warn(f"Overriding environment {new_spec.id} already in registry.")
/home/sabrina/Documents/experiments/RL_for_pRNN/.venv/lib/python3.10/site-packages/gymnasium/envs/registration.py:694: UserWarning: [33mWARN: Overriding environment MiniGrid-Empty-8x8-v0 already in registry.[0m
  logger.warn(f"Overriding environment {new_spec.id} already in registry.")
/home/sabrina/Documents/experiments/RL_for_pRNN/.venv/lib/python3.10/site-packages/gymnasium/envs/registration.py:694: UserWarning: [33mWARN: Overriding environment MiniGrid-Empty-16x16-v0 already in registry.[0m
  logger.warn(f"Overriding environment {new_spec.id} already in registry.")
/home/sabrina/Documents/experiments/RL_for_pRNN/.venv/lib/python3.10/site-packages/gymnasium/envs/registration.py:694: UserWarning: [33mWARN: Overriding environment MiniGrid-FakeLava-5x5-3x4-v0 already in registry.[0m
  logger.warn(f"Overriding environment {new_spec.id} already in registry.")
/home/sabrina/Documents/experiments/RL_for_pRNN/.venv/lib/python3.10/site-packages/gymnasium/envs/registration.py:694: UserWarning: [33mWARN: Overriding environment MiniGrid-FakeLava-5x5-3x4-v1 already in registry.[0m
  logger.warn(f"Overriding environment {new_spec.id} already in registry.")
/home/sabrina/Documents/experiments/RL_for_pRNN/.venv/lib/python3.10/site-packages/gymnasium/envs/registration.py:694: UserWarning: [33mWARN: Overriding environment MiniGrid-FakeLava-5x5-3x4-neg02-v0 already in registry.[0m
  logger.warn(f"Overriding environment {new_spec.id} already in registry.")
/home/sabrina/Documents/experiments/RL_for_pRNN/.venv/lib/python3.10/site-packages/gymnasium/envs/registration.py:694: UserWarning: [33mWARN: Overriding environment MiniGrid-FakeLava-5x5-3x4-neg021-v0 already in registry.[0m
  logger.warn(f"Overriding environment {new_spec.id} already in registry.")
/home/sabrina/Documents/experiments/RL_for_pRNN/.venv/lib/python3.10/site-packages/gymnasium/envs/registration.py:694: UserWarning: [33mWARN: Overriding environment MiniGrid-FakeLava-5x5-3x4-neg022-v0 already in registry.[0m
  logger.warn(f"Overriding environment {new_spec.id} already in registry.")
/home/sabrina/Documents/experiments/RL_for_pRNN/.venv/lib/python3.10/site-packages/gymnasium/envs/registration.py:694: UserWarning: [33mWARN: Overriding environment MiniGrid-FakeLava-5x5-3x4-neg023-v0 already in registry.[0m
  logger.warn(f"Overriding environment {new_spec.id} already in registry.")
/home/sabrina/Documents/experiments/RL_for_pRNN/.venv/lib/python3.10/site-packages/gymnasium/envs/registration.py:694: UserWarning: [33mWARN: Overriding environment MiniGrid-FakeLava-5x5-3x4-neg024-v0 already in registry.[0m
  logger.warn(f"Overriding environment {new_spec.id} already in registry.")
/home/sabrina/Documents/experiments/RL_for_pRNN/.venv/lib/python3.10/site-packages/gymnasium/envs/registration.py:694: UserWarning: [33mWARN: Overriding environment MiniGrid-FakeLava-5x5-3x4-neg025-v0 already in registry.[0m
  logger.warn(f"Overriding environment {new_spec.id} already in registry.")
/home/sabrina/Documents/experiments/RL_for_pRNN/.venv/lib/python3.10/site-packages/gymnasium/envs/registration.py:694: UserWarning: [33mWARN: Overriding environment MiniGrid-FakeLava-5x5-3x4-neg026-v0 already in registry.[0m
  logger.warn(f"Overriding environment {new_spec.id} already in registry.")
/home/sabrina/Documents/experiments/RL_for_pRNN/.venv/lib/python3.10/site-packages/gymnasium/envs/registration.py:694: UserWarning: [33mWARN: Overriding environment MiniGrid-FakeLava-5x5-3x4-neg027-v0 already in registry.[0m
  logger.warn(f"Overriding environment {new_spec.id} already in registry.")
/home/sabrina/Documents/experiments/RL_for_pRNN/.venv/lib/python3.10/site-packages/gymnasium/envs/registration.py:694: UserWarning: [33mWARN: Overriding environment MiniGrid-FakeLava-5x5-3x4-neg028-v0 already in registry.[0m
  logger.warn(f"Overriding environment {new_spec.id} already in registry.")
/home/sabrina/Documents/experiments/RL_for_pRNN/.venv/lib/python3.10/site-packages/gymnasium/envs/registration.py:694: UserWarning: [33mWARN: Overriding environment MiniGrid-FakeLava-5x5-3x4-neg029-v0 already in registry.[0m
  logger.warn(f"Overriding environment {new_spec.id} already in registry.")
/home/sabrina/Documents/experiments/RL_for_pRNN/.venv/lib/python3.10/site-packages/gymnasium/envs/registration.py:694: UserWarning: [33mWARN: Overriding environment MiniGrid-FakeLava-5x5-3x4-neg03-v0 already in registry.[0m
  logger.warn(f"Overriding environment {new_spec.id} already in registry.")
/home/sabrina/Documents/experiments/RL_for_pRNN/.venv/lib/python3.10/site-packages/gymnasium/envs/registration.py:694: UserWarning: [33mWARN: Overriding environment MiniGrid-FakeLava-5x5-3x4-neg031-v0 already in registry.[0m
  logger.warn(f"Overriding environment {new_spec.id} already in registry.")
/home/sabrina/Documents/experiments/RL_for_pRNN/.venv/lib/python3.10/site-packages/gymnasium/envs/registration.py:694: UserWarning: [33mWARN: Overriding environment MiniGrid-FakeLava-5x5-3x4-neg032-v0 already in registry.[0m
  logger.warn(f"Overriding environment {new_spec.id} already in registry.")
/home/sabrina/Documents/experiments/RL_for_pRNN/.venv/lib/python3.10/site-packages/gymnasium/envs/registration.py:694: UserWarning: [33mWARN: Overriding environment MiniGrid-FakeLava-5x5-3x4-neg033-v0 already in registry.[0m
  logger.warn(f"Overriding environment {new_spec.id} already in registry.")
/home/sabrina/Documents/experiments/RL_for_pRNN/.venv/lib/python3.10/site-packages/gymnasium/envs/registration.py:694: UserWarning: [33mWARN: Overriding environment MiniGrid-FakeLava-5x5-3x4-neg034-v0 already in registry.[0m
  logger.warn(f"Overriding environment {new_spec.id} already in registry.")
/home/sabrina/Documents/experiments/RL_for_pRNN/.venv/lib/python3.10/site-packages/gymnasium/envs/registration.py:694: UserWarning: [33mWARN: Overriding environment MiniGrid-FakeLava-5x5-3x4-neg035-v0 already in registry.[0m
  logger.warn(f"Overriding environment {new_spec.id} already in registry.")
/home/sabrina/Documents/experiments/RL_for_pRNN/.venv/lib/python3.10/site-packages/gymnasium/envs/registration.py:694: UserWarning: [33mWARN: Overriding environment MiniGrid-FakeLava-5x5-3x4-neg04-v0 already in registry.[0m
  logger.warn(f"Overriding environment {new_spec.id} already in registry.")
/home/sabrina/Documents/experiments/RL_for_pRNN/.venv/lib/python3.10/site-packages/gymnasium/envs/registration.py:694: UserWarning: [33mWARN: Overriding environment MiniGrid-FakeLava-Target-5x5-3x4-v0 already in registry.[0m
  logger.warn(f"Overriding environment {new_spec.id} already in registry.")
/home/sabrina/Documents/experiments/RL_for_pRNN/.venv/lib/python3.10/site-packages/gymnasium/envs/registration.py:694: UserWarning: [33mWARN: Overriding environment MiniGrid-FakeLava-Target-5x5-3x4-neg02-v0 already in registry.[0m
  logger.warn(f"Overriding environment {new_spec.id} already in registry.")
/home/sabrina/Documents/experiments/RL_for_pRNN/.venv/lib/python3.10/site-packages/gymnasium/envs/registration.py:694: UserWarning: [33mWARN: Overriding environment MiniGrid-FakeLava-Target-5x5-3x4-neg04-v0 already in registry.[0m
  logger.warn(f"Overriding environment {new_spec.id} already in registry.")
/home/sabrina/Documents/experiments/RL_for_pRNN/.venv/lib/python3.10/site-packages/gymnasium/envs/registration.py:694: UserWarning: [33mWARN: Overriding environment MiniGrid-FakeLava-Target-5x5-3x4-neg03-v0 already in registry.[0m
  logger.warn(f"Overriding environment {new_spec.id} already in registry.")
/home/sabrina/Documents/experiments/RL_for_pRNN/.venv/lib/python3.10/site-packages/gymnasium/envs/registration.py:694: UserWarning: [33mWARN: Overriding environment MiniGrid-FakeLava-Target-5x5-3x4-neg035-v0 already in registry.[0m
  logger.warn(f"Overriding environment {new_spec.id} already in registry.")
/home/sabrina/Documents/experiments/RL_for_pRNN/.venv/lib/python3.10/site-packages/gymnasium/envs/registration.py:694: UserWarning: [33mWARN: Overriding environment MiniGrid-FakeLava-Target-5x5-3x4-neg025-v0 already in registry.[0m
  logger.warn(f"Overriding environment {new_spec.id} already in registry.")
/home/sabrina/Documents/experiments/RL_for_pRNN/.venv/lib/python3.10/site-packages/gymnasium/envs/registration.py:694: UserWarning: [33mWARN: Overriding environment MiniGrid-FakeLava-7x7-3x4-v0 already in registry.[0m
  logger.warn(f"Overriding environment {new_spec.id} already in registry.")
/home/sabrina/Documents/experiments/RL_for_pRNN/.venv/lib/python3.10/site-packages/gymnasium/envs/registration.py:694: UserWarning: [33mWARN: Overriding environment MiniGrid-FakeLava-Target-7x7-3x4-v0 already in registry.[0m
  logger.warn(f"Overriding environment {new_spec.id} already in registry.")
/home/sabrina/Documents/experiments/RL_for_pRNN/.venv/lib/python3.10/site-packages/gymnasium/envs/registration.py:694: UserWarning: [33mWARN: Overriding environment MiniGrid-FakeLava-9x9-3x4-v0 already in registry.[0m
  logger.warn(f"Overriding environment {new_spec.id} already in registry.")
/home/sabrina/Documents/experiments/RL_for_pRNN/.venv/lib/python3.10/site-packages/gymnasium/envs/registration.py:694: UserWarning: [33mWARN: Overriding environment MiniGrid-FakeLava-Target-9x9-3x4-v0 already in registry.[0m
  logger.warn(f"Overriding environment {new_spec.id} already in registry.")
/home/sabrina/Documents/experiments/RL_for_pRNN/.venv/lib/python3.10/site-packages/gymnasium/envs/registration.py:694: UserWarning: [33mWARN: Overriding environment MiniGrid-FakeLava-5x5-4x4-v0 already in registry.[0m
  logger.warn(f"Overriding environment {new_spec.id} already in registry.")
/home/sabrina/Documents/experiments/RL_for_pRNN/.venv/lib/python3.10/site-packages/gymnasium/envs/registration.py:694: UserWarning: [33mWARN: Overriding environment MiniGrid-FakeLava-Target-5x5-4x4-v0 already in registry.[0m
  logger.warn(f"Overriding environment {new_spec.id} already in registry.")
/home/sabrina/Documents/experiments/RL_for_pRNN/.venv/lib/python3.10/site-packages/gymnasium/envs/registration.py:694: UserWarning: [33mWARN: Overriding environment MiniGrid-FakeLava-7x7-4x4-v0 already in registry.[0m
  logger.warn(f"Overriding environment {new_spec.id} already in registry.")
/home/sabrina/Documents/experiments/RL_for_pRNN/.venv/lib/python3.10/site-packages/gymnasium/envs/registration.py:694: UserWarning: [33mWARN: Overriding environment MiniGrid-FakeLava-Target-7x7-4x4-v0 already in registry.[0m
  logger.warn(f"Overriding environment {new_spec.id} already in registry.")
/home/sabrina/Documents/experiments/RL_for_pRNN/.venv/lib/python3.10/site-packages/gymnasium/envs/registration.py:694: UserWarning: [33mWARN: Overriding environment MiniGrid-FakeLava-9x9-4x4-v0 already in registry.[0m
  logger.warn(f"Overriding environment {new_spec.id} already in registry.")
/home/sabrina/Documents/experiments/RL_for_pRNN/.venv/lib/python3.10/site-packages/gymnasium/envs/registration.py:694: UserWarning: [33mWARN: Overriding environment MiniGrid-FakeLava-Target-9x9-4x4-v0 already in registry.[0m
  logger.warn(f"Overriding environment {new_spec.id} already in registry.")
/home/sabrina/Documents/experiments/RL_for_pRNN/.venv/lib/python3.10/site-packages/gymnasium/envs/registration.py:694: UserWarning: [33mWARN: Overriding environment MiniGrid-Fetch-5x5-N2-v0 already in registry.[0m
  logger.warn(f"Overriding environment {new_spec.id} already in registry.")
/home/sabrina/Documents/experiments/RL_for_pRNN/.venv/lib/python3.10/site-packages/gymnasium/envs/registration.py:694: UserWarning: [33mWARN: Overriding environment MiniGrid-Fetch-6x6-N2-v0 already in registry.[0m
  logger.warn(f"Overriding environment {new_spec.id} already in registry.")
/home/sabrina/Documents/experiments/RL_for_pRNN/.venv/lib/python3.10/site-packages/gymnasium/envs/registration.py:694: UserWarning: [33mWARN: Overriding environment MiniGrid-Fetch-8x8-N3-v0 already in registry.[0m
  logger.warn(f"Overriding environment {new_spec.id} already in registry.")
/home/sabrina/Documents/experiments/RL_for_pRNN/.venv/lib/python3.10/site-packages/gymnasium/envs/registration.py:694: UserWarning: [33mWARN: Overriding environment MiniGrid-FourRooms-v0 already in registry.[0m
  logger.warn(f"Overriding environment {new_spec.id} already in registry.")
/home/sabrina/Documents/experiments/RL_for_pRNN/.venv/lib/python3.10/site-packages/gymnasium/envs/registration.py:694: UserWarning: [33mWARN: Overriding environment MiniGrid-FourRooms-Fixed-v0 already in registry.[0m
  logger.warn(f"Overriding environment {new_spec.id} already in registry.")
/home/sabrina/Documents/experiments/RL_for_pRNN/.venv/lib/python3.10/site-packages/gymnasium/envs/registration.py:694: UserWarning: [33mWARN: Overriding environment MiniGrid-FourRooms-Invisible-v0 already in registry.[0m
  logger.warn(f"Overriding environment {new_spec.id} already in registry.")
/home/sabrina/Documents/experiments/RL_for_pRNN/.venv/lib/python3.10/site-packages/gymnasium/envs/registration.py:694: UserWarning: [33mWARN: Overriding environment MiniGrid-FourRooms-Objects-v0 already in registry.[0m
  logger.warn(f"Overriding environment {new_spec.id} already in registry.")
/home/sabrina/Documents/experiments/RL_for_pRNN/.venv/lib/python3.10/site-packages/gymnasium/envs/registration.py:694: UserWarning: [33mWARN: Overriding environment MiniGrid-GoToDoor-5x5-v0 already in registry.[0m
  logger.warn(f"Overriding environment {new_spec.id} already in registry.")
/home/sabrina/Documents/experiments/RL_for_pRNN/.venv/lib/python3.10/site-packages/gymnasium/envs/registration.py:694: UserWarning: [33mWARN: Overriding environment MiniGrid-GoToDoor-6x6-v0 already in registry.[0m
  logger.warn(f"Overriding environment {new_spec.id} already in registry.")
/home/sabrina/Documents/experiments/RL_for_pRNN/.venv/lib/python3.10/site-packages/gymnasium/envs/registration.py:694: UserWarning: [33mWARN: Overriding environment MiniGrid-GoToDoor-8x8-v0 already in registry.[0m
  logger.warn(f"Overriding environment {new_spec.id} already in registry.")
/home/sabrina/Documents/experiments/RL_for_pRNN/.venv/lib/python3.10/site-packages/gymnasium/envs/registration.py:694: UserWarning: [33mWARN: Overriding environment MiniGrid-GoToObject-6x6-N2-v0 already in registry.[0m
  logger.warn(f"Overriding environment {new_spec.id} already in registry.")
/home/sabrina/Documents/experiments/RL_for_pRNN/.venv/lib/python3.10/site-packages/gymnasium/envs/registration.py:694: UserWarning: [33mWARN: Overriding environment MiniGrid-GoToObject-8x8-N2-v0 already in registry.[0m
  logger.warn(f"Overriding environment {new_spec.id} already in registry.")
/home/sabrina/Documents/experiments/RL_for_pRNN/.venv/lib/python3.10/site-packages/gymnasium/envs/registration.py:694: UserWarning: [33mWARN: Overriding environment MiniGrid-KeyCorridorS3R1-v0 already in registry.[0m
  logger.warn(f"Overriding environment {new_spec.id} already in registry.")
/home/sabrina/Documents/experiments/RL_for_pRNN/.venv/lib/python3.10/site-packages/gymnasium/envs/registration.py:694: UserWarning: [33mWARN: Overriding environment MiniGrid-KeyCorridorS3R2-v0 already in registry.[0m
  logger.warn(f"Overriding environment {new_spec.id} already in registry.")
/home/sabrina/Documents/experiments/RL_for_pRNN/.venv/lib/python3.10/site-packages/gymnasium/envs/registration.py:694: UserWarning: [33mWARN: Overriding environment MiniGrid-KeyCorridorS3R3-v0 already in registry.[0m
  logger.warn(f"Overriding environment {new_spec.id} already in registry.")
/home/sabrina/Documents/experiments/RL_for_pRNN/.venv/lib/python3.10/site-packages/gymnasium/envs/registration.py:694: UserWarning: [33mWARN: Overriding environment MiniGrid-KeyCorridorS4R3-v0 already in registry.[0m
  logger.warn(f"Overriding environment {new_spec.id} already in registry.")
/home/sabrina/Documents/experiments/RL_for_pRNN/.venv/lib/python3.10/site-packages/gymnasium/envs/registration.py:694: UserWarning: [33mWARN: Overriding environment MiniGrid-KeyCorridorS5R3-v0 already in registry.[0m
  logger.warn(f"Overriding environment {new_spec.id} already in registry.")
/home/sabrina/Documents/experiments/RL_for_pRNN/.venv/lib/python3.10/site-packages/gymnasium/envs/registration.py:694: UserWarning: [33mWARN: Overriding environment MiniGrid-KeyCorridorS6R3-v0 already in registry.[0m
  logger.warn(f"Overriding environment {new_spec.id} already in registry.")
/home/sabrina/Documents/experiments/RL_for_pRNN/.venv/lib/python3.10/site-packages/gymnasium/envs/registration.py:694: UserWarning: [33mWARN: Overriding environment MiniGrid-LavaGapS5-v0 already in registry.[0m
  logger.warn(f"Overriding environment {new_spec.id} already in registry.")
/home/sabrina/Documents/experiments/RL_for_pRNN/.venv/lib/python3.10/site-packages/gymnasium/envs/registration.py:694: UserWarning: [33mWARN: Overriding environment MiniGrid-LavaGapS6-v0 already in registry.[0m
  logger.warn(f"Overriding environment {new_spec.id} already in registry.")
/home/sabrina/Documents/experiments/RL_for_pRNN/.venv/lib/python3.10/site-packages/gymnasium/envs/registration.py:694: UserWarning: [33mWARN: Overriding environment MiniGrid-LavaGapS7-v0 already in registry.[0m
  logger.warn(f"Overriding environment {new_spec.id} already in registry.")
/home/sabrina/Documents/experiments/RL_for_pRNN/.venv/lib/python3.10/site-packages/gymnasium/envs/registration.py:694: UserWarning: [33mWARN: Overriding environment MiniGrid-LockedRoom-v0 already in registry.[0m
  logger.warn(f"Overriding environment {new_spec.id} already in registry.")
/home/sabrina/Documents/experiments/RL_for_pRNN/.venv/lib/python3.10/site-packages/gymnasium/envs/registration.py:694: UserWarning: [33mWARN: Overriding environment MiniGrid-MemoryS17Random-v0 already in registry.[0m
  logger.warn(f"Overriding environment {new_spec.id} already in registry.")
/home/sabrina/Documents/experiments/RL_for_pRNN/.venv/lib/python3.10/site-packages/gymnasium/envs/registration.py:694: UserWarning: [33mWARN: Overriding environment MiniGrid-MemoryS13Random-v0 already in registry.[0m
  logger.warn(f"Overriding environment {new_spec.id} already in registry.")
/home/sabrina/Documents/experiments/RL_for_pRNN/.venv/lib/python3.10/site-packages/gymnasium/envs/registration.py:694: UserWarning: [33mWARN: Overriding environment MiniGrid-MemoryS13-v0 already in registry.[0m
  logger.warn(f"Overriding environment {new_spec.id} already in registry.")
/home/sabrina/Documents/experiments/RL_for_pRNN/.venv/lib/python3.10/site-packages/gymnasium/envs/registration.py:694: UserWarning: [33mWARN: Overriding environment MiniGrid-MemoryS11-v0 already in registry.[0m
  logger.warn(f"Overriding environment {new_spec.id} already in registry.")
/home/sabrina/Documents/experiments/RL_for_pRNN/.venv/lib/python3.10/site-packages/gymnasium/envs/registration.py:694: UserWarning: [33mWARN: Overriding environment MiniGrid-MemoryS9-v0 already in registry.[0m
  logger.warn(f"Overriding environment {new_spec.id} already in registry.")
/home/sabrina/Documents/experiments/RL_for_pRNN/.venv/lib/python3.10/site-packages/gymnasium/envs/registration.py:694: UserWarning: [33mWARN: Overriding environment MiniGrid-MemoryS7-v0 already in registry.[0m
  logger.warn(f"Overriding environment {new_spec.id} already in registry.")
/home/sabrina/Documents/experiments/RL_for_pRNN/.venv/lib/python3.10/site-packages/gymnasium/envs/registration.py:694: UserWarning: [33mWARN: Overriding environment MiniGrid-MultiRoom-N2-S4-v0 already in registry.[0m
  logger.warn(f"Overriding environment {new_spec.id} already in registry.")
/home/sabrina/Documents/experiments/RL_for_pRNN/.venv/lib/python3.10/site-packages/gymnasium/envs/registration.py:694: UserWarning: [33mWARN: Overriding environment MiniGrid-MultiRoom-N4-S5-v0 already in registry.[0m
  logger.warn(f"Overriding environment {new_spec.id} already in registry.")
/home/sabrina/Documents/experiments/RL_for_pRNN/.venv/lib/python3.10/site-packages/gymnasium/envs/registration.py:694: UserWarning: [33mWARN: Overriding environment MiniGrid-MultiRoom-N6-v0 already in registry.[0m
  logger.warn(f"Overriding environment {new_spec.id} already in registry.")
/home/sabrina/Documents/experiments/RL_for_pRNN/.venv/lib/python3.10/site-packages/gymnasium/envs/registration.py:694: UserWarning: [33mWARN: Overriding environment MiniGrid-ObstructedMaze-1Dl-v0 already in registry.[0m
  logger.warn(f"Overriding environment {new_spec.id} already in registry.")
/home/sabrina/Documents/experiments/RL_for_pRNN/.venv/lib/python3.10/site-packages/gymnasium/envs/registration.py:694: UserWarning: [33mWARN: Overriding environment MiniGrid-ObstructedMaze-1Dlh-v0 already in registry.[0m
  logger.warn(f"Overriding environment {new_spec.id} already in registry.")
/home/sabrina/Documents/experiments/RL_for_pRNN/.venv/lib/python3.10/site-packages/gymnasium/envs/registration.py:694: UserWarning: [33mWARN: Overriding environment MiniGrid-ObstructedMaze-1Dlhb-v0 already in registry.[0m
  logger.warn(f"Overriding environment {new_spec.id} already in registry.")
/home/sabrina/Documents/experiments/RL_for_pRNN/.venv/lib/python3.10/site-packages/gymnasium/envs/registration.py:694: UserWarning: [33mWARN: Overriding environment MiniGrid-ObstructedMaze-2Dl-v0 already in registry.[0m
  logger.warn(f"Overriding environment {new_spec.id} already in registry.")
/home/sabrina/Documents/experiments/RL_for_pRNN/.venv/lib/python3.10/site-packages/gymnasium/envs/registration.py:694: UserWarning: [33mWARN: Overriding environment MiniGrid-ObstructedMaze-2Dlh-v0 already in registry.[0m
  logger.warn(f"Overriding environment {new_spec.id} already in registry.")
/home/sabrina/Documents/experiments/RL_for_pRNN/.venv/lib/python3.10/site-packages/gymnasium/envs/registration.py:694: UserWarning: [33mWARN: Overriding environment MiniGrid-ObstructedMaze-2Dlhb-v0 already in registry.[0m
  logger.warn(f"Overriding environment {new_spec.id} already in registry.")
/home/sabrina/Documents/experiments/RL_for_pRNN/.venv/lib/python3.10/site-packages/gymnasium/envs/registration.py:694: UserWarning: [33mWARN: Overriding environment MiniGrid-ObstructedMaze-1Q-v0 already in registry.[0m
  logger.warn(f"Overriding environment {new_spec.id} already in registry.")
/home/sabrina/Documents/experiments/RL_for_pRNN/.venv/lib/python3.10/site-packages/gymnasium/envs/registration.py:694: UserWarning: [33mWARN: Overriding environment MiniGrid-ObstructedMaze-2Q-v0 already in registry.[0m
  logger.warn(f"Overriding environment {new_spec.id} already in registry.")
/home/sabrina/Documents/experiments/RL_for_pRNN/.venv/lib/python3.10/site-packages/gymnasium/envs/registration.py:694: UserWarning: [33mWARN: Overriding environment MiniGrid-ObstructedMaze-Full-v0 already in registry.[0m
  logger.warn(f"Overriding environment {new_spec.id} already in registry.")
/home/sabrina/Documents/experiments/RL_for_pRNN/.venv/lib/python3.10/site-packages/gymnasium/envs/registration.py:694: UserWarning: [33mWARN: Overriding environment MiniGrid-Playground-v0 already in registry.[0m
  logger.warn(f"Overriding environment {new_spec.id} already in registry.")
/home/sabrina/Documents/experiments/RL_for_pRNN/.venv/lib/python3.10/site-packages/gymnasium/envs/registration.py:694: UserWarning: [33mWARN: Overriding environment MiniGrid-PutNear-6x6-N2-v0 already in registry.[0m
  logger.warn(f"Overriding environment {new_spec.id} already in registry.")
/home/sabrina/Documents/experiments/RL_for_pRNN/.venv/lib/python3.10/site-packages/gymnasium/envs/registration.py:694: UserWarning: [33mWARN: Overriding environment MiniGrid-PutNear-8x8-N3-v0 already in registry.[0m
  logger.warn(f"Overriding environment {new_spec.id} already in registry.")
/home/sabrina/Documents/experiments/RL_for_pRNN/.venv/lib/python3.10/site-packages/gymnasium/envs/registration.py:694: UserWarning: [33mWARN: Overriding environment MiniGrid-RedBlueDoors-6x6-v0 already in registry.[0m
  logger.warn(f"Overriding environment {new_spec.id} already in registry.")
/home/sabrina/Documents/experiments/RL_for_pRNN/.venv/lib/python3.10/site-packages/gymnasium/envs/registration.py:694: UserWarning: [33mWARN: Overriding environment MiniGrid-RedBlueDoors-8x8-v0 already in registry.[0m
  logger.warn(f"Overriding environment {new_spec.id} already in registry.")
/home/sabrina/Documents/experiments/RL_for_pRNN/.venv/lib/python3.10/site-packages/gymnasium/envs/registration.py:694: UserWarning: [33mWARN: Overriding environment MiniGrid-Unlock-v0 already in registry.[0m
  logger.warn(f"Overriding environment {new_spec.id} already in registry.")
/home/sabrina/Documents/experiments/RL_for_pRNN/.venv/lib/python3.10/site-packages/gymnasium/envs/registration.py:694: UserWarning: [33mWARN: Overriding environment MiniGrid-UnlockPickup-v0 already in registry.[0m
  logger.warn(f"Overriding environment {new_spec.id} already in registry.")
/home/sabrina/Documents/experiments/RL_for_pRNN/.venv/lib/python3.10/site-packages/gymnasium/envs/registration.py:694: UserWarning: [33mWARN: Overriding environment BabyAI-GoToRedBallGrey-v0 already in registry.[0m
  logger.warn(f"Overriding environment {new_spec.id} already in registry.")
/home/sabrina/Documents/experiments/RL_for_pRNN/.venv/lib/python3.10/site-packages/gymnasium/envs/registration.py:694: UserWarning: [33mWARN: Overriding environment BabyAI-GoToRedBall-v0 already in registry.[0m
  logger.warn(f"Overriding environment {new_spec.id} already in registry.")
/home/sabrina/Documents/experiments/RL_for_pRNN/.venv/lib/python3.10/site-packages/gymnasium/envs/registration.py:694: UserWarning: [33mWARN: Overriding environment BabyAI-GoToRedBallNoDists-v0 already in registry.[0m
  logger.warn(f"Overriding environment {new_spec.id} already in registry.")
/home/sabrina/Documents/experiments/RL_for_pRNN/.venv/lib/python3.10/site-packages/gymnasium/envs/registration.py:694: UserWarning: [33mWARN: Overriding environment BabyAI-GoToObj-v0 already in registry.[0m
  logger.warn(f"Overriding environment {new_spec.id} already in registry.")
/home/sabrina/Documents/experiments/RL_for_pRNN/.venv/lib/python3.10/site-packages/gymnasium/envs/registration.py:694: UserWarning: [33mWARN: Overriding environment BabyAI-GoToObjS4-v0 already in registry.[0m
  logger.warn(f"Overriding environment {new_spec.id} already in registry.")
/home/sabrina/Documents/experiments/RL_for_pRNN/.venv/lib/python3.10/site-packages/gymnasium/envs/registration.py:694: UserWarning: [33mWARN: Overriding environment BabyAI-GoToObjS6-v0 already in registry.[0m
  logger.warn(f"Overriding environment {new_spec.id} already in registry.")
/home/sabrina/Documents/experiments/RL_for_pRNN/.venv/lib/python3.10/site-packages/gymnasium/envs/registration.py:694: UserWarning: [33mWARN: Overriding environment BabyAI-GoToLocal-v0 already in registry.[0m
  logger.warn(f"Overriding environment {new_spec.id} already in registry.")
/home/sabrina/Documents/experiments/RL_for_pRNN/.venv/lib/python3.10/site-packages/gymnasium/envs/registration.py:694: UserWarning: [33mWARN: Overriding environment BabyAI-GoToLocalS5N2-v0 already in registry.[0m
  logger.warn(f"Overriding environment {new_spec.id} already in registry.")
/home/sabrina/Documents/experiments/RL_for_pRNN/.venv/lib/python3.10/site-packages/gymnasium/envs/registration.py:694: UserWarning: [33mWARN: Overriding environment BabyAI-GoToLocalS6N2-v0 already in registry.[0m
  logger.warn(f"Overriding environment {new_spec.id} already in registry.")
/home/sabrina/Documents/experiments/RL_for_pRNN/.venv/lib/python3.10/site-packages/gymnasium/envs/registration.py:694: UserWarning: [33mWARN: Overriding environment BabyAI-GoToLocalS6N3-v0 already in registry.[0m
  logger.warn(f"Overriding environment {new_spec.id} already in registry.")
/home/sabrina/Documents/experiments/RL_for_pRNN/.venv/lib/python3.10/site-packages/gymnasium/envs/registration.py:694: UserWarning: [33mWARN: Overriding environment BabyAI-GoToLocalS6N4-v0 already in registry.[0m
  logger.warn(f"Overriding environment {new_spec.id} already in registry.")
/home/sabrina/Documents/experiments/RL_for_pRNN/.venv/lib/python3.10/site-packages/gymnasium/envs/registration.py:694: UserWarning: [33mWARN: Overriding environment BabyAI-GoToLocalS7N4-v0 already in registry.[0m
  logger.warn(f"Overriding environment {new_spec.id} already in registry.")
/home/sabrina/Documents/experiments/RL_for_pRNN/.venv/lib/python3.10/site-packages/gymnasium/envs/registration.py:694: UserWarning: [33mWARN: Overriding environment BabyAI-GoToLocalS7N5-v0 already in registry.[0m
  logger.warn(f"Overriding environment {new_spec.id} already in registry.")
/home/sabrina/Documents/experiments/RL_for_pRNN/.venv/lib/python3.10/site-packages/gymnasium/envs/registration.py:694: UserWarning: [33mWARN: Overriding environment BabyAI-GoToLocalS8N2-v0 already in registry.[0m
  logger.warn(f"Overriding environment {new_spec.id} already in registry.")
/home/sabrina/Documents/experiments/RL_for_pRNN/.venv/lib/python3.10/site-packages/gymnasium/envs/registration.py:694: UserWarning: [33mWARN: Overriding environment BabyAI-GoToLocalS8N3-v0 already in registry.[0m
  logger.warn(f"Overriding environment {new_spec.id} already in registry.")
/home/sabrina/Documents/experiments/RL_for_pRNN/.venv/lib/python3.10/site-packages/gymnasium/envs/registration.py:694: UserWarning: [33mWARN: Overriding environment BabyAI-GoToLocalS8N4-v0 already in registry.[0m
  logger.warn(f"Overriding environment {new_spec.id} already in registry.")
/home/sabrina/Documents/experiments/RL_for_pRNN/.venv/lib/python3.10/site-packages/gymnasium/envs/registration.py:694: UserWarning: [33mWARN: Overriding environment BabyAI-GoToLocalS8N5-v0 already in registry.[0m
  logger.warn(f"Overriding environment {new_spec.id} already in registry.")
/home/sabrina/Documents/experiments/RL_for_pRNN/.venv/lib/python3.10/site-packages/gymnasium/envs/registration.py:694: UserWarning: [33mWARN: Overriding environment BabyAI-GoToLocalS8N6-v0 already in registry.[0m
  logger.warn(f"Overriding environment {new_spec.id} already in registry.")
/home/sabrina/Documents/experiments/RL_for_pRNN/.venv/lib/python3.10/site-packages/gymnasium/envs/registration.py:694: UserWarning: [33mWARN: Overriding environment BabyAI-GoToLocalS8N7-v0 already in registry.[0m
  logger.warn(f"Overriding environment {new_spec.id} already in registry.")
/home/sabrina/Documents/experiments/RL_for_pRNN/.venv/lib/python3.10/site-packages/gymnasium/envs/registration.py:694: UserWarning: [33mWARN: Overriding environment BabyAI-GoTo-v0 already in registry.[0m
  logger.warn(f"Overriding environment {new_spec.id} already in registry.")
/home/sabrina/Documents/experiments/RL_for_pRNN/.venv/lib/python3.10/site-packages/gymnasium/envs/registration.py:694: UserWarning: [33mWARN: Overriding environment BabyAI-GoToOpen-v0 already in registry.[0m
  logger.warn(f"Overriding environment {new_spec.id} already in registry.")
/home/sabrina/Documents/experiments/RL_for_pRNN/.venv/lib/python3.10/site-packages/gymnasium/envs/registration.py:694: UserWarning: [33mWARN: Overriding environment BabyAI-GoToObjMaze-v0 already in registry.[0m
  logger.warn(f"Overriding environment {new_spec.id} already in registry.")
/home/sabrina/Documents/experiments/RL_for_pRNN/.venv/lib/python3.10/site-packages/gymnasium/envs/registration.py:694: UserWarning: [33mWARN: Overriding environment BabyAI-GoToObjMazeOpen-v0 already in registry.[0m
  logger.warn(f"Overriding environment {new_spec.id} already in registry.")
/home/sabrina/Documents/experiments/RL_for_pRNN/.venv/lib/python3.10/site-packages/gymnasium/envs/registration.py:694: UserWarning: [33mWARN: Overriding environment BabyAI-GoToObjMazeS4R2-v0 already in registry.[0m
  logger.warn(f"Overriding environment {new_spec.id} already in registry.")
/home/sabrina/Documents/experiments/RL_for_pRNN/.venv/lib/python3.10/site-packages/gymnasium/envs/registration.py:694: UserWarning: [33mWARN: Overriding environment BabyAI-GoToObjMazeS4-v0 already in registry.[0m
  logger.warn(f"Overriding environment {new_spec.id} already in registry.")
/home/sabrina/Documents/experiments/RL_for_pRNN/.venv/lib/python3.10/site-packages/gymnasium/envs/registration.py:694: UserWarning: [33mWARN: Overriding environment BabyAI-GoToObjMazeS5-v0 already in registry.[0m
  logger.warn(f"Overriding environment {new_spec.id} already in registry.")
/home/sabrina/Documents/experiments/RL_for_pRNN/.venv/lib/python3.10/site-packages/gymnasium/envs/registration.py:694: UserWarning: [33mWARN: Overriding environment BabyAI-GoToObjMazeS6-v0 already in registry.[0m
  logger.warn(f"Overriding environment {new_spec.id} already in registry.")
/home/sabrina/Documents/experiments/RL_for_pRNN/.venv/lib/python3.10/site-packages/gymnasium/envs/registration.py:694: UserWarning: [33mWARN: Overriding environment BabyAI-GoToObjMazeS7-v0 already in registry.[0m
  logger.warn(f"Overriding environment {new_spec.id} already in registry.")
/home/sabrina/Documents/experiments/RL_for_pRNN/.venv/lib/python3.10/site-packages/gymnasium/envs/registration.py:694: UserWarning: [33mWARN: Overriding environment BabyAI-GoToImpUnlock-v0 already in registry.[0m
  logger.warn(f"Overriding environment {new_spec.id} already in registry.")
/home/sabrina/Documents/experiments/RL_for_pRNN/.venv/lib/python3.10/site-packages/gymnasium/envs/registration.py:694: UserWarning: [33mWARN: Overriding environment BabyAI-GoToSeq-v0 already in registry.[0m
  logger.warn(f"Overriding environment {new_spec.id} already in registry.")
/home/sabrina/Documents/experiments/RL_for_pRNN/.venv/lib/python3.10/site-packages/gymnasium/envs/registration.py:694: UserWarning: [33mWARN: Overriding environment BabyAI-GoToSeqS5R2-v0 already in registry.[0m
  logger.warn(f"Overriding environment {new_spec.id} already in registry.")
/home/sabrina/Documents/experiments/RL_for_pRNN/.venv/lib/python3.10/site-packages/gymnasium/envs/registration.py:694: UserWarning: [33mWARN: Overriding environment BabyAI-GoToRedBlueBall-v0 already in registry.[0m
  logger.warn(f"Overriding environment {new_spec.id} already in registry.")
/home/sabrina/Documents/experiments/RL_for_pRNN/.venv/lib/python3.10/site-packages/gymnasium/envs/registration.py:694: UserWarning: [33mWARN: Overriding environment BabyAI-GoToDoor-v0 already in registry.[0m
  logger.warn(f"Overriding environment {new_spec.id} already in registry.")
/home/sabrina/Documents/experiments/RL_for_pRNN/.venv/lib/python3.10/site-packages/gymnasium/envs/registration.py:694: UserWarning: [33mWARN: Overriding environment BabyAI-GoToObjDoor-v0 already in registry.[0m
  logger.warn(f"Overriding environment {new_spec.id} already in registry.")
/home/sabrina/Documents/experiments/RL_for_pRNN/.venv/lib/python3.10/site-packages/gymnasium/envs/registration.py:694: UserWarning: [33mWARN: Overriding environment BabyAI-Open-v0 already in registry.[0m
  logger.warn(f"Overriding environment {new_spec.id} already in registry.")
/home/sabrina/Documents/experiments/RL_for_pRNN/.venv/lib/python3.10/site-packages/gymnasium/envs/registration.py:694: UserWarning: [33mWARN: Overriding environment BabyAI-OpenRedDoor-v0 already in registry.[0m
  logger.warn(f"Overriding environment {new_spec.id} already in registry.")
/home/sabrina/Documents/experiments/RL_for_pRNN/.venv/lib/python3.10/site-packages/gymnasium/envs/registration.py:694: UserWarning: [33mWARN: Overriding environment BabyAI-OpenDoor-v0 already in registry.[0m
  logger.warn(f"Overriding environment {new_spec.id} already in registry.")
/home/sabrina/Documents/experiments/RL_for_pRNN/.venv/lib/python3.10/site-packages/gymnasium/envs/registration.py:694: UserWarning: [33mWARN: Overriding environment BabyAI-OpenDoorDebug-v0 already in registry.[0m
  logger.warn(f"Overriding environment {new_spec.id} already in registry.")
/home/sabrina/Documents/experiments/RL_for_pRNN/.venv/lib/python3.10/site-packages/gymnasium/envs/registration.py:694: UserWarning: [33mWARN: Overriding environment BabyAI-OpenDoorColor-v0 already in registry.[0m
  logger.warn(f"Overriding environment {new_spec.id} already in registry.")
/home/sabrina/Documents/experiments/RL_for_pRNN/.venv/lib/python3.10/site-packages/gymnasium/envs/registration.py:694: UserWarning: [33mWARN: Overriding environment BabyAI-OpenDoorLoc-v0 already in registry.[0m
  logger.warn(f"Overriding environment {new_spec.id} already in registry.")
/home/sabrina/Documents/experiments/RL_for_pRNN/.venv/lib/python3.10/site-packages/gymnasium/envs/registration.py:694: UserWarning: [33mWARN: Overriding environment BabyAI-OpenTwoDoors-v0 already in registry.[0m
  logger.warn(f"Overriding environment {new_spec.id} already in registry.")
/home/sabrina/Documents/experiments/RL_for_pRNN/.venv/lib/python3.10/site-packages/gymnasium/envs/registration.py:694: UserWarning: [33mWARN: Overriding environment BabyAI-OpenRedBlueDoors-v0 already in registry.[0m
  logger.warn(f"Overriding environment {new_spec.id} already in registry.")
/home/sabrina/Documents/experiments/RL_for_pRNN/.venv/lib/python3.10/site-packages/gymnasium/envs/registration.py:694: UserWarning: [33mWARN: Overriding environment BabyAI-OpenRedBlueDoorsDebug-v0 already in registry.[0m
  logger.warn(f"Overriding environment {new_spec.id} already in registry.")
/home/sabrina/Documents/experiments/RL_for_pRNN/.venv/lib/python3.10/site-packages/gymnasium/envs/registration.py:694: UserWarning: [33mWARN: Overriding environment BabyAI-OpenDoorsOrderN2-v0 already in registry.[0m
  logger.warn(f"Overriding environment {new_spec.id} already in registry.")
/home/sabrina/Documents/experiments/RL_for_pRNN/.venv/lib/python3.10/site-packages/gymnasium/envs/registration.py:694: UserWarning: [33mWARN: Overriding environment BabyAI-OpenDoorsOrderN4-v0 already in registry.[0m
  logger.warn(f"Overriding environment {new_spec.id} already in registry.")
/home/sabrina/Documents/experiments/RL_for_pRNN/.venv/lib/python3.10/site-packages/gymnasium/envs/registration.py:694: UserWarning: [33mWARN: Overriding environment BabyAI-OpenDoorsOrderN2Debug-v0 already in registry.[0m
  logger.warn(f"Overriding environment {new_spec.id} already in registry.")
/home/sabrina/Documents/experiments/RL_for_pRNN/.venv/lib/python3.10/site-packages/gymnasium/envs/registration.py:694: UserWarning: [33mWARN: Overriding environment BabyAI-OpenDoorsOrderN4Debug-v0 already in registry.[0m
  logger.warn(f"Overriding environment {new_spec.id} already in registry.")
/home/sabrina/Documents/experiments/RL_for_pRNN/.venv/lib/python3.10/site-packages/gymnasium/envs/registration.py:694: UserWarning: [33mWARN: Overriding environment BabyAI-Pickup-v0 already in registry.[0m
  logger.warn(f"Overriding environment {new_spec.id} already in registry.")
/home/sabrina/Documents/experiments/RL_for_pRNN/.venv/lib/python3.10/site-packages/gymnasium/envs/registration.py:694: UserWarning: [33mWARN: Overriding environment BabyAI-UnblockPickup-v0 already in registry.[0m
  logger.warn(f"Overriding environment {new_spec.id} already in registry.")
/home/sabrina/Documents/experiments/RL_for_pRNN/.venv/lib/python3.10/site-packages/gymnasium/envs/registration.py:694: UserWarning: [33mWARN: Overriding environment BabyAI-PickupLoc-v0 already in registry.[0m
  logger.warn(f"Overriding environment {new_spec.id} already in registry.")
/home/sabrina/Documents/experiments/RL_for_pRNN/.venv/lib/python3.10/site-packages/gymnasium/envs/registration.py:694: UserWarning: [33mWARN: Overriding environment BabyAI-PickupDist-v0 already in registry.[0m
  logger.warn(f"Overriding environment {new_spec.id} already in registry.")
/home/sabrina/Documents/experiments/RL_for_pRNN/.venv/lib/python3.10/site-packages/gymnasium/envs/registration.py:694: UserWarning: [33mWARN: Overriding environment BabyAI-PickupDistDebug-v0 already in registry.[0m
  logger.warn(f"Overriding environment {new_spec.id} already in registry.")
/home/sabrina/Documents/experiments/RL_for_pRNN/.venv/lib/python3.10/site-packages/gymnasium/envs/registration.py:694: UserWarning: [33mWARN: Overriding environment BabyAI-PickupAbove-v0 already in registry.[0m
  logger.warn(f"Overriding environment {new_spec.id} already in registry.")
/home/sabrina/Documents/experiments/RL_for_pRNN/.venv/lib/python3.10/site-packages/gymnasium/envs/registration.py:694: UserWarning: [33mWARN: Overriding environment BabyAI-PutNextLocal-v0 already in registry.[0m
  logger.warn(f"Overriding environment {new_spec.id} already in registry.")
/home/sabrina/Documents/experiments/RL_for_pRNN/.venv/lib/python3.10/site-packages/gymnasium/envs/registration.py:694: UserWarning: [33mWARN: Overriding environment BabyAI-PutNextLocalS5N3-v0 already in registry.[0m
  logger.warn(f"Overriding environment {new_spec.id} already in registry.")
/home/sabrina/Documents/experiments/RL_for_pRNN/.venv/lib/python3.10/site-packages/gymnasium/envs/registration.py:694: UserWarning: [33mWARN: Overriding environment BabyAI-PutNextLocalS6N4-v0 already in registry.[0m
  logger.warn(f"Overriding environment {new_spec.id} already in registry.")
/home/sabrina/Documents/experiments/RL_for_pRNN/.venv/lib/python3.10/site-packages/gymnasium/envs/registration.py:694: UserWarning: [33mWARN: Overriding environment BabyAI-PutNextS4N1-v0 already in registry.[0m
  logger.warn(f"Overriding environment {new_spec.id} already in registry.")
/home/sabrina/Documents/experiments/RL_for_pRNN/.venv/lib/python3.10/site-packages/gymnasium/envs/registration.py:694: UserWarning: [33mWARN: Overriding environment BabyAI-PutNextS5N2-v0 already in registry.[0m
  logger.warn(f"Overriding environment {new_spec.id} already in registry.")
/home/sabrina/Documents/experiments/RL_for_pRNN/.venv/lib/python3.10/site-packages/gymnasium/envs/registration.py:694: UserWarning: [33mWARN: Overriding environment BabyAI-PutNextS5N1-v0 already in registry.[0m
  logger.warn(f"Overriding environment {new_spec.id} already in registry.")
/home/sabrina/Documents/experiments/RL_for_pRNN/.venv/lib/python3.10/site-packages/gymnasium/envs/registration.py:694: UserWarning: [33mWARN: Overriding environment BabyAI-PutNextS6N3-v0 already in registry.[0m
  logger.warn(f"Overriding environment {new_spec.id} already in registry.")
/home/sabrina/Documents/experiments/RL_for_pRNN/.venv/lib/python3.10/site-packages/gymnasium/envs/registration.py:694: UserWarning: [33mWARN: Overriding environment BabyAI-PutNextS7N4-v0 already in registry.[0m
  logger.warn(f"Overriding environment {new_spec.id} already in registry.")
/home/sabrina/Documents/experiments/RL_for_pRNN/.venv/lib/python3.10/site-packages/gymnasium/envs/registration.py:694: UserWarning: [33mWARN: Overriding environment BabyAI-PutNextS5N2Carrying-v0 already in registry.[0m
  logger.warn(f"Overriding environment {new_spec.id} already in registry.")
/home/sabrina/Documents/experiments/RL_for_pRNN/.venv/lib/python3.10/site-packages/gymnasium/envs/registration.py:694: UserWarning: [33mWARN: Overriding environment BabyAI-PutNextS6N3Carrying-v0 already in registry.[0m
  logger.warn(f"Overriding environment {new_spec.id} already in registry.")
/home/sabrina/Documents/experiments/RL_for_pRNN/.venv/lib/python3.10/site-packages/gymnasium/envs/registration.py:694: UserWarning: [33mWARN: Overriding environment BabyAI-PutNextS7N4Carrying-v0 already in registry.[0m
  logger.warn(f"Overriding environment {new_spec.id} already in registry.")
/home/sabrina/Documents/experiments/RL_for_pRNN/.venv/lib/python3.10/site-packages/gymnasium/envs/registration.py:694: UserWarning: [33mWARN: Overriding environment BabyAI-Unlock-v0 already in registry.[0m
  logger.warn(f"Overriding environment {new_spec.id} already in registry.")
/home/sabrina/Documents/experiments/RL_for_pRNN/.venv/lib/python3.10/site-packages/gymnasium/envs/registration.py:694: UserWarning: [33mWARN: Overriding environment BabyAI-UnlockLocal-v0 already in registry.[0m
  logger.warn(f"Overriding environment {new_spec.id} already in registry.")
/home/sabrina/Documents/experiments/RL_for_pRNN/.venv/lib/python3.10/site-packages/gymnasium/envs/registration.py:694: UserWarning: [33mWARN: Overriding environment BabyAI-UnlockLocalDist-v0 already in registry.[0m
  logger.warn(f"Overriding environment {new_spec.id} already in registry.")
/home/sabrina/Documents/experiments/RL_for_pRNN/.venv/lib/python3.10/site-packages/gymnasium/envs/registration.py:694: UserWarning: [33mWARN: Overriding environment BabyAI-KeyInBox-v0 already in registry.[0m
  logger.warn(f"Overriding environment {new_spec.id} already in registry.")
/home/sabrina/Documents/experiments/RL_for_pRNN/.venv/lib/python3.10/site-packages/gymnasium/envs/registration.py:694: UserWarning: [33mWARN: Overriding environment BabyAI-UnlockPickup-v0 already in registry.[0m
  logger.warn(f"Overriding environment {new_spec.id} already in registry.")
/home/sabrina/Documents/experiments/RL_for_pRNN/.venv/lib/python3.10/site-packages/gymnasium/envs/registration.py:694: UserWarning: [33mWARN: Overriding environment BabyAI-UnlockPickupDist-v0 already in registry.[0m
  logger.warn(f"Overriding environment {new_spec.id} already in registry.")
/home/sabrina/Documents/experiments/RL_for_pRNN/.venv/lib/python3.10/site-packages/gymnasium/envs/registration.py:694: UserWarning: [33mWARN: Overriding environment BabyAI-BlockedUnlockPickup-v0 already in registry.[0m
  logger.warn(f"Overriding environment {new_spec.id} already in registry.")
/home/sabrina/Documents/experiments/RL_for_pRNN/.venv/lib/python3.10/site-packages/gymnasium/envs/registration.py:694: UserWarning: [33mWARN: Overriding environment BabyAI-UnlockToUnlock-v0 already in registry.[0m
  logger.warn(f"Overriding environment {new_spec.id} already in registry.")
/home/sabrina/Documents/experiments/RL_for_pRNN/.venv/lib/python3.10/site-packages/gymnasium/envs/registration.py:694: UserWarning: [33mWARN: Overriding environment BabyAI-ActionObjDoor-v0 already in registry.[0m
  logger.warn(f"Overriding environment {new_spec.id} already in registry.")
/home/sabrina/Documents/experiments/RL_for_pRNN/.venv/lib/python3.10/site-packages/gymnasium/envs/registration.py:694: UserWarning: [33mWARN: Overriding environment BabyAI-FindObjS5-v0 already in registry.[0m
  logger.warn(f"Overriding environment {new_spec.id} already in registry.")
/home/sabrina/Documents/experiments/RL_for_pRNN/.venv/lib/python3.10/site-packages/gymnasium/envs/registration.py:694: UserWarning: [33mWARN: Overriding environment BabyAI-FindObjS6-v0 already in registry.[0m
  logger.warn(f"Overriding environment {new_spec.id} already in registry.")
/home/sabrina/Documents/experiments/RL_for_pRNN/.venv/lib/python3.10/site-packages/gymnasium/envs/registration.py:694: UserWarning: [33mWARN: Overriding environment BabyAI-FindObjS7-v0 already in registry.[0m
  logger.warn(f"Overriding environment {new_spec.id} already in registry.")
/home/sabrina/Documents/experiments/RL_for_pRNN/.venv/lib/python3.10/site-packages/gymnasium/envs/registration.py:694: UserWarning: [33mWARN: Overriding environment BabyAI-KeyCorridor-v0 already in registry.[0m
  logger.warn(f"Overriding environment {new_spec.id} already in registry.")
/home/sabrina/Documents/experiments/RL_for_pRNN/.venv/lib/python3.10/site-packages/gymnasium/envs/registration.py:694: UserWarning: [33mWARN: Overriding environment BabyAI-KeyCorridorS3R1-v0 already in registry.[0m
  logger.warn(f"Overriding environment {new_spec.id} already in registry.")
/home/sabrina/Documents/experiments/RL_for_pRNN/.venv/lib/python3.10/site-packages/gymnasium/envs/registration.py:694: UserWarning: [33mWARN: Overriding environment BabyAI-KeyCorridorS3R2-v0 already in registry.[0m
  logger.warn(f"Overriding environment {new_spec.id} already in registry.")
/home/sabrina/Documents/experiments/RL_for_pRNN/.venv/lib/python3.10/site-packages/gymnasium/envs/registration.py:694: UserWarning: [33mWARN: Overriding environment BabyAI-KeyCorridorS3R3-v0 already in registry.[0m
  logger.warn(f"Overriding environment {new_spec.id} already in registry.")
/home/sabrina/Documents/experiments/RL_for_pRNN/.venv/lib/python3.10/site-packages/gymnasium/envs/registration.py:694: UserWarning: [33mWARN: Overriding environment BabyAI-KeyCorridorS4R3-v0 already in registry.[0m
  logger.warn(f"Overriding environment {new_spec.id} already in registry.")
/home/sabrina/Documents/experiments/RL_for_pRNN/.venv/lib/python3.10/site-packages/gymnasium/envs/registration.py:694: UserWarning: [33mWARN: Overriding environment BabyAI-KeyCorridorS5R3-v0 already in registry.[0m
  logger.warn(f"Overriding environment {new_spec.id} already in registry.")
/home/sabrina/Documents/experiments/RL_for_pRNN/.venv/lib/python3.10/site-packages/gymnasium/envs/registration.py:694: UserWarning: [33mWARN: Overriding environment BabyAI-KeyCorridorS6R3-v0 already in registry.[0m
  logger.warn(f"Overriding environment {new_spec.id} already in registry.")
/home/sabrina/Documents/experiments/RL_for_pRNN/.venv/lib/python3.10/site-packages/gymnasium/envs/registration.py:694: UserWarning: [33mWARN: Overriding environment BabyAI-OneRoomS8-v0 already in registry.[0m
  logger.warn(f"Overriding environment {new_spec.id} already in registry.")
/home/sabrina/Documents/experiments/RL_for_pRNN/.venv/lib/python3.10/site-packages/gymnasium/envs/registration.py:694: UserWarning: [33mWARN: Overriding environment BabyAI-OneRoomS12-v0 already in registry.[0m
  logger.warn(f"Overriding environment {new_spec.id} already in registry.")
/home/sabrina/Documents/experiments/RL_for_pRNN/.venv/lib/python3.10/site-packages/gymnasium/envs/registration.py:694: UserWarning: [33mWARN: Overriding environment BabyAI-OneRoomS16-v0 already in registry.[0m
  logger.warn(f"Overriding environment {new_spec.id} already in registry.")
/home/sabrina/Documents/experiments/RL_for_pRNN/.venv/lib/python3.10/site-packages/gymnasium/envs/registration.py:694: UserWarning: [33mWARN: Overriding environment BabyAI-OneRoomS20-v0 already in registry.[0m
  logger.warn(f"Overriding environment {new_spec.id} already in registry.")
/home/sabrina/Documents/experiments/RL_for_pRNN/.venv/lib/python3.10/site-packages/gymnasium/envs/registration.py:694: UserWarning: [33mWARN: Overriding environment BabyAI-MoveTwoAcrossS5N2-v0 already in registry.[0m
  logger.warn(f"Overriding environment {new_spec.id} already in registry.")
/home/sabrina/Documents/experiments/RL_for_pRNN/.venv/lib/python3.10/site-packages/gymnasium/envs/registration.py:694: UserWarning: [33mWARN: Overriding environment BabyAI-MoveTwoAcrossS8N9-v0 already in registry.[0m
  logger.warn(f"Overriding environment {new_spec.id} already in registry.")
/home/sabrina/Documents/experiments/RL_for_pRNN/.venv/lib/python3.10/site-packages/gymnasium/envs/registration.py:694: UserWarning: [33mWARN: Overriding environment BabyAI-Synth-v0 already in registry.[0m
  logger.warn(f"Overriding environment {new_spec.id} already in registry.")
/home/sabrina/Documents/experiments/RL_for_pRNN/.venv/lib/python3.10/site-packages/gymnasium/envs/registration.py:694: UserWarning: [33mWARN: Overriding environment BabyAI-SynthS5R2-v0 already in registry.[0m
  logger.warn(f"Overriding environment {new_spec.id} already in registry.")
/home/sabrina/Documents/experiments/RL_for_pRNN/.venv/lib/python3.10/site-packages/gymnasium/envs/registration.py:694: UserWarning: [33mWARN: Overriding environment BabyAI-SynthLoc-v0 already in registry.[0m
  logger.warn(f"Overriding environment {new_spec.id} already in registry.")
/home/sabrina/Documents/experiments/RL_for_pRNN/.venv/lib/python3.10/site-packages/gymnasium/envs/registration.py:694: UserWarning: [33mWARN: Overriding environment BabyAI-SynthSeq-v0 already in registry.[0m
  logger.warn(f"Overriding environment {new_spec.id} already in registry.")
/home/sabrina/Documents/experiments/RL_for_pRNN/.venv/lib/python3.10/site-packages/gymnasium/envs/registration.py:694: UserWarning: [33mWARN: Overriding environment BabyAI-MiniBossLevel-v0 already in registry.[0m
  logger.warn(f"Overriding environment {new_spec.id} already in registry.")
/home/sabrina/Documents/experiments/RL_for_pRNN/.venv/lib/python3.10/site-packages/gymnasium/envs/registration.py:694: UserWarning: [33mWARN: Overriding environment BabyAI-BossLevel-v0 already in registry.[0m
  logger.warn(f"Overriding environment {new_spec.id} already in registry.")
/home/sabrina/Documents/experiments/RL_for_pRNN/.venv/lib/python3.10/site-packages/gymnasium/envs/registration.py:694: UserWarning: [33mWARN: Overriding environment BabyAI-BossLevelNoUnlock-v0 already in registry.[0m
  logger.warn(f"Overriding environment {new_spec.id} already in registry.")
/home/sabrina/Documents/experiments/RL_for_pRNN/.venv/lib/python3.10/site-packages/gymnasium/envs/registration.py:694: UserWarning: [33mWARN: Overriding environment MiniGrid-LRoom-v0 already in registry.[0m
  logger.warn(f"Overriding environment {new_spec.id} already in registry.")
/home/sabrina/Documents/experiments/RL_for_pRNN/.venv/lib/python3.10/site-packages/gymnasium/envs/registration.py:694: UserWarning: [33mWARN: Overriding environment MiniGrid-LRoom_LineGreen-v0 already in registry.[0m
  logger.warn(f"Overriding environment {new_spec.id} already in registry.")
/home/sabrina/Documents/experiments/RL_for_pRNN/.venv/lib/python3.10/site-packages/gymnasium/envs/registration.py:694: UserWarning: [33mWARN: Overriding environment MiniGrid-LRoom_Goal-v0 already in registry.[0m
  logger.warn(f"Overriding environment {new_spec.id} already in registry.")
/home/sabrina/Documents/experiments/RL_for_pRNN/.venv/lib/python3.10/site-packages/gymnasium/envs/registration.py:694: UserWarning: [33mWARN: Overriding environment MiniGrid-LRoom-SmallObj-v0 already in registry.[0m
  logger.warn(f"Overriding environment {new_spec.id} already in registry.")
/home/sabrina/Documents/experiments/RL_for_pRNN/.venv/lib/python3.10/site-packages/gymnasium/envs/registration.py:694: UserWarning: [33mWARN: Overriding environment MiniGrid-LRoom-Multi-v0 already in registry.[0m
  logger.warn(f"Overriding environment {new_spec.id} already in registry.")
/home/sabrina/Documents/experiments/RL_for_pRNN/.venv/lib/python3.10/site-packages/gymnasium/envs/registration.py:694: UserWarning: [33mWARN: Overriding environment MiniGrid-SquareRoom-v0 already in registry.[0m
  logger.warn(f"Overriding environment {new_spec.id} already in registry.")
/home/sabrina/Documents/experiments/RL_for_pRNN/.venv/lib/python3.10/site-packages/gymnasium/envs/registration.py:694: UserWarning: [33mWARN: Overriding environment MiniGrid-SquareRoom-Multi-v0 already in registry.[0m
  logger.warn(f"Overriding environment {new_spec.id} already in registry.")
/home/sabrina/Documents/experiments/RL_for_pRNN/.venv/lib/python3.10/site-packages/pynapple/process/tuning_curves.py:378: RuntimeWarning: invalid value encountered in divide
  fxfr = fx / fr
/home/sabrina/Documents/experiments/RL_for_pRNN/.venv/lib/python3.10/site-packages/pynapple/process/tuning_curves.py:389: RuntimeWarning: invalid value encountered in divide
  SI = SI / fr[:, 0, 0]
/home/sabrina/Documents/experiments/RL_for_pRNN/.venv/lib/python3.10/site-packages/pynapple/process/tuning_curves.py:378: RuntimeWarning: invalid value encountered in divide
  fxfr = fx / fr
/home/sabrina/Documents/experiments/RL_for_pRNN/.venv/lib/python3.10/site-packages/pynapple/process/tuning_curves.py:389: RuntimeWarning: invalid value encountered in divide
  SI = SI / fr[:, 0, 0]
/home/sabrina/Documents/experiments/RL_for_pRNN/.venv/lib/python3.10/site-packages/pynapple/process/tuning_curves.py:378: RuntimeWarning: invalid value encountered in divide
  fxfr = fx / fr
/home/sabrina/Documents/experiments/RL_for_pRNN/.venv/lib/python3.10/site-packages/pynapple/process/tuning_curves.py:389: RuntimeWarning: invalid value encountered in divide
  SI = SI / fr[:, 0, 0]
/home/sabrina/Documents/experiments/RL_for_pRNN/.venv/lib/python3.10/site-packages/pynapple/process/tuning_curves.py:378: RuntimeWarning: invalid value encountered in divide
  fxfr = fx / fr
/home/sabrina/Documents/experiments/RL_for_pRNN/.venv/lib/python3.10/site-packages/pynapple/process/tuning_curves.py:389: RuntimeWarning: invalid value encountered in divide
  SI = SI / fr[:, 0, 0]
/home/sabrina/Documents/experiments/RL_for_pRNN/.venv/lib/python3.10/site-packages/pynapple/process/tuning_curves.py:378: RuntimeWarning: invalid value encountered in divide
  fxfr = fx / fr
/home/sabrina/Documents/experiments/RL_for_pRNN/.venv/lib/python3.10/site-packages/pynapple/process/tuning_curves.py:389: RuntimeWarning: invalid value encountered in divide
  SI = SI / fr[:, 0, 0]
/home/sabrina/Documents/experiments/RL_for_pRNN/.venv/lib/python3.10/site-packages/pynapple/process/tuning_curves.py:378: RuntimeWarning: invalid value encountered in divide
  fxfr = fx / fr
/home/sabrina/Documents/experiments/RL_for_pRNN/.venv/lib/python3.10/site-packages/pynapple/process/tuning_curves.py:389: RuntimeWarning: invalid value encountered in divide
  SI = SI / fr[:, 0, 0]
/home/sabrina/Documents/experiments/RL_for_pRNN/.venv/lib/python3.10/site-packages/pynapple/process/tuning_curves.py:378: RuntimeWarning: invalid value encountered in divide
  fxfr = fx / fr
/home/sabrina/Documents/experiments/RL_for_pRNN/.venv/lib/python3.10/site-packages/pynapple/process/tuning_curves.py:389: RuntimeWarning: invalid value encountered in divide
  SI = SI / fr[:, 0, 0]
/home/sabrina/Documents/experiments/RL_for_pRNN/.venv/lib/python3.10/site-packages/pynapple/process/tuning_curves.py:378: RuntimeWarning: invalid value encountered in divide
  fxfr = fx / fr
/home/sabrina/Documents/experiments/RL_for_pRNN/.venv/lib/python3.10/site-packages/pynapple/process/tuning_curves.py:389: RuntimeWarning: invalid value encountered in divide
  SI = SI / fr[:, 0, 0]
/home/sabrina/Documents/experiments/RL_for_pRNN/.venv/lib/python3.10/site-packages/pynapple/process/tuning_curves.py:378: RuntimeWarning: invalid value encountered in divide
  fxfr = fx / fr
/home/sabrina/Documents/experiments/RL_for_pRNN/.venv/lib/python3.10/site-packages/pynapple/process/tuning_curves.py:389: RuntimeWarning: invalid value encountered in divide
  SI = SI / fr[:, 0, 0]
/home/sabrina/Documents/experiments/RL_for_pRNN/.venv/lib/python3.10/site-packages/pynapple/process/tuning_curves.py:378: RuntimeWarning: invalid value encountered in divide
  fxfr = fx / fr
/home/sabrina/Documents/experiments/RL_for_pRNN/.venv/lib/python3.10/site-packages/pynapple/process/tuning_curves.py:389: RuntimeWarning: invalid value encountered in divide
  SI = SI / fr[:, 0, 0]
/home/sabrina/Documents/experiments/RL_for_pRNN/.venv/lib/python3.10/site-packages/pynapple/process/tuning_curves.py:378: RuntimeWarning: invalid value encountered in divide
  fxfr = fx / fr
/home/sabrina/Documents/experiments/RL_for_pRNN/.venv/lib/python3.10/site-packages/pynapple/process/tuning_curves.py:389: RuntimeWarning: invalid value encountered in divide
  SI = SI / fr[:, 0, 0]
/home/sabrina/Documents/experiments/RL_for_pRNN/.venv/lib/python3.10/site-packages/pynapple/process/tuning_curves.py:378: RuntimeWarning: invalid value encountered in divide
  fxfr = fx / fr
/home/sabrina/Documents/experiments/RL_for_pRNN/.venv/lib/python3.10/site-packages/pynapple/process/tuning_curves.py:389: RuntimeWarning: invalid value encountered in divide
  SI = SI / fr[:, 0, 0]
/home/sabrina/Documents/experiments/RL_for_pRNN/.venv/lib/python3.10/site-packages/pynapple/process/tuning_curves.py:378: RuntimeWarning: invalid value encountered in divide
  fxfr = fx / fr
/home/sabrina/Documents/experiments/RL_for_pRNN/.venv/lib/python3.10/site-packages/pynapple/process/tuning_curves.py:389: RuntimeWarning: invalid value encountered in divide
  SI = SI / fr[:, 0, 0]
/home/sabrina/Documents/experiments/RL_for_pRNN/.venv/lib/python3.10/site-packages/pynapple/process/tuning_curves.py:378: RuntimeWarning: invalid value encountered in divide
  fxfr = fx / fr
/home/sabrina/Documents/experiments/RL_for_pRNN/.venv/lib/python3.10/site-packages/pynapple/process/tuning_curves.py:389: RuntimeWarning: invalid value encountered in divide
  SI = SI / fr[:, 0, 0]
/home/sabrina/Documents/experiments/RL_for_pRNN/.venv/lib/python3.10/site-packages/pynapple/process/tuning_curves.py:378: RuntimeWarning: invalid value encountered in divide
  fxfr = fx / fr
/home/sabrina/Documents/experiments/RL_for_pRNN/.venv/lib/python3.10/site-packages/pynapple/process/tuning_curves.py:389: RuntimeWarning: invalid value encountered in divide
  SI = SI / fr[:, 0, 0]
/home/sabrina/Documents/experiments/RL_for_pRNN/.venv/lib/python3.10/site-packages/pynapple/process/tuning_curves.py:378: RuntimeWarning: invalid value encountered in divide
  fxfr = fx / fr
/home/sabrina/Documents/experiments/RL_for_pRNN/.venv/lib/python3.10/site-packages/pynapple/process/tuning_curves.py:389: RuntimeWarning: invalid value encountered in divide
  SI = SI / fr[:, 0, 0]
/home/sabrina/Documents/experiments/RL_for_pRNN/.venv/lib/python3.10/site-packages/pynapple/process/tuning_curves.py:378: RuntimeWarning: invalid value encountered in divide
  fxfr = fx / fr
/home/sabrina/Documents/experiments/RL_for_pRNN/.venv/lib/python3.10/site-packages/pynapple/process/tuning_curves.py:389: RuntimeWarning: invalid value encountered in divide
  SI = SI / fr[:, 0, 0]
/home/sabrina/Documents/experiments/RL_for_pRNN/.venv/lib/python3.10/site-packages/pynapple/process/tuning_curves.py:378: RuntimeWarning: invalid value encountered in divide
  fxfr = fx / fr
/home/sabrina/Documents/experiments/RL_for_pRNN/.venv/lib/python3.10/site-packages/pynapple/process/tuning_curves.py:389: RuntimeWarning: invalid value encountered in divide
  SI = SI / fr[:, 0, 0]
/home/sabrina/Documents/experiments/RL_for_pRNN/.venv/lib/python3.10/site-packages/pynapple/process/tuning_curves.py:378: RuntimeWarning: invalid value encountered in divide
  fxfr = fx / fr
/home/sabrina/Documents/experiments/RL_for_pRNN/.venv/lib/python3.10/site-packages/pynapple/process/tuning_curves.py:389: RuntimeWarning: invalid value encountered in divide
  SI = SI / fr[:, 0, 0]
/home/sabrina/Documents/experiments/RL_for_pRNN/.venv/lib/python3.10/site-packages/pynapple/process/tuning_curves.py:378: RuntimeWarning: invalid value encountered in divide
  fxfr = fx / fr
/home/sabrina/Documents/experiments/RL_for_pRNN/.venv/lib/python3.10/site-packages/pynapple/process/tuning_curves.py:389: RuntimeWarning: invalid value encountered in divide
  SI = SI / fr[:, 0, 0]
/home/sabrina/Documents/experiments/RL_for_pRNN/.venv/lib/python3.10/site-packages/pynapple/process/tuning_curves.py:378: RuntimeWarning: invalid value encountered in divide
  fxfr = fx / fr
/home/sabrina/Documents/experiments/RL_for_pRNN/.venv/lib/python3.10/site-packages/pynapple/process/tuning_curves.py:389: RuntimeWarning: invalid value encountered in divide
  SI = SI / fr[:, 0, 0]
/home/sabrina/Documents/experiments/RL_for_pRNN/.venv/lib/python3.10/site-packages/pynapple/process/tuning_curves.py:378: RuntimeWarning: invalid value encountered in divide
  fxfr = fx / fr
/home/sabrina/Documents/experiments/RL_for_pRNN/.venv/lib/python3.10/site-packages/pynapple/process/tuning_curves.py:389: RuntimeWarning: invalid value encountered in divide
  SI = SI / fr[:, 0, 0]
/home/sabrina/Documents/experiments/RL_for_pRNN/.venv/lib/python3.10/site-packages/pynapple/process/tuning_curves.py:378: RuntimeWarning: invalid value encountered in divide
  fxfr = fx / fr
/home/sabrina/Documents/experiments/RL_for_pRNN/.venv/lib/python3.10/site-packages/pynapple/process/tuning_curves.py:389: RuntimeWarning: invalid value encountered in divide
  SI = SI / fr[:, 0, 0]
/home/sabrina/Documents/experiments/RL_for_pRNN/.venv/lib/python3.10/site-packages/pynapple/process/tuning_curves.py:378: RuntimeWarning: invalid value encountered in divide
  fxfr = fx / fr
/home/sabrina/Documents/experiments/RL_for_pRNN/.venv/lib/python3.10/site-packages/pynapple/process/tuning_curves.py:389: RuntimeWarning: invalid value encountered in divide
  SI = SI / fr[:, 0, 0]
/home/sabrina/Documents/experiments/RL_for_pRNN/.venv/lib/python3.10/site-packages/pynapple/process/tuning_curves.py:378: RuntimeWarning: invalid value encountered in divide
  fxfr = fx / fr
/home/sabrina/Documents/experiments/RL_for_pRNN/.venv/lib/python3.10/site-packages/pynapple/process/tuning_curves.py:389: RuntimeWarning: invalid value encountered in divide
  SI = SI / fr[:, 0, 0]
/home/sabrina/Documents/experiments/RL_for_pRNN/.venv/lib/python3.10/site-packages/pynapple/process/tuning_curves.py:378: RuntimeWarning: invalid value encountered in divide
  fxfr = fx / fr
/home/sabrina/Documents/experiments/RL_for_pRNN/.venv/lib/python3.10/site-packages/pynapple/process/tuning_curves.py:389: RuntimeWarning: invalid value encountered in divide
  SI = SI / fr[:, 0, 0]
/home/sabrina/Documents/experiments/RL_for_pRNN/.venv/lib/python3.10/site-packages/pynapple/process/tuning_curves.py:378: RuntimeWarning: invalid value encountered in divide
  fxfr = fx / fr
/home/sabrina/Documents/experiments/RL_for_pRNN/.venv/lib/python3.10/site-packages/pynapple/process/tuning_curves.py:389: RuntimeWarning: invalid value encountered in divide
  SI = SI / fr[:, 0, 0]
/home/sabrina/Documents/experiments/RL_for_pRNN/.venv/lib/python3.10/site-packages/pynapple/process/tuning_curves.py:378: RuntimeWarning: invalid value encountered in divide
  fxfr = fx / fr
/home/sabrina/Documents/experiments/RL_for_pRNN/.venv/lib/python3.10/site-packages/pynapple/process/tuning_curves.py:389: RuntimeWarning: invalid value encountered in divide
  SI = SI / fr[:, 0, 0]
/home/sabrina/Documents/experiments/RL_for_pRNN/.venv/lib/python3.10/site-packages/pynapple/process/tuning_curves.py:378: RuntimeWarning: invalid value encountered in divide
  fxfr = fx / fr
/home/sabrina/Documents/experiments/RL_for_pRNN/.venv/lib/python3.10/site-packages/pynapple/process/tuning_curves.py:389: RuntimeWarning: invalid value encountered in divide
  SI = SI / fr[:, 0, 0]
/home/sabrina/Documents/experiments/RL_for_pRNN/.venv/lib/python3.10/site-packages/pynapple/process/tuning_curves.py:378: RuntimeWarning: invalid value encountered in divide
  fxfr = fx / fr
/home/sabrina/Documents/experiments/RL_for_pRNN/.venv/lib/python3.10/site-packages/pynapple/process/tuning_curves.py:389: RuntimeWarning: invalid value encountered in divide
  SI = SI / fr[:, 0, 0]
/home/sabrina/Documents/experiments/RL_for_pRNN/.venv/lib/python3.10/site-packages/pynapple/process/tuning_curves.py:378: RuntimeWarning: invalid value encountered in divide
  fxfr = fx / fr
/home/sabrina/Documents/experiments/RL_for_pRNN/.venv/lib/python3.10/site-packages/pynapple/process/tuning_curves.py:389: RuntimeWarning: invalid value encountered in divide
  SI = SI / fr[:, 0, 0]
/home/sabrina/Documents/experiments/RL_for_pRNN/.venv/lib/python3.10/site-packages/pynapple/process/tuning_curves.py:378: RuntimeWarning: invalid value encountered in divide
  fxfr = fx / fr
/home/sabrina/Documents/experiments/RL_for_pRNN/.venv/lib/python3.10/site-packages/pynapple/process/tuning_curves.py:389: RuntimeWarning: invalid value encountered in divide
  SI = SI / fr[:, 0, 0]
/home/sabrina/Documents/experiments/RL_for_pRNN/.venv/lib/python3.10/site-packages/pynapple/process/tuning_curves.py:378: RuntimeWarning: invalid value encountered in divide
  fxfr = fx / fr
/home/sabrina/Documents/experiments/RL_for_pRNN/.venv/lib/python3.10/site-packages/pynapple/process/tuning_curves.py:389: RuntimeWarning: invalid value encountered in divide
  SI = SI / fr[:, 0, 0]
/home/sabrina/Documents/experiments/RL_for_pRNN/.venv/lib/python3.10/site-packages/pynapple/process/tuning_curves.py:378: RuntimeWarning: invalid value encountered in divide
  fxfr = fx / fr
/home/sabrina/Documents/experiments/RL_for_pRNN/.venv/lib/python3.10/site-packages/pynapple/process/tuning_curves.py:389: RuntimeWarning: invalid value encountered in divide
  SI = SI / fr[:, 0, 0]
/home/sabrina/Documents/experiments/RL_for_pRNN/.venv/lib/python3.10/site-packages/pynapple/process/tuning_curves.py:378: RuntimeWarning: invalid value encountered in divide
  fxfr = fx / fr
/home/sabrina/Documents/experiments/RL_for_pRNN/.venv/lib/python3.10/site-packages/pynapple/process/tuning_curves.py:389: RuntimeWarning: invalid value encountered in divide
  SI = SI / fr[:, 0, 0]
/home/sabrina/Documents/experiments/RL_for_pRNN/.venv/lib/python3.10/site-packages/pynapple/process/tuning_curves.py:378: RuntimeWarning: invalid value encountered in divide
  fxfr = fx / fr
/home/sabrina/Documents/experiments/RL_for_pRNN/.venv/lib/python3.10/site-packages/pynapple/process/tuning_curves.py:389: RuntimeWarning: invalid value encountered in divide
  SI = SI / fr[:, 0, 0]
/home/sabrina/Documents/experiments/RL_for_pRNN/.venv/lib/python3.10/site-packages/pynapple/process/tuning_curves.py:378: RuntimeWarning: invalid value encountered in divide
  fxfr = fx / fr
/home/sabrina/Documents/experiments/RL_for_pRNN/.venv/lib/python3.10/site-packages/pynapple/process/tuning_curves.py:389: RuntimeWarning: invalid value encountered in divide
  SI = SI / fr[:, 0, 0]
/home/sabrina/Documents/experiments/RL_for_pRNN/.venv/lib/python3.10/site-packages/pynapple/process/tuning_curves.py:378: RuntimeWarning: invalid value encountered in divide
  fxfr = fx / fr
/home/sabrina/Documents/experiments/RL_for_pRNN/.venv/lib/python3.10/site-packages/pynapple/process/tuning_curves.py:389: RuntimeWarning: invalid value encountered in divide
  SI = SI / fr[:, 0, 0]
/home/sabrina/Documents/experiments/RL_for_pRNN/.venv/lib/python3.10/site-packages/pynapple/process/tuning_curves.py:378: RuntimeWarning: invalid value encountered in divide
  fxfr = fx / fr
/home/sabrina/Documents/experiments/RL_for_pRNN/.venv/lib/python3.10/site-packages/pynapple/process/tuning_curves.py:389: RuntimeWarning: invalid value encountered in divide
  SI = SI / fr[:, 0, 0]
/home/sabrina/Documents/experiments/RL_for_pRNN/.venv/lib/python3.10/site-packages/pynapple/process/tuning_curves.py:378: RuntimeWarning: invalid value encountered in divide
  fxfr = fx / fr
/home/sabrina/Documents/experiments/RL_for_pRNN/.venv/lib/python3.10/site-packages/pynapple/process/tuning_curves.py:389: RuntimeWarning: invalid value encountered in divide
  SI = SI / fr[:, 0, 0]
/home/sabrina/Documents/experiments/RL_for_pRNN/.venv/lib/python3.10/site-packages/pynapple/process/tuning_curves.py:378: RuntimeWarning: invalid value encountered in divide
  fxfr = fx / fr
/home/sabrina/Documents/experiments/RL_for_pRNN/.venv/lib/python3.10/site-packages/pynapple/process/tuning_curves.py:389: RuntimeWarning: invalid value encountered in divide
  SI = SI / fr[:, 0, 0]
/home/sabrina/Documents/experiments/RL_for_pRNN/.venv/lib/python3.10/site-packages/pynapple/process/tuning_curves.py:378: RuntimeWarning: invalid value encountered in divide
  fxfr = fx / fr
/home/sabrina/Documents/experiments/RL_for_pRNN/.venv/lib/python3.10/site-packages/pynapple/process/tuning_curves.py:389: RuntimeWarning: invalid value encountered in divide
  SI = SI / fr[:, 0, 0]
/home/sabrina/Documents/experiments/RL_for_pRNN/.venv/lib/python3.10/site-packages/pynapple/process/tuning_curves.py:378: RuntimeWarning: invalid value encountered in divide
  fxfr = fx / fr
/home/sabrina/Documents/experiments/RL_for_pRNN/.venv/lib/python3.10/site-packages/pynapple/process/tuning_curves.py:389: RuntimeWarning: invalid value encountered in divide
  SI = SI / fr[:, 0, 0]
/home/sabrina/Documents/experiments/RL_for_pRNN/.venv/lib/python3.10/site-packages/pynapple/process/tuning_curves.py:378: RuntimeWarning: invalid value encountered in divide
  fxfr = fx / fr
/home/sabrina/Documents/experiments/RL_for_pRNN/.venv/lib/python3.10/site-packages/pynapple/process/tuning_curves.py:389: RuntimeWarning: invalid value encountered in divide
  SI = SI / fr[:, 0, 0]
/home/sabrina/Documents/experiments/RL_for_pRNN/.venv/lib/python3.10/site-packages/pynapple/process/tuning_curves.py:378: RuntimeWarning: invalid value encountered in divide
  fxfr = fx / fr
/home/sabrina/Documents/experiments/RL_for_pRNN/.venv/lib/python3.10/site-packages/pynapple/process/tuning_curves.py:389: RuntimeWarning: invalid value encountered in divide
  SI = SI / fr[:, 0, 0]
/home/sabrina/Documents/experiments/RL_for_pRNN/.venv/lib/python3.10/site-packages/pynapple/process/tuning_curves.py:378: RuntimeWarning: invalid value encountered in divide
  fxfr = fx / fr
/home/sabrina/Documents/experiments/RL_for_pRNN/.venv/lib/python3.10/site-packages/pynapple/process/tuning_curves.py:389: RuntimeWarning: invalid value encountered in divide
  SI = SI / fr[:, 0, 0]
/home/sabrina/Documents/experiments/RL_for_pRNN/.venv/lib/python3.10/site-packages/pynapple/process/tuning_curves.py:378: RuntimeWarning: invalid value encountered in divide
  fxfr = fx / fr
/home/sabrina/Documents/experiments/RL_for_pRNN/.venv/lib/python3.10/site-packages/pynapple/process/tuning_curves.py:389: RuntimeWarning: invalid value encountered in divide
  SI = SI / fr[:, 0, 0]
/home/sabrina/Documents/experiments/RL_for_pRNN/.venv/lib/python3.10/site-packages/pynapple/process/tuning_curves.py:378: RuntimeWarning: invalid value encountered in divide
  fxfr = fx / fr
/home/sabrina/Documents/experiments/RL_for_pRNN/.venv/lib/python3.10/site-packages/pynapple/process/tuning_curves.py:389: RuntimeWarning: invalid value encountered in divide
  SI = SI / fr[:, 0, 0]
/home/sabrina/Documents/experiments/RL_for_pRNN/.venv/lib/python3.10/site-packages/pynapple/process/tuning_curves.py:378: RuntimeWarning: invalid value encountered in divide
  fxfr = fx / fr
/home/sabrina/Documents/experiments/RL_for_pRNN/.venv/lib/python3.10/site-packages/pynapple/process/tuning_curves.py:389: RuntimeWarning: invalid value encountered in divide
  SI = SI / fr[:, 0, 0]
/home/sabrina/Documents/experiments/RL_for_pRNN/.venv/lib/python3.10/site-packages/pynapple/process/tuning_curves.py:378: RuntimeWarning: invalid value encountered in divide
  fxfr = fx / fr
/home/sabrina/Documents/experiments/RL_for_pRNN/.venv/lib/python3.10/site-packages/pynapple/process/tuning_curves.py:389: RuntimeWarning: invalid value encountered in divide
  SI = SI / fr[:, 0, 0]
/home/sabrina/Documents/experiments/RL_for_pRNN/.venv/lib/python3.10/site-packages/pynapple/process/tuning_curves.py:378: RuntimeWarning: invalid value encountered in divide
  fxfr = fx / fr
/home/sabrina/Documents/experiments/RL_for_pRNN/.venv/lib/python3.10/site-packages/pynapple/process/tuning_curves.py:389: RuntimeWarning: invalid value encountered in divide
  SI = SI / fr[:, 0, 0]
/home/sabrina/Documents/experiments/RL_for_pRNN/.venv/lib/python3.10/site-packages/pynapple/process/tuning_curves.py:378: RuntimeWarning: invalid value encountered in divide
  fxfr = fx / fr
/home/sabrina/Documents/experiments/RL_for_pRNN/.venv/lib/python3.10/site-packages/pynapple/process/tuning_curves.py:389: RuntimeWarning: invalid value encountered in divide
  SI = SI / fr[:, 0, 0]
/home/sabrina/Documents/experiments/RL_for_pRNN/.venv/lib/python3.10/site-packages/pynapple/process/tuning_curves.py:378: RuntimeWarning: invalid value encountered in divide
  fxfr = fx / fr
/home/sabrina/Documents/experiments/RL_for_pRNN/.venv/lib/python3.10/site-packages/pynapple/process/tuning_curves.py:389: RuntimeWarning: invalid value encountered in divide
  SI = SI / fr[:, 0, 0]
/home/sabrina/Documents/experiments/RL_for_pRNN/.venv/lib/python3.10/site-packages/pynapple/process/tuning_curves.py:378: RuntimeWarning: invalid value encountered in divide
  fxfr = fx / fr
/home/sabrina/Documents/experiments/RL_for_pRNN/.venv/lib/python3.10/site-packages/pynapple/process/tuning_curves.py:389: RuntimeWarning: invalid value encountered in divide
  SI = SI / fr[:, 0, 0]
/home/sabrina/Documents/experiments/RL_for_pRNN/.venv/lib/python3.10/site-packages/pynapple/process/tuning_curves.py:378: RuntimeWarning: invalid value encountered in divide
  fxfr = fx / fr
/home/sabrina/Documents/experiments/RL_for_pRNN/.venv/lib/python3.10/site-packages/pynapple/process/tuning_curves.py:389: RuntimeWarning: invalid value encountered in divide
  SI = SI / fr[:, 0, 0]
/home/sabrina/Documents/experiments/RL_for_pRNN/.venv/lib/python3.10/site-packages/pynapple/process/tuning_curves.py:378: RuntimeWarning: invalid value encountered in divide
  fxfr = fx / fr
/home/sabrina/Documents/experiments/RL_for_pRNN/.venv/lib/python3.10/site-packages/pynapple/process/tuning_curves.py:389: RuntimeWarning: invalid value encountered in divide
  SI = SI / fr[:, 0, 0]
/home/sabrina/Documents/experiments/RL_for_pRNN/.venv/lib/python3.10/site-packages/pynapple/process/tuning_curves.py:378: RuntimeWarning: invalid value encountered in divide
  fxfr = fx / fr
/home/sabrina/Documents/experiments/RL_for_pRNN/.venv/lib/python3.10/site-packages/pynapple/process/tuning_curves.py:389: RuntimeWarning: invalid value encountered in divide
  SI = SI / fr[:, 0, 0]
/home/sabrina/Documents/experiments/RL_for_pRNN/.venv/lib/python3.10/site-packages/pynapple/process/tuning_curves.py:378: RuntimeWarning: invalid value encountered in divide
  fxfr = fx / fr
/home/sabrina/Documents/experiments/RL_for_pRNN/.venv/lib/python3.10/site-packages/pynapple/process/tuning_curves.py:389: RuntimeWarning: invalid value encountered in divide
  SI = SI / fr[:, 0, 0]
/home/sabrina/Documents/experiments/RL_for_pRNN/.venv/lib/python3.10/site-packages/pynapple/process/tuning_curves.py:378: RuntimeWarning: invalid value encountered in divide
  fxfr = fx / fr
/home/sabrina/Documents/experiments/RL_for_pRNN/.venv/lib/python3.10/site-packages/pynapple/process/tuning_curves.py:389: RuntimeWarning: invalid value encountered in divide
  SI = SI / fr[:, 0, 0]
/home/sabrina/Documents/experiments/RL_for_pRNN/.venv/lib/python3.10/site-packages/pynapple/process/tuning_curves.py:378: RuntimeWarning: invalid value encountered in divide
  fxfr = fx / fr
/home/sabrina/Documents/experiments/RL_for_pRNN/.venv/lib/python3.10/site-packages/pynapple/process/tuning_curves.py:389: RuntimeWarning: invalid value encountered in divide
  SI = SI / fr[:, 0, 0]
/home/sabrina/Documents/experiments/RL_for_pRNN/.venv/lib/python3.10/site-packages/pynapple/process/tuning_curves.py:378: RuntimeWarning: invalid value encountered in divide
  fxfr = fx / fr
/home/sabrina/Documents/experiments/RL_for_pRNN/.venv/lib/python3.10/site-packages/pynapple/process/tuning_curves.py:389: RuntimeWarning: invalid value encountered in divide
  SI = SI / fr[:, 0, 0]
/home/sabrina/Documents/experiments/RL_for_pRNN/.venv/lib/python3.10/site-packages/pynapple/process/tuning_curves.py:378: RuntimeWarning: invalid value encountered in divide
  fxfr = fx / fr
/home/sabrina/Documents/experiments/RL_for_pRNN/.venv/lib/python3.10/site-packages/pynapple/process/tuning_curves.py:389: RuntimeWarning: invalid value encountered in divide
  SI = SI / fr[:, 0, 0]
/home/sabrina/Documents/experiments/RL_for_pRNN/.venv/lib/python3.10/site-packages/pynapple/process/tuning_curves.py:378: RuntimeWarning: invalid value encountered in divide
  fxfr = fx / fr
/home/sabrina/Documents/experiments/RL_for_pRNN/.venv/lib/python3.10/site-packages/pynapple/process/tuning_curves.py:389: RuntimeWarning: invalid value encountered in divide
  SI = SI / fr[:, 0, 0]
config: outputs/fetched/mx-impassable-n8-s2-mixed-mse-off1_curious_26-09-11-00-07-34/provenance.json
10 checkpoints in MiniGrid-LRoom-Multi-v0 (base room MiniGrid-LRoom-v0), source=Selected(positions=(0, 1, 2, 3, 5, 6, 7, 8), impassable=True, keep_landmarks=('012', '012', '012', '12', '01', '0', '2', '-')): 8/8 rooms scored, 6 probe trajectories x 256 steps
    18934ed6  triangle3/blue@(5, 3)  plus/green@(3, 10)  block3/red@(12, 5)
    c6552dcb  triangle3/blue@(9, 5)  plus/green@(4, 12)  block3/red@(3, 5)
    a4bea8f9  triangle3/blue@(6, 4)  plus/green@(12, 6)  block3/red@(8, 12)
    0eb1f01d  plus/green@(6, 4)  block3/red@(12, 4)
    b18b85e9  triangle3/blue@(4, 12)  plus/green@(11, 3)
    49fb46c1  triangle3/blue@(8, 11)
    d271e2c3  block3/red@(4, 11)
    da39a3ee  
[load_pN] Completed loading. All tensors should now be on cpu
        step    loss@1893    loss@c655    loss@a4be    loss@0eb1    loss@b18b    loss@49fb    loss@d271    loss@da39  mean sRSA   pooled    remap   SWdist
[load_pN] Completed loading. All tensors should now be on cpu
   8,388,608     0.013384     0.015504     0.014651     0.010726     0.009959     0.009680     0.010053     0.007115     0.3869   0.4084  -0.0216   0.0360
[load_pN] Completed loading. All tensors should now be on cpu
  16,777,216     0.012369     0.014132     0.013000     0.009641     0.008977     0.008141     0.008769     0.006136     0.4066   0.4177  -0.0111   0.0263
[load_pN] Completed loading. All tensors should now be on cpu
  25,165,824     0.012465     0.013635     0.012145     0.009861     0.009405     0.008215     0.008852     0.006511     0.3973   0.3921  +0.0052   0.0265
[load_pN] Completed loading. All tensors should now be on cpu
  33,554,432     0.010978     0.012279     0.011280     0.008283     0.007696     0.006875     0.006978     0.005094     0.4723   0.4714  +0.0009   0.0328
[load_pN] Completed loading. All tensors should now be on cpu
  41,943,040     0.010167     0.011508     0.010800     0.007697     0.007313     0.006297     0.006487     0.004652     0.5450   0.5503  -0.0053   0.0305
[load_pN] Completed loading. All tensors should now be on cpu
  50,331,648     0.010186     0.011326     0.010666     0.007837     0.007399     0.006473     0.006351     0.004706     0.5626   0.5530  +0.0095   0.0273
[load_pN] Completed loading. All tensors should now be on cpu
  58,720,256     0.010049     0.010947     0.010584     0.007582     0.007279     0.006410     0.006285     0.004630     0.5885   0.5685  +0.0200   0.0239
[load_pN] Completed loading. All tensors should now be on cpu
  67,108,864     0.009592     0.010544     0.010191     0.007184     0.006863     0.006121     0.005898     0.004258     0.6366   0.6146  +0.0220   0.0211
[load_pN] Completed loading. All tensors should now be on cpu
  75,497,472     0.009312     0.010719     0.010466     0.006967     0.006594     0.005887     0.005716     0.004106     0.6684   0.6405  +0.0279   0.0230
[load_pN] Completed loading. All tensors should now be on cpu
  83,886,080     0.009621     0.010258     0.010734     0.007393     0.006993     0.005969     0.006131     0.004421     0.6408   0.6088  +0.0320   0.0684   (latest)

prediction loss 0.011384 -> 0.007690  (DECREASING)
wrote outputs/fetched/mx-impassable-n8-s2-mixed-mse-off1_curious_26-09-11-00-07-34/checkpoint_curve.json
